
 Start         Length     Name                   Class
 0001:00401000 000756B0H .text                   CODE
 0002:00477000 00000758H .itext                  ICODE
 0003:00478000 000020ECH .data                   DATA
 0004:0047B000 00007008H .bss                    BSS
 0005:00000000 00000000H .tls                    TLS


Detailed map of segments

 0001:00000000 00005AE9 C=CODE     S=.text    G=(none)   M=System   ACBP=A9
 0001:00005AEC 000001A2 C=CODE     S=.text    G=(none)   M=SysInit  ACBP=A9
 0001:00005C90 0000025C C=CODE     S=.text    G=(none)   M=Windows  ACBP=A9
 0001:00005EEC 0000007C C=CODE     S=.text    G=(none)   M=FastMM4Messages ACBP=A9
 0001:00005F68 00003D4C C=CODE     S=.text    G=(none)   M=FastMM4  ACBP=A9
 0001:00009CB4 00000318 C=CODE     S=.text    G=(none)   M=SysConst ACBP=A9
 0001:00009FCC 00007781 C=CODE     S=.text    G=(none)   M=SysUtils ACBP=A9
 0001:00011750 0000089A C=CODE     S=.text    G=(none)   M=VarUtils ACBP=A9
 0001:00011FEC 00007538 C=CODE     S=.text    G=(none)   M=Variants ACBP=A9
 0001:00019524 00000052 C=CODE     S=.text    G=(none)   M=ActiveX  ACBP=A9
 0001:00019578 00000098 C=CODE     S=.text    G=(none)   M=RTLConsts ACBP=A9
 0001:00019610 00001E13 C=CODE     S=.text    G=(none)   M=TypInfo  ACBP=A9
 0001:0001B424 0000425D C=CODE     S=.text    G=(none)   M=Classes  ACBP=A9
 0001:0001F684 00000020 C=CODE     S=.text    G=(none)   M=DBConsts ACBP=A9
 0001:0001F6A4 00000370 C=CODE     S=.text    G=(none)   M=DateUtils ACBP=A9
 0001:0001FA14 000011F6 C=CODE     S=.text    G=(none)   M=SqlTimSt ACBP=A9
 0001:00020C0C 0000008A C=CODE     S=.text    G=(none)   M=WideStrUtils ACBP=A9
 0001:00020C98 00000066 C=CODE     S=.text    G=(none)   M=WideStrings ACBP=A9
 0001:00020D00 00004C56 C=CODE     S=.text    G=(none)   M=FMTBcd   ACBP=A9
 0001:00025958 00000020 C=CODE     S=.text    G=(none)   M=ComConst ACBP=A9
 0001:00025978 00000F83 C=CODE     S=.text    G=(none)   M=ComObj   ACBP=A9
 0001:000268FC 000004F5 C=CODE     S=.text    G=(none)   M=DB       ACBP=A9
 0001:00026DF4 0000004E C=CODE     S=.text    G=(none)   M=DSIntf   ACBP=A9
 0001:00026E44 000001AE C=CODE     S=.text    G=(none)   M=DBXpress ACBP=A9
 0001:00026FF4 000007F3 C=CODE     S=.text    G=(none)   M=DbxOpenOdbcInterface ACBP=A9
 0001:000277E8 000001A2 C=CODE     S=.text    G=(none)   M=SyncObjs ACBP=A9
 0001:0002798C 0000005D C=CODE     S=.text    G=(none)   M=IniFiles ACBP=A9
 0001:000279EC 0000069D C=CODE     S=.text    G=(none)   M=Registry ACBP=A9
 0001:0002808C 0000A76A C=CODE     S=.text    G=(none)   M=OdbcApi  ACBP=A9
 0001:000327F8 000047CE C=CODE     S=.text    G=(none)   M=RegExpr  ACBP=A9
 0001:00036FC8 0000121C C=CODE     S=.text    G=(none)   M=DbxObjectParser ACBP=A9
 0001:000381E4 000023C0 C=CODE     S=.text    G=(none)   M=DbxOpenOdbcTrace ACBP=A9
 0001:0003A5A4 000000EA C=CODE     S=.text    G=(none)   M=DbxOpenOdbcASA ACBP=A9
 0001:0003A690 000000E8 C=CODE     S=.text    G=(none)   M=SqlConst ACBP=A9
 0001:0003A778 00002518 C=CODE     S=.text    G=(none)   M=SqlExpr  ACBP=A9
 0001:0003CC90 00003E22 C=CODE     S=.text    G=(none)   M=DbxOpenOdbc3 ACBP=A9
 0001:00040AB4 00034A4A C=CODE     S=.text    G=(none)   M=DbxOpenOdbc ACBP=A9
 0001:00075500 000001B0 C=CODE     S=.text    G=(none)   M=dbxoodbc ACBP=A9
 0002:00000000 00000095 C=ICODE    S=.itext   G=(none)   M=System   ACBP=A9
 0002:00000098 00000015 C=ICODE    S=.itext   G=(none)   M=Windows  ACBP=A9
 0002:000000B0 00000026 C=ICODE    S=.itext   G=(none)   M=FastMM4  ACBP=A9
 0002:000000D8 00000088 C=ICODE    S=.itext   G=(none)   M=SysUtils ACBP=A9
 0002:00000160 00000013 C=ICODE    S=.itext   G=(none)   M=VarUtils ACBP=A9
 0002:00000174 000000AA C=ICODE    S=.itext   G=(none)   M=Variants ACBP=A9
 0002:00000220 00000008 C=ICODE    S=.itext   G=(none)   M=TypInfo  ACBP=A9
 0002:00000228 00000092 C=ICODE    S=.itext   G=(none)   M=Classes  ACBP=A9
 0002:000002BC 0000001F C=ICODE    S=.itext   G=(none)   M=SqlTimSt ACBP=A9
 0002:000002DC 00000013 C=ICODE    S=.itext   G=(none)   M=WideStrings ACBP=A9
 0002:000002F0 0000001F C=ICODE    S=.itext   G=(none)   M=FMTBcd   ACBP=A9
 0002:00000310 00000059 C=ICODE    S=.itext   G=(none)   M=ComObj   ACBP=A9
 0002:0000036C 0000008C C=ICODE    S=.itext   G=(none)   M=DB       ACBP=A9
 0002:000003F8 00000018 C=ICODE    S=.itext   G=(none)   M=DSIntf   ACBP=A9
 0002:00000410 00000032 C=ICODE    S=.itext   G=(none)   M=DbxOpenOdbcInterface ACBP=A9
 0002:00000444 00000008 C=ICODE    S=.itext   G=(none)   M=IniFiles ACBP=A9
 0002:0000044C 00000008 C=ICODE    S=.itext   G=(none)   M=Registry ACBP=A9
 0002:00000454 00000020 C=ICODE    S=.itext   G=(none)   M=OdbcApi  ACBP=A9
 0002:00000474 00000008 C=ICODE    S=.itext   G=(none)   M=RegExpr  ACBP=A9
 0002:0000047C 00000008 C=ICODE    S=.itext   G=(none)   M=DbxObjectParser ACBP=A9
 0002:00000484 00000084 C=ICODE    S=.itext   G=(none)   M=DbxOpenOdbcTrace ACBP=A9
 0002:00000508 00000020 C=ICODE    S=.itext   G=(none)   M=DbxOpenOdbcASA ACBP=A9
 0002:00000528 00000014 C=ICODE    S=.itext   G=(none)   M=SqlExpr  ACBP=A9
 0002:0000053C 0000004D C=ICODE    S=.itext   G=(none)   M=DbxOpenOdbc3 ACBP=A9
 0002:0000058C 000001B4 C=ICODE    S=.itext   G=(none)   M=DbxOpenOdbc ACBP=A9
 0002:00000740 00000015 C=ICODE    S=.itext   G=(none)   M=dbxoodbc ACBP=A9
 0003:00000000 00000788 C=DATA     S=.data    G=DGROUP   M=System   ACBP=A9
 0003:00000788 00000030 C=DATA     S=.data    G=DGROUP   M=SysInit  ACBP=A9
 0003:000007B8 00000020 C=DATA     S=.data    G=DGROUP   M=FastMM4Messages ACBP=A9
 0003:000007D8 000006F8 C=DATA     S=.data    G=DGROUP   M=FastMM4  ACBP=A9
 0003:00000ED0 0000024C C=DATA     S=.data    G=DGROUP   M=SysUtils ACBP=A9
 0003:0000111C 00000110 C=DATA     S=.data    G=DGROUP   M=VarUtils ACBP=A9
 0003:0000122C 00000092 C=DATA     S=.data    G=DGROUP   M=Variants ACBP=A9
 0003:000012C0 00000010 C=DATA     S=.data    G=DGROUP   M=ActiveX  ACBP=A9
 0003:000012D0 0000000C C=DATA     S=.data    G=DGROUP   M=TypInfo  ACBP=A9
 0003:000012DC 00000004 C=DATA     S=.data    G=DGROUP   M=Classes  ACBP=A9
 0003:000012E0 0000003C C=DATA     S=.data    G=DGROUP   M=SqlTimSt ACBP=A9
 0003:0000131C 00000120 C=DATA     S=.data    G=DGROUP   M=FMTBcd   ACBP=A9
 0003:0000143C 00000030 C=DATA     S=.data    G=DGROUP   M=ComObj   ACBP=A9
 0003:0000146C 000000A8 C=DATA     S=.data    G=DGROUP   M=DB       ACBP=A9
 0003:00001514 00000004 C=DATA     S=.data    G=DGROUP   M=DSIntf   ACBP=A9
 0003:00001518 00000134 C=DATA     S=.data    G=DGROUP   M=DbxOpenOdbcInterface ACBP=A9
 0003:0000164C 00000008 C=DATA     S=.data    G=DGROUP   M=IniFiles ACBP=A9
 0003:00001654 00000008 C=DATA     S=.data    G=DGROUP   M=Registry ACBP=A9
 0003:0000165C 0000003D C=DATA     S=.data    G=DGROUP   M=RegExpr  ACBP=A9
 0003:0000169C 00000134 C=DATA     S=.data    G=DGROUP   M=DbxObjectParser ACBP=A9
 0003:000017D0 00000264 C=DATA     S=.data    G=DGROUP   M=DbxOpenOdbcTrace ACBP=A9
 0003:00001A34 00000008 C=DATA     S=.data    G=DGROUP   M=DbxOpenOdbcASA ACBP=A9
 0003:00001A3C 00000080 C=DATA     S=.data    G=DGROUP   M=SqlExpr  ACBP=A9
 0003:00001ABC 00000004 C=DATA     S=.data    G=DGROUP   M=DbxOpenOdbc3 ACBP=A9
 0003:00001AC0 000002B8 C=DATA     S=.data    G=DGROUP   M=DbxOpenOdbc ACBP=A9
 0004:00000000 000027F4 C=BSS      S=.bss     G=DGROUP   M=System   ACBP=A9
 0004:000027F4 00000010 C=BSS      S=.bss     G=DGROUP   M=SysInit  ACBP=A9
 0004:00002804 00000008 C=BSS      S=.bss     G=DGROUP   M=Windows  ACBP=A9
 0004:0000280C 00003C57 C=BSS      S=.bss     G=DGROUP   M=FastMM4  ACBP=A9
 0004:00006464 00000A20 C=BSS      S=.bss     G=DGROUP   M=SysUtils ACBP=A9
 0004:00006E84 0000005C C=BSS      S=.bss     G=DGROUP   M=VarUtils ACBP=A9
 0004:00006EE0 00000040 C=BSS      S=.bss     G=DGROUP   M=Variants ACBP=A9
 0004:00006F20 00000004 C=BSS      S=.bss     G=DGROUP   M=TypInfo  ACBP=A9
 0004:00006F24 00000034 C=BSS      S=.bss     G=DGROUP   M=Classes  ACBP=A9
 0004:00006F58 00000004 C=BSS      S=.bss     G=DGROUP   M=SqlTimSt ACBP=A9
 0004:00006F5C 00000008 C=BSS      S=.bss     G=DGROUP   M=WideStrings ACBP=A9
 0004:00006F64 00000004 C=BSS      S=.bss     G=DGROUP   M=FMTBcd   ACBP=A9
 0004:00006F68 00000011 C=BSS      S=.bss     G=DGROUP   M=ComObj   ACBP=A9
 0004:00006F7C 0000000C C=BSS      S=.bss     G=DGROUP   M=DB       ACBP=A9
 0004:00006F88 0000001C C=BSS      S=.bss     G=DGROUP   M=DSIntf   ACBP=A9
 0004:00006FA4 00000014 C=BSS      S=.bss     G=DGROUP   M=DbxOpenOdbcInterface ACBP=A9
 0004:00006FB8 00000004 C=BSS      S=.bss     G=DGROUP   M=IniFiles ACBP=A9
 0004:00006FBC 00000004 C=BSS      S=.bss     G=DGROUP   M=Registry ACBP=A9
 0004:00006FC0 00000008 C=BSS      S=.bss     G=DGROUP   M=OdbcApi  ACBP=A9
 0004:00006FC8 00000004 C=BSS      S=.bss     G=DGROUP   M=RegExpr  ACBP=A9
 0004:00006FCC 00000004 C=BSS      S=.bss     G=DGROUP   M=DbxObjectParser ACBP=A9
 0004:00006FD0 00000004 C=BSS      S=.bss     G=DGROUP   M=DbxOpenOdbcTrace ACBP=A9
 0004:00006FD4 00000008 C=BSS      S=.bss     G=DGROUP   M=DbxOpenOdbcASA ACBP=A9
 0004:00006FDC 00000004 C=BSS      S=.bss     G=DGROUP   M=SqlExpr  ACBP=A9
 0004:00006FE0 00000024 C=BSS      S=.bss     G=DGROUP   M=DbxOpenOdbc3 ACBP=A9
 0004:00007004 00000004 C=BSS      S=.bss     G=DGROUP   M=DbxOpenOdbc ACBP=A9
 0005:00000000 00000008 C=TLS      S=.tls     G=(none)   M=System   ACBP=A9
 0005:00000008 00000004 C=TLS      S=.tls     G=(none)   M=Classes  ACBP=A9
 0005:0000000C 00000004 C=TLS      S=.tls     G=(none)   M=DbxOpenOdbcTrace ACBP=A9
 0005:00000010 00000008 C=TLS      S=.tls     G=(none)   M=SqlExpr  ACBP=A9


  Address             Publics by Name

 0001:00019558       ActiveX.CoInitialize
 0001:00019560       ActiveX.CoUninitialize
 0001:00019570       ActiveX.GetErrorInfo
 0003:000012C0       ActiveX.GUID_NULL
 0001:00019568       ActiveX.SysFreeString
 0004:00006F2C       Classes..95
 0001:0001B4E0       Classes..EFCreateError
 0001:0001B594       Classes..EFilerError
 0001:0001B480       Classes..EFileStreamError
 0001:0001B53C       Classes..EFOpenError
 0001:0001B69C       Classes..EListError
 0001:0001B5EC       Classes..EReadError
 0001:0001B424       Classes..EStreamError
 0001:0001B6F4       Classes..EStringListError
 0001:0001B644       Classes..EWriteError
 0001:0001BC1C       Classes..TFileStream
 0001:0001BBA4       Classes..THandleStream
 0001:0001B754       Classes..TList
 0001:0001B810       Classes..TPersistent
 0001:0001BCA4       Classes..TRegGroup
 0001:0001BCFC       Classes..TRegGroups
 0001:0001BB34       Classes..TStream
 0001:0001BA1C       Classes..TStringList
 0001:0001B8E4       Classes..TStrings
 0001:0001B7B8       Classes..TThreadList
 0002:00000228       Classes.Classes
 0001:0001F528       Classes.DoneThreadSynchronization
 0001:0001CB7C       Classes.DoWrite
 0001:0001F5D4       Classes.Finalization
 0004:00006F38       Classes.FindGlobalComponentProcs
 0001:0001F544       Classes.FreeIntConstList
 0004:00006F3C       Classes.GlobalFixupList
 0005:00000008       Classes.GlobalLists
 0004:00006F24       Classes.GlobalNameSpace
 0001:0001F4F0       Classes.InitThreadSynchronization
 0004:00006F30       Classes.IntConstList
 0001:0001F5C0       Classes.ModuleUnload
 0001:0001BE0C       Classes.PointerInModule
 0001:0001EC0C       Classes.PropValueError
 0001:0001E5AC       Classes.RaiseException
 0001:0001EBEC       Classes.ReadError
 0004:00006F34       Classes.RegGroups
 0001:0001EA9C       Classes.RemoveFixupReferences
 0001:0001EB58       Classes.RemoveFixups
 0001:0001C264       Classes.ReturnAddr
 0001:0001CD00       Classes.ReturnAddr
 0001:0001EFFC       Classes.SkipBinary
 0001:0001F030       Classes.SkipCollection
 0001:0001EFD0       Classes.SkipList
 0001:0001E344       Classes.StringListCompareStrings
 0004:00006F28       Classes.SyncEvent
 0003:000012DC       Classes.SyncList
 0001:0001E880       Classes.TFileStream.Create
 0001:0001E8D0       Classes.TFileStream.Create
 0001:0001EA54       Classes.TFileStream.Destroy
 0001:0001E73C       Classes.THandleStream.Create
 0001:0001E78C       Classes.THandleStream.Read
 0001:0001E7FC       Classes.THandleStream.Seek
 0001:0001E830       Classes.THandleStream.SetSize
 0001:0001E850       Classes.THandleStream.SetSize
 0001:0001E7C4       Classes.THandleStream.Write
 0004:00006F40       Classes.ThreadLock
 0001:0001C158       Classes.TList.Add
 0001:0001C1B0       Classes.TList.Clear
 0001:0001C1D0       Classes.TList.Delete
 0001:0001C12C       Classes.TList.Destroy
 0001:0001C2AC       Classes.TList.Error
 0001:0001C26C       Classes.TList.Error
 0001:0001C30C       Classes.TList.Get
 0001:0001C354       Classes.TList.Grow
 0001:0001C3AC       Classes.TList.IndexOf
 0001:0001C5C0       Classes.TList.Notify
 0001:0001C3F8       Classes.TList.Put
 0001:0001C488       Classes.TList.Remove
 0001:0001C4BC       Classes.TList.SetCapacity
 0001:0001C518       Classes.TList.SetCount
 0001:0001C734       Classes.TPersistent.Assign
 0001:0001C760       Classes.TPersistent.AssignError
 0001:0001C838       Classes.TPersistent.AssignTo
 0001:0001C854       Classes.TPersistent.DefineProperties
 0001:0001C6F8       Classes.TPersistent.Destroy
 0001:0001C864       Classes.TPersistent.GetNamePath
 0001:0001C91C       Classes.TPersistent.GetOwner
 0001:0001EC1C       Classes.TReader.CheckValue
 0001:0001EC4C       Classes.TReader.EndOfList
 0001:0001EC70       Classes.TReader.NextValue
 0001:0001EC94       Classes.TReader.Read
 0001:0001ECE0       Classes.TReader.ReadBuffer
 0001:0001ED34       Classes.TReader.ReadListBegin
 0001:0001ED48       Classes.TReader.ReadListEnd
 0001:0001ED5C       Classes.TReader.ReadStr
 0001:0001EDA4       Classes.TReader.ReadString
 0001:0001EF60       Classes.TReader.ReadValue
 0001:0001EE68       Classes.TReader.ReadWideString
 0001:0001F2A4       Classes.TReader.SkipBytes
 0001:0001F254       Classes.TReader.SkipProperty
 0001:0001EF80       Classes.TReader.SkipSetBody
 0001:0001F0A4       Classes.TReader.SkipValue
 0001:0001BD54       Classes.TRegGroup.Create
 0001:0001BDB8       Classes.TRegGroup.Destroy
 0001:0001BE3C       Classes.TRegGroup.UnregisterModuleClasses
 0001:0001BF2C       Classes.TRegGroups.Create
 0001:0001BFB8       Classes.TRegGroups.Destroy
 0001:0001C040       Classes.TRegGroups.Lock
 0001:0001C058       Classes.TRegGroups.Unlock
 0001:0001C070       Classes.TRegGroups.UnregisterModuleClasses
 0001:0001E4D0       Classes.TStream.GetPosition
 0001:0001E4F8       Classes.TStream.GetSize
 0001:0001E5F8       Classes.TStream.Seek
 0001:0001E684       Classes.TStream.Seek
 0001:0001E544       Classes.TStream.SetSize
 0001:0001E554       Classes.TStream.SetSize
 0001:0001E6F4       Classes.TStream.WriteBuffer
 0001:0001DB3C       Classes.TStringList.Add
 0001:0001DB64       Classes.TStringList.AddObject
 0001:0001DBDC       Classes.TStringList.Changed
 0001:0001DC08       Classes.TStringList.Changing
 0001:0001DC34       Classes.TStringList.Clear
 0001:0001E3EC       Classes.TStringList.CompareStrings
 0001:0001E39C       Classes.TStringList.CustomSort
 0001:0001DC88       Classes.TStringList.Delete
 0001:0001DAC0       Classes.TStringList.Destroy
 0001:0001DD28       Classes.TStringList.Exchange
 0001:0001DDA4       Classes.TStringList.ExchangeItems
 0001:0001DE10       Classes.TStringList.Find
 0001:0001DEA8       Classes.TStringList.Get
 0001:0001DEF4       Classes.TStringList.GetCapacity
 0001:0001DF10       Classes.TStringList.GetCount
 0001:0001DF2C       Classes.TStringList.GetObject
 0001:0001DF74       Classes.TStringList.Grow
 0001:0001DFCC       Classes.TStringList.IndexOf
 0001:0001E018       Classes.TStringList.Insert
 0001:0001E0A8       Classes.TStringList.InsertItem
 0001:0001E040       Classes.TStringList.InsertObject
 0001:0001E150       Classes.TStringList.Put
 0001:0001E1C8       Classes.TStringList.PutObject
 0001:0001E224       Classes.TStringList.QuickSort
 0001:0001E2E8       Classes.TStringList.SetCapacity
 0001:0001E314       Classes.TStringList.SetUpdateState
 0001:0001E380       Classes.TStringList.Sort
 0001:0001C970       Classes.TStrings.Add
 0001:0001C9A0       Classes.TStrings.AddObject
 0001:0001C9D4       Classes.TStrings.AddStrings
 0001:0001CA94       Classes.TStrings.Assign
 0001:0001CB58       Classes.TStrings.BeginUpdate
 0001:0001D9E8       Classes.TStrings.CompareStrings
 0001:0001CBDC       Classes.TStrings.DefineProperties
 0001:0001C934       Classes.TStrings.Destroy
 0001:0001CC28       Classes.TStrings.EndUpdate
 0001:0001CC4C       Classes.TStrings.Equals
 0001:0001CD08       Classes.TStrings.Error
 0001:0001CD48       Classes.TStrings.Error
 0001:0001CDA8       Classes.TStrings.Exchange
 0001:0001CE94       Classes.TStrings.GetCapacity
 0001:0001D968       Classes.TStrings.GetLineBreak
 0001:0001DA60       Classes.TStrings.GetNameValueSeparator
 0001:0001CEB0       Classes.TStrings.GetObject
 0001:0001CEC8       Classes.TStrings.GetText
 0001:0001CF24       Classes.TStrings.GetTextStr
 0001:0001D0B0       Classes.TStrings.IndexOf
 0001:0001D13C       Classes.TStrings.IndexOfName
 0001:0001D218       Classes.TStrings.IndexOfObject
 0001:0001D264       Classes.TStrings.InsertObject
 0001:0001D298       Classes.TStrings.LoadFromFile
 0001:0001D2F4       Classes.TStrings.LoadFromStream
 0001:0001D3A8       Classes.TStrings.Move
 0001:0001D464       Classes.TStrings.Put
 0001:0001D4A4       Classes.TStrings.PutObject
 0001:0001D4B8       Classes.TStrings.ReadData
 0001:0001D568       Classes.TStrings.SaveToFile
 0001:0001D5C8       Classes.TStrings.SaveToStream
 0001:0001D638       Classes.TStrings.SetCapacity
 0001:0001D9A8       Classes.TStrings.SetLineBreak
 0001:0001DA8C       Classes.TStrings.SetNameValueSeparator
 0001:0001D648       Classes.TStrings.SetStringsAdapter
 0001:0001D694       Classes.TStrings.SetText
 0001:0001D6EC       Classes.TStrings.SetTextStr
 0001:0001D8CC       Classes.TStrings.SetUpdateState
 0001:0001D8DC       Classes.TStrings.WriteData
 0001:0001C5D4       Classes.TThreadList.Create
 0001:0001C63C       Classes.TThreadList.Destroy
 0001:0001C6B8       Classes.TThreadList.LockList
 0001:0001C6E0       Classes.TThreadList.UnlockList
 0001:0001F300       Classes.TWriter.Write
 0001:0001F34C       Classes.TWriter.WriteBuffer
 0001:0001F378       Classes.TWriter.WriteListBegin
 0001:0001F38C       Classes.TWriter.WriteListEnd
 0001:0001F3A0       Classes.TWriter.WriteMinStr
 0001:0001F474       Classes.TWriter.WriteString
 0001:0001F4D0       Classes.TWriter.WriteValue
 0001:0001C0DC       Classes.UnRegisterModuleClasses
 0004:00006F68       ComObj..41
 0001:00025978       ComObj..EOleError
 0001:00025A2C       ComObj..EOleException
 0001:000259D0       ComObj..EOleSysError
 0001:0002660C       ComObj.ClearExcepInfo
 0003:00001444       ComObj.CoAddRefServerProcess
 0003:0000143C       ComObj.CoCreateInstanceEx
 0003:00001454       ComObj.CoInitFlags
 0003:00001440       ComObj.CoInitializeEx
 0004:00006F70       ComObj.ComClassManagerVar
 0002:00000310       ComObj.ComObj
 0003:00001448       ComObj.CoReleaseServerProcess
 0003:0000144C       ComObj.CoResumeClassObjects
 0003:00001450       ComObj.CoSuspendClassObjects
 0001:00025F34       ComObj.DispatchInvoke
 0001:000265E8       ComObj.DispatchInvokeError
 0001:00026628       ComObj.DispCall
 0001:0002670C       ComObj.DispCallByID
 0001:000264F0       ComObj.DispCallError
 0001:00025C2C       ComObj.EOleException.Create
 0001:00025B50       ComObj.EOleSysError.Create
 0001:0002687C       ComObj.Finalization
 0001:00026324       ComObj.GetIDsOfNames
 0001:000267E8       ComObj.InitComObj
 0001:00025D14       ComObj.LoadComExProcs
 0004:00006F78       ComObj.NeedToUninitialize
 0001:00025CFC       ComObj.OleCheck
 0001:00025CD8       ComObj.OleError
 0004:00006F6C       ComObj.OleUninitializing
 0001:00026428       ComObj.RaiseException
 0001:000262F0       ComObj.RaiseNameException
 0001:00025E30       ComObj.SafeCallError
 0004:00006F74       ComObj.SaveInitProc
 0003:00001458       ComObj.ThreadStrs
 0001:00025AE4       ComObj.TrimPunctuation
 0001:00026444       ComObj.VarDispInvoke
 0001:0001F6A4       DateUtils.DaysInAMonth
 0001:0001F6F0       DateUtils.EncodeDateTime
 0001:0001F850       DateUtils.InvalidDateTimeError
 0001:0001F7F4       DateUtils.Translate
 0001:0001F764       DateUtils.TryEncodeDateTime
 0004:00006F84       DB..66
 0001:00026C98       DB..TDefaultDBScreenApplication
 0002:0000036C       DB.DB
 0004:00006F80       DB.DBApplication
 0004:00006F7C       DB.DBScreen
 0003:0000146C       DB.FieldTypeNames
 0001:00026D98       DB.Finalization
 0001:00026D14       DB.TDefaultDBScreenApplication.GetCursor
 0001:00026D30       DB.TDefaultDBScreenApplication.GetTitle
 0001:00026D50       DB.TDefaultDBScreenApplication.ProcessMessages
 0001:00026D5C       DB.TDefaultDBScreenApplication.SetCursor
 0001:00026D78       DB.TDefaultDBScreenApplication.SetTitle
 0004:00006FCC       DbxObjectParser..2
 0001:00037020       DbxObjectParser..TObjectNameParser
 0003:00001758       DbxObjectParser.DbmsObjectNameTemplateInfo
 0002:0000047C       DbxObjectParser.DbxObjectParser
 0003:0000169C       DbxObjectParser.DefaultMathesIndexes
 0003:000016C4       DbxObjectParser.DefaultObjectNameTemplateInfo
 0001:00038184       DbxObjectParser.Finalization
 0003:000016E4       DbxObjectParser.InformixMathesIndexes
 0003:00001700       DbxObjectParser.InformixObjectNameTemplateInfo
 0003:00001720       DbxObjectParser.TextMathesIndexes
 0003:00001738       DbxObjectParser.TextObjectNameTemplateInfo
 0001:000371E0       DbxObjectParser.TObjectNameParser.Create
 0001:00037688       DbxObjectParser.TObjectNameParser.DecodeObjectFullName
 0001:0003764C       DbxObjectParser.TObjectNameParser.Destroy
 0001:00037D58       DbxObjectParser.TObjectNameParser.EncodeObjectFullName
 0001:00038108       DbxObjectParser.TObjectNameParser.GetQuotedObjectName
 0002:00000740       dbxoodbc.dbxoodbc
 0001:00075500       dbxoodbc.Finalization
 0004:00007004       DbxOpenOdbc..03
 0001:00040B6C       DbxOpenOdbc..EDbxError
 0001:00040AB4       DbxOpenOdbc..EDbxErrorCustom
 0001:00040CDC       DbxOpenOdbc..EDbxInternalError
 0001:00040C80       DbxOpenOdbc..EDbxInvalidCall
 0001:00040D3C       DbxOpenOdbc..EDbxInvalidParam
 0001:00040C20       DbxOpenOdbc..EDbxNotSupported
 0001:00040BC4       DbxOpenOdbc..EDbxOdbcError
 0001:00040B10       DbxOpenOdbc..EDbxOdbcWarning
 0001:00042804       DbxOpenOdbc..TBlobChunkCollection
 0001:0004188C       DbxOpenOdbc..TMetaColumn
 0001:000418E4       DbxOpenOdbc..TMetaIndexColumn
 0001:00041944       DbxOpenOdbc..TMetaProcedure
 0001:000419A0       DbxOpenOdbc..TMetaProcedureParam
 0001:00041834       DbxOpenOdbc..TMetaTable
 0001:00042868       DbxOpenOdbc..TOdbcBindCol
 0001:000428C4       DbxOpenOdbc..TOdbcBindParam
 0001:000413C8       DbxOpenOdbc..TSqlCommandOdbc
 0001:0004118C       DbxOpenOdbc..TSqlConnectionOdbc
 0001:00041BD8       DbxOpenOdbc..TSqlCursorMetaData
 0001:00042050       DbxOpenOdbc..TSqlCursorMetaDataColumns
 0001:0004228C       DbxOpenOdbc..TSqlCursorMetaDataIndexes
 0001:0004270C       DbxOpenOdbc..TSqlCursorMetaDataProcedureParams
 0001:000424C8       DbxOpenOdbc..TSqlCursorMetaDataProcedures
 0001:00041E10       DbxOpenOdbc..TSqlCursorMetaDataTables
 0001:000417C4       DbxOpenOdbc..TSqlCursorOdbc
 0001:00040E70       DbxOpenOdbc..TSqlDriverOdbc
 0001:00041544       DbxOpenOdbc..TSQLMetaDataOdbc
 0001:00044F98       DbxOpenOdbc.AllocateDbxHStmtNodes
 0001:00043458       DbxOpenOdbc.BCD2Str
 0001:00061C78       DbxOpenOdbc.CalculateBlobFixSize
 0003:00001B00       DbxOpenOdbc.cBindMapDateTimeOdbc2
 0003:00001B0C       DbxOpenOdbc.cBindMapDateTimeOdbc3
 0003:00001C3C       DbxOpenOdbc.cBoolOptionSwitches
 0003:00001AC0       DbxOpenOdbc.cConnectionOptionsDefault
 0003:00001AE0       DbxOpenOdbc.cConnectionOptionsRestrictions
 0003:00001B20       DbxOpenOdbc.cDecimalSeparatorDefault
 0003:00001B28       DbxOpenOdbc.cGetOptionExceptionInfos
 0001:0005F4D8       DbxOpenOdbc.CheckAutoIncSubType
 0001:00044ED0       DbxOpenOdbc.CheckMaxLines
 0001:000464A4       DbxOpenOdbc.ClearNewErrors
 0003:00001B18       DbxOpenOdbc.cNullAnsiChar
 0003:00001B1C       DbxOpenOdbc.cNullWideChar
 0003:00001C60       DbxOpenOdbc.ColumnColumnNames
 0003:00001C98       DbxOpenOdbc.ColumnColumnTypes
 0001:0004B694       DbxOpenOdbc.CompactNullConn
 0001:0004B2E8       DbxOpenOdbc.CompactNullConn
 0002:0000058C       DbxOpenOdbc.DbxOpenOdbc
 0001:00044F50       DbxOpenOdbc.DisposeDbxConStmt
 0001:00057B74       DbxOpenOdbc.DoPrepareNow
 0001:00057A60       DbxOpenOdbc.DoReBindParams
 0001:00075438       DbxOpenOdbc.DoRegisterDbXpressLibA
 0001:00075444       DbxOpenOdbc.DoRegisterDbXpressLibAW
 0001:00049E34       DbxOpenOdbc.DoRelaseDbxConStmt
 0001:000430CC       DbxOpenOdbc.ExtractCatalog
 0001:00075450       DbxOpenOdbc.Finalization
 0001:000443B8       DbxOpenOdbc.FormatParameter
 0001:0004381C       DbxOpenOdbc.FreeMemAndNil
 0001:00052D64       DbxOpenOdbc.GetConnectionCustomOptions
 0001:00052F38       DbxOpenOdbc.GetDatabaseNameOption
 0001:00043920       DbxOpenOdbc.GetOptionValue
 0001:00065C04       DbxOpenOdbc.GetRowStatus
 0001:00042920       DbxOpenOdbc.getSQLDriverODBC
 0001:00042A8C       DbxOpenOdbc.getSQLDriverODBCAW
 0001:00045C70       DbxOpenOdbc.GetStringOptions
 0001:000549B0       DbxOpenOdbc.GetValueAsAnsiStr
 0001:0004BC90       DbxOpenOdbc.HidePassword
 0003:00001CB4       DbxOpenOdbc.IndexColumnNames
 0003:00001CE0       DbxOpenOdbc.IndexColumnTypes
 0001:0004643C       DbxOpenOdbc.IsConnection
 0001:000494C0       DbxOpenOdbc.IsFreeDbxConStmt
 0001:00042B90       DbxOpenOdbc.IsRestrictedConnectionOptionValue
 0001:00054EE4       DbxOpenOdbc.lValue2Str
 0001:0005AB04       DbxOpenOdbc.MakeStoredProcParams
 0001:000459B4       DbxOpenOdbc.MakeStringExceptionFromInfo
 0003:00001B24       DbxOpenOdbc.MaxCount
 0001:00043778       DbxOpenOdbc.MaxSet
 0001:0004BD94       DbxOpenOdbc.MergeAndSetConnOptions
 0001:000431A8       DbxOpenOdbc.min
 0001:00044F08       DbxOpenOdbc.NewDbxConStmt
 0001:00043F98       DbxOpenOdbc.OdbcDataTypeToDbxType
 0001:0005EA50       DbxOpenOdbc.OdbcSqlTypeToStr
 0001:000619F0       DbxOpenOdbc.OptimizeNextChunkSize
 0001:0004BE98       DbxOpenOdbc.ParseConnectionOptions
 0003:00001CF8       DbxOpenOdbc.ProcedureColumnNames
 0003:00001D14       DbxOpenOdbc.ProcedureColumnTypes
 0003:00001D24       DbxOpenOdbc.ProcedureParamColumnNames
 0003:00001D5C       DbxOpenOdbc.ProcedureParamColumnTypes
 0001:0005B6C4       DbxOpenOdbc.ProcessVarDataLength
 0001:0005DCA0       DbxOpenOdbc.PropValue2Str
 0001:000530B8       DbxOpenOdbc.Result2Str
 0001:000549F8       DbxOpenOdbc.SetConnectionCustomOptions
 0001:00042C3C       DbxOpenOdbc.SetConnectionOption
 0001:0005B768       DbxOpenOdbc.SetVarData
 0001:00046588       DbxOpenOdbc.SQLGetDiagRecLevel2
 0001:000431D4       DbxOpenOdbc.Str2BCD
 0001:0004379C       DbxOpenOdbc.StrCompNil
 0001:000437E8       DbxOpenOdbc.StrLenNil
 0003:00001C40       DbxOpenOdbc.TableColumnNames
 0003:00001C54       DbxOpenOdbc.TableColumnTypes
 0001:00075180       DbxOpenOdbc.TBlobChunkCollection.AddFragment
 0001:000751F8       DbxOpenOdbc.TBlobChunkCollection.Clear
 0001:00075250       DbxOpenOdbc.TBlobChunkCollection.Destroy
 0001:0007528C       DbxOpenOdbc.TBlobChunkCollection.GetSize
 0001:000752B0       DbxOpenOdbc.TBlobChunkCollection.Read
 0001:0007535C       DbxOpenOdbc.TBlobChunkCollection.ReadBlobToStream
 0001:00075310       DbxOpenOdbc.TBlobChunkCollection.ReadBlobToVariant
 0001:0006A5F4       DbxOpenOdbc.TMetaColumn.Create
 0001:0006A7D0       DbxOpenOdbc.TMetaColumn.Destroy
 0001:0006A8BC       DbxOpenOdbc.TMetaIndexColumn.Create
 0001:0006AB34       DbxOpenOdbc.TMetaIndexColumn.Destroy
 0001:0006AC54       DbxOpenOdbc.TMetaProcedure.Create
 0001:0006AEA4       DbxOpenOdbc.TMetaProcedure.Destroy
 0001:0006AF9C       DbxOpenOdbc.TMetaProcedureParam.Create
 0001:0006B0EC       DbxOpenOdbc.TMetaProcedureParam.Destroy
 0001:0006A0CC       DbxOpenOdbc.TMetaTable.Create
 0001:0006A4E8       DbxOpenOdbc.TMetaTable.Destroy
 0001:00069D00       DbxOpenOdbc.TOdbcBindCol.Create
 0001:00069DE4       DbxOpenOdbc.TOdbcBindCol.Destroy
 0001:00069EF8       DbxOpenOdbc.TOdbcBindParam.Create
 0001:00069FE8       DbxOpenOdbc.TOdbcBindParam.Destroy
 0001:00057608       DbxOpenOdbc.TSqlCommandOdbc.AddError
 0001:00057698       DbxOpenOdbc.TSqlCommandOdbc.BuildStoredProcSQL
 0001:00058B8C       DbxOpenOdbc.TSqlCommandOdbc.Cancel
 0001:000573EC       DbxOpenOdbc.TSqlCommandOdbc.ClearParams
 0001:00057684       DbxOpenOdbc.TSqlCommandOdbc.close
 0001:00057170       DbxOpenOdbc.TSqlCommandOdbc.CloseStmt
 0001:00056D9C       DbxOpenOdbc.TSqlCommandOdbc.Create
 0001:000574FC       DbxOpenOdbc.TSqlCommandOdbc.Destroy
 0001:0005A3E4       DbxOpenOdbc.TSqlCommandOdbc.DoAllocateParams
 0001:00056F10       DbxOpenOdbc.TSqlCommandOdbc.DoAllocateStmt
 0001:00057C54       DbxOpenOdbc.TSqlCommandOdbc.DoExecute
 0001:000583A8       DbxOpenOdbc.TSqlCommandOdbc.DoExecuteImmediate
 0001:0005A4B4       DbxOpenOdbc.TSqlCommandOdbc.DoPrepare
 0001:0005789C       DbxOpenOdbc.TSqlCommandOdbc.DoSQLMoreResults
 0001:00058360       DbxOpenOdbc.TSqlCommandOdbc.DoUnprepareStmt
 0001:00058290       DbxOpenOdbc.TSqlCommandOdbc.execute
 0001:00058A74       DbxOpenOdbc.TSqlCommandOdbc.ExecuteImmediate
 0001:00059018       DbxOpenOdbc.TSqlCommandOdbc.getErrorMessage
 0001:000590A0       DbxOpenOdbc.TSqlCommandOdbc.getErrorMessageLen
 0001:00058E94       DbxOpenOdbc.TSqlCommandOdbc.GetLockTimeout
 0001:00059134       DbxOpenOdbc.TSqlCommandOdbc.getNextCursor
 0001:000593EC       DbxOpenOdbc.TSqlCommandOdbc.GetOption
 0001:00059C70       DbxOpenOdbc.TSqlCommandOdbc.getParameter
 0001:0005A2E4       DbxOpenOdbc.TSqlCommandOdbc.getRowsAffected
 0001:0005763C       DbxOpenOdbc.TSqlCommandOdbc.OdbcCheck
 0001:0005A97C       DbxOpenOdbc.TSqlCommandOdbc.prepare
 0001:00058C8C       DbxOpenOdbc.TSqlCommandOdbc.SetLockTimeout
 0001:0005ACA0       DbxOpenOdbc.TSqlCommandOdbc.SetOption
 0001:0005B8AC       DbxOpenOdbc.TSqlCommandOdbc.setParameter
 0001:000498D8       DbxOpenOdbc.TSqlConnectionOdbc.AllocHStmt
 0001:0004ABEC       DbxOpenOdbc.TSqlConnectionOdbc.beginTransaction
 0001:00051EEC       DbxOpenOdbc.TSqlConnectionOdbc.CheckTransactionSupport
 0001:0004BA44       DbxOpenOdbc.TSqlConnectionOdbc.ClearConnectionOptions
 0001:00048A6C       DbxOpenOdbc.TSqlConnectionOdbc.CloneOdbcConnection
 0001:0004B320       DbxOpenOdbc.TSqlConnectionOdbc.commit
 0001:0004BFB8       DbxOpenOdbc.TSqlConnectionOdbc.connect
 0001:00048428       DbxOpenOdbc.TSqlConnectionOdbc.Create
 0001:00048590       DbxOpenOdbc.TSqlConnectionOdbc.Destroy
 0001:000515F8       DbxOpenOdbc.TSqlConnectionOdbc.disconnect
 0001:00049648       DbxOpenOdbc.TSqlConnectionOdbc.FindFreeConnection
 0001:0004A180       DbxOpenOdbc.TSqlConnectionOdbc.FreeHStmt
 0001:0004A7C4       DbxOpenOdbc.TSqlConnectionOdbc.GetCatalog
 0001:00056D40       DbxOpenOdbc.TSqlConnectionOdbc.GetConnectionHandle
 0001:0004AA2C       DbxOpenOdbc.TSqlConnectionOdbc.GetCurrentCatalog
 0001:0004A74C       DbxOpenOdbc.TSqlConnectionOdbc.GetCurrentConnectionHandle
 0001:0004A710       DbxOpenOdbc.TSqlConnectionOdbc.GetCurrentDbxConStmt
 0001:0004A5B4       DbxOpenOdbc.TSqlConnectionOdbc.GetCurrentDbxConStmt
 0001:00056C94       DbxOpenOdbc.TSqlConnectionOdbc.GetCursorPreserved
 0001:00056B30       DbxOpenOdbc.TSqlConnectionOdbc.GetDbmsName
 0001:00056900       DbxOpenOdbc.TSqlConnectionOdbc.GetDbmsType
 0001:00056BA4       DbxOpenOdbc.TSqlConnectionOdbc.GetDbmsVersionBuild
 0001:00056B50       DbxOpenOdbc.TSqlConnectionOdbc.GetDbmsVersionMajor
 0001:00056B6C       DbxOpenOdbc.TSqlConnectionOdbc.GetDbmsVersionMinor
 0001:00056B88       DbxOpenOdbc.TSqlConnectionOdbc.GetDbmsVersionRelease
 0001:00056BC0       DbxOpenOdbc.TSqlConnectionOdbc.GetDbmsVersionString
 0001:00056D80       DbxOpenOdbc.TSqlConnectionOdbc.GetDecimalSeparator
 0001:00049490       DbxOpenOdbc.TSqlConnectionOdbc.GetDefaultConnectionOptions
 0001:00056D24       DbxOpenOdbc.TSqlConnectionOdbc.GetEnvironmentHandle
 0001:00051DDC       DbxOpenOdbc.TSqlConnectionOdbc.getErrorMessage
 0001:00051E5C       DbxOpenOdbc.TSqlConnectionOdbc.getErrorMessageLen
 0001:00056CB0       DbxOpenOdbc.TSqlConnectionOdbc.GetIsSystemODBCManager
 0001:00056B14       DbxOpenOdbc.TSqlConnectionOdbc.GetLastOdbcSqlState
 0001:00052160       DbxOpenOdbc.TSqlConnectionOdbc.GetMetaDataOption
 0001:00056D5C       DbxOpenOdbc.TSqlConnectionOdbc.GetOdbcApiIntf
 0001:00056938       DbxOpenOdbc.TSqlConnectionOdbc.GetOdbcConnectStrings
 0001:00056CD0       DbxOpenOdbc.TSqlConnectionOdbc.GetOdbcDriverLevel
 0001:00056BE0       DbxOpenOdbc.TSqlConnectionOdbc.GetOdbcDriverName
 0001:0005691C       DbxOpenOdbc.TSqlConnectionOdbc.GetOdbcDriverType
 0001:00056C54       DbxOpenOdbc.TSqlConnectionOdbc.GetOdbcDriverVersionBuild
 0001:00056C00       DbxOpenOdbc.TSqlConnectionOdbc.GetOdbcDriverVersionMajor
 0001:00056C1C       DbxOpenOdbc.TSqlConnectionOdbc.GetOdbcDriverVersionMinor
 0001:00056C38       DbxOpenOdbc.TSqlConnectionOdbc.GetOdbcDriverVersionRelease
 0001:00056C70       DbxOpenOdbc.TSqlConnectionOdbc.GetOdbcDriverVersionString
 0001:00053254       DbxOpenOdbc.TSqlConnectionOdbc.GetOption
 0001:00054620       DbxOpenOdbc.TSqlConnectionOdbc.getSQLCommand
 0001:000547E8       DbxOpenOdbc.TSqlConnectionOdbc.getSQLMetaData
 0001:00056D08       DbxOpenOdbc.TSqlConnectionOdbc.GetStatementsPerConnection
 0001:00056CEC       DbxOpenOdbc.TSqlConnectionOdbc.GetSupportsSqlPrimaryKeys
 0001:0004A780       DbxOpenOdbc.TSqlConnectionOdbc.OdbcCheck
 0001:0004F49C       DbxOpenOdbc.TSqlConnectionOdbc.RetrieveDbmsOptions
 0001:0004F9D4       DbxOpenOdbc.TSqlConnectionOdbc.RetrieveDriverName
 0001:0004B6CC       DbxOpenOdbc.TSqlConnectionOdbc.rollback
 0001:00048F74       DbxOpenOdbc.TSqlConnectionOdbc.SetCurrentDbxConStmt
 0001:00049098       DbxOpenOdbc.TSqlConnectionOdbc.SetLoginTimeout
 0001:00049280       DbxOpenOdbc.TSqlConnectionOdbc.SetNetworkTimeout
 0001:00055078       DbxOpenOdbc.TSqlConnectionOdbc.SetOption
 0001:000486C4       DbxOpenOdbc.TSqlConnectionOdbc.SynchronizeInTransaction
 0001:0005662C       DbxOpenOdbc.TSqlConnectionOdbc.TransactionCheck
 0001:000674C8       DbxOpenOdbc.TSqlCursorMetaData.BindInteger
 0001:00067050       DbxOpenOdbc.TSqlCursorMetaData.BindSmallint
 0001:00066904       DbxOpenOdbc.TSqlCursorMetaData.ClearMetaData
 0001:000666E4       DbxOpenOdbc.TSqlCursorMetaData.Create
 0001:00066D98       DbxOpenOdbc.TSqlCursorMetaData.DescribeAllocBindString
 0001:00066814       DbxOpenOdbc.TSqlCursorMetaData.Destroy
 0001:00067920       DbxOpenOdbc.TSqlCursorMetaData.getBcd
 0001:00067AB8       DbxOpenOdbc.TSqlCursorMetaData.getBlob
 0001:00067C50       DbxOpenOdbc.TSqlCursorMetaData.getBlobSize
 0001:00067DF0       DbxOpenOdbc.TSqlCursorMetaData.getBytes
 0001:00067F88       DbxOpenOdbc.TSqlCursorMetaData.getColumnCount
 0001:00067FB4       DbxOpenOdbc.TSqlCursorMetaData.getColumnLength
 0001:00068174       DbxOpenOdbc.TSqlCursorMetaData.getColumnName
 0001:000682A0       DbxOpenOdbc.TSqlCursorMetaData.getColumnNameLength
 0001:000683F0       DbxOpenOdbc.TSqlCursorMetaData.getColumnPrecision
 0001:000685B8       DbxOpenOdbc.TSqlCursorMetaData.getColumnScale
 0001:000686C4       DbxOpenOdbc.TSqlCursorMetaData.getColumnType
 0001:000687E8       DbxOpenOdbc.TSqlCursorMetaData.getDate
 0001:00068998       DbxOpenOdbc.TSqlCursorMetaData.getDouble
 0001:00068B4C       DbxOpenOdbc.TSqlCursorMetaData.getErrorMessage
 0001:00068BCC       DbxOpenOdbc.TSqlCursorMetaData.getErrorMessageLen
 0001:00068C5C       DbxOpenOdbc.TSqlCursorMetaData.getLong
 0001:00068E0C       DbxOpenOdbc.TSqlCursorMetaData.GetOption
 0001:00068FC4       DbxOpenOdbc.TSqlCursorMetaData.getShort
 0001:00069174       DbxOpenOdbc.TSqlCursorMetaData.getString
 0001:00069328       DbxOpenOdbc.TSqlCursorMetaData.getTime
 0001:000694D8       DbxOpenOdbc.TSqlCursorMetaData.getTimeStamp
 0001:00069690       DbxOpenOdbc.TSqlCursorMetaData.isAutoIncrement
 0001:000697FC       DbxOpenOdbc.TSqlCursorMetaData.isBlobSizeExact
 0001:00069950       DbxOpenOdbc.TSqlCursorMetaData.isNullable
 0001:0006996C       DbxOpenOdbc.TSqlCursorMetaData.isReadOnly
 0001:00069988       DbxOpenOdbc.TSqlCursorMetaData.isSearchable
 0001:000699A4       DbxOpenOdbc.TSqlCursorMetaData.next
 0001:00069BA0       DbxOpenOdbc.TSqlCursorMetaData.OdbcCheck
 0001:00066CD8       DbxOpenOdbc.TSqlCursorMetaData.ParseTableName
 0001:00066930       DbxOpenOdbc.TSqlCursorMetaData.ParseTableNameBase
 0001:000699C0       DbxOpenOdbc.TSqlCursorMetaData.SetOption
 0001:0006CCF4       DbxOpenOdbc.TSqlCursorMetaDataColumns.Clear
 0001:0006CAF0       DbxOpenOdbc.TSqlCursorMetaDataColumns.Create
 0001:0006CC08       DbxOpenOdbc.TSqlCursorMetaDataColumns.Destroy
 0001:0006CE60       DbxOpenOdbc.TSqlCursorMetaDataColumns.FetchColumns
 0001:0006D970       DbxOpenOdbc.TSqlCursorMetaDataColumns.getColumnLength
 0001:0006DD30       DbxOpenOdbc.TSqlCursorMetaDataColumns.getColumnPrecision
 0001:0006DEBC       DbxOpenOdbc.TSqlCursorMetaDataColumns.getLong
 0001:0006E1F8       DbxOpenOdbc.TSqlCursorMetaDataColumns.getShort
 0001:0006E558       DbxOpenOdbc.TSqlCursorMetaDataColumns.getString
 0001:0006E908       DbxOpenOdbc.TSqlCursorMetaDataColumns.next
 0001:0006EB60       DbxOpenOdbc.TSqlCursorMetaDataIndexes.Create
 0001:0006EC9C       DbxOpenOdbc.TSqlCursorMetaDataIndexes.Destroy
 0001:0006EE04       DbxOpenOdbc.TSqlCursorMetaDataIndexes.FetchIndexes
 0001:000700D8       DbxOpenOdbc.TSqlCursorMetaDataIndexes.getColumnLength
 0001:0007046C       DbxOpenOdbc.TSqlCursorMetaDataIndexes.getColumnPrecision
 0001:000705F8       DbxOpenOdbc.TSqlCursorMetaDataIndexes.getLong
 0001:000708AC       DbxOpenOdbc.TSqlCursorMetaDataIndexes.getShort
 0001:00070B88       DbxOpenOdbc.TSqlCursorMetaDataIndexes.getString
 0001:000710B4       DbxOpenOdbc.TSqlCursorMetaDataIndexes.next
 0001:00072900       DbxOpenOdbc.TSqlCursorMetaDataProcedureParams.Create
 0001:00072A20       DbxOpenOdbc.TSqlCursorMetaDataProcedureParams.Destroy
 0001:00072B90       DbxOpenOdbc.TSqlCursorMetaDataProcedureParams.FetchProcedureParams
 0001:00074058       DbxOpenOdbc.TSqlCursorMetaDataProcedureParams.getColumnLength
 0001:00074420       DbxOpenOdbc.TSqlCursorMetaDataProcedureParams.getColumnPrecision
 0001:000745D8       DbxOpenOdbc.TSqlCursorMetaDataProcedureParams.getLong
 0001:000748D4       DbxOpenOdbc.TSqlCursorMetaDataProcedureParams.getShort
 0001:00074C50       DbxOpenOdbc.TSqlCursorMetaDataProcedureParams.getString
 0001:0007506C       DbxOpenOdbc.TSqlCursorMetaDataProcedureParams.next
 0001:0007124C       DbxOpenOdbc.TSqlCursorMetaDataProcedures.Create
 0001:00071364       DbxOpenOdbc.TSqlCursorMetaDataProcedures.Destroy
 0001:00071490       DbxOpenOdbc.TSqlCursorMetaDataProcedures.FetchProcedures
 0001:00071904       DbxOpenOdbc.TSqlCursorMetaDataProcedures.getColumnLength
 0001:00071C30       DbxOpenOdbc.TSqlCursorMetaDataProcedures.getColumnPrecision
 0001:00071DE0       DbxOpenOdbc.TSqlCursorMetaDataProcedures.getLong
 0001:000720AC       DbxOpenOdbc.TSqlCursorMetaDataProcedures.getShort
 0001:00072378       DbxOpenOdbc.TSqlCursorMetaDataProcedures.getString
 0001:000726BC       DbxOpenOdbc.TSqlCursorMetaDataProcedures.next
 0001:0006B444       DbxOpenOdbc.TSqlCursorMetaDataTables.Clear
 0001:0006B244       DbxOpenOdbc.TSqlCursorMetaDataTables.Create
 0001:0006B358       DbxOpenOdbc.TSqlCursorMetaDataTables.Destroy
 0001:0006B570       DbxOpenOdbc.TSqlCursorMetaDataTables.FetchTables
 0001:0006BE20       DbxOpenOdbc.TSqlCursorMetaDataTables.getColumnLength
 0001:0006C124       DbxOpenOdbc.TSqlCursorMetaDataTables.getColumnPrecision
 0001:0006C29C       DbxOpenOdbc.TSqlCursorMetaDataTables.getLong
 0001:0006C548       DbxOpenOdbc.TSqlCursorMetaDataTables.getString
 0001:0006C89C       DbxOpenOdbc.TSqlCursorMetaDataTables.next
 0001:000619D0       DbxOpenOdbc.TSqlCursorOdbc.AddError
 0001:0005F5BC       DbxOpenOdbc.TSqlCursorOdbc.BindResultSet
 0001:0005E740       DbxOpenOdbc.TSqlCursorOdbc.ClearCursor
 0001:0005E5C0       DbxOpenOdbc.TSqlCursorOdbc.Create
 0001:0005E8A8       DbxOpenOdbc.TSqlCursorOdbc.Destroy
 0001:000617E0       DbxOpenOdbc.TSqlCursorOdbc.FetchLateBoundData
 0001:00061F30       DbxOpenOdbc.TSqlCursorOdbc.FetchLongData
 0001:0006298C       DbxOpenOdbc.TSqlCursorOdbc.getBcd
 0001:00062B24       DbxOpenOdbc.TSqlCursorOdbc.getBlob
 0001:00062EB4       DbxOpenOdbc.TSqlCursorOdbc.getBlobSize
 0001:000631D4       DbxOpenOdbc.TSqlCursorOdbc.getBytes
 0001:000633F4       DbxOpenOdbc.TSqlCursorOdbc.getColumnCount
 0001:00063420       DbxOpenOdbc.TSqlCursorOdbc.getColumnLength
 0001:000639D8       DbxOpenOdbc.TSqlCursorOdbc.getColumnName
 0001:00063AF8       DbxOpenOdbc.TSqlCursorOdbc.getColumnNameLength
 0001:00063C5C       DbxOpenOdbc.TSqlCursorOdbc.getColumnPrecision
 0001:00063EA4       DbxOpenOdbc.TSqlCursorOdbc.getColumnScale
 0001:00064070       DbxOpenOdbc.TSqlCursorOdbc.getColumnType
 0001:000641FC       DbxOpenOdbc.TSqlCursorOdbc.getDate
 0001:000643F4       DbxOpenOdbc.TSqlCursorOdbc.getDouble
 0001:00064584       DbxOpenOdbc.TSqlCursorOdbc.getErrorMessage
 0001:00064610       DbxOpenOdbc.TSqlCursorOdbc.getErrorMessageLen
 0001:000646A8       DbxOpenOdbc.TSqlCursorOdbc.getLong
 0001:00064888       DbxOpenOdbc.TSqlCursorOdbc.GetOption
 0001:00064A48       DbxOpenOdbc.TSqlCursorOdbc.getShort
 0001:00064C48       DbxOpenOdbc.TSqlCursorOdbc.getString
 0001:00065084       DbxOpenOdbc.TSqlCursorOdbc.getTime
 0001:0006522C       DbxOpenOdbc.TSqlCursorOdbc.getTimeStamp
 0001:00065424       DbxOpenOdbc.TSqlCursorOdbc.isAutoIncrement
 0001:000656A0       DbxOpenOdbc.TSqlCursorOdbc.isBlobSizeExact
 0001:000656BC       DbxOpenOdbc.TSqlCursorOdbc.isNullable
 0001:000657F8       DbxOpenOdbc.TSqlCursorOdbc.isReadOnly
 0001:000659D4       DbxOpenOdbc.TSqlCursorOdbc.isSearchable
 0001:00065DE4       DbxOpenOdbc.TSqlCursorOdbc.next
 0001:0005EA08       DbxOpenOdbc.TSqlCursorOdbc.OdbcCheck
 0001:00066518       DbxOpenOdbc.TSqlCursorOdbc.SetOption
 0001:0004778C       DbxOpenOdbc.TSqlDriverOdbc.AllocHCon
 0001:00047A1C       DbxOpenOdbc.TSqlDriverOdbc.AllocHEnv
 0001:00045DD4       DbxOpenOdbc.TSqlDriverOdbc.Create
 0001:00045F4C       DbxOpenOdbc.TSqlDriverOdbc.Destroy
 0001:000478BC       DbxOpenOdbc.TSqlDriverOdbc.FreeHCon
 0001:00047CB4       DbxOpenOdbc.TSqlDriverOdbc.FreeHEnv
 0001:00047E04       DbxOpenOdbc.TSqlDriverOdbc.GetOption
 0001:000480EC       DbxOpenOdbc.TSqlDriverOdbc.getSQLConnection
 0001:00046044       DbxOpenOdbc.TSqlDriverOdbc.OdbcCheck
 0001:0004665C       DbxOpenOdbc.TSqlDriverOdbc.RetrieveOdbcErrorInfo
 0001:0004821C       DbxOpenOdbc.TSqlDriverOdbc.SetOption
 0001:0005CC6C       DbxOpenOdbc.TSQLMetaDataOdbc.Create
 0001:0005CD74       DbxOpenOdbc.TSQLMetaDataOdbc.Destroy
 0001:0005CE5C       DbxOpenOdbc.TSQLMetaDataOdbc.getColumns
 0001:0005D04C       DbxOpenOdbc.TSQLMetaDataOdbc.getErrorMessage
 0001:0005D0CC       DbxOpenOdbc.TSQLMetaDataOdbc.getErrorMessageLen
 0001:0005D15C       DbxOpenOdbc.TSQLMetaDataOdbc.getIndices
 0001:0005D3B0       DbxOpenOdbc.TSQLMetaDataOdbc.getObjectList
 0001:0005D3D0       DbxOpenOdbc.TSQLMetaDataOdbc.GetOption
 0001:0005D60C       DbxOpenOdbc.TSQLMetaDataOdbc.getProcedureParams
 0001:0005D858       DbxOpenOdbc.TSQLMetaDataOdbc.getProcedures
 0001:0005DA88       DbxOpenOdbc.TSQLMetaDataOdbc.getTables
 0001:0005DCD8       DbxOpenOdbc.TSQLMetaDataOdbc.SetOption
 0001:0005ABB8       DbxOpenOdbc.ulValue2Str
 0001:0004F85C       DbxOpenOdbc.VersionStringToNumeric
 0001:0005B814       DbxOpenOdbc.WideCharToUtf8
 0004:00007000       DbxOpenOdbc3..11
 0001:0003D000       DbxOpenOdbc3..TSqlCommandOdbc3
 0001:0003CE88       DbxOpenOdbc3..TSqlConnectionOdbc3
 0001:0003D838       DbxOpenOdbc3..TSqlCursorMetaDataColumns3
 0001:0003DA90       DbxOpenOdbc3..TSqlCursorMetaDataIndexes3
 0001:0003DF48       DbxOpenOdbc3..TSqlCursorMetaDataProcedureParams3
 0001:0003DCE8       DbxOpenOdbc3..TSqlCursorMetaDataProcedures3
 0001:0003D5DC       DbxOpenOdbc3..TSqlCursorMetaDataTables3
 0001:0003D250       DbxOpenOdbc3..TSqlCursorOdbc3
 0001:0003CD08       DbxOpenOdbc3..TSqlDriverOdbc3
 0001:0003D388       DbxOpenOdbc3..TSQLMetaDataOdbc3
 0004:00006FE0       DbxOpenOdbc3.cConnectionOptionsDefault3
 0001:0003E478       DbxOpenOdbc3.Create_ISQLCursor30
 0002:0000053C       DbxOpenOdbc3.DbxOpenOdbc3
 0003:00001ABC       DbxOpenOdbc3.DefaultSystemCodePage
 0001:00040A6C       DbxOpenOdbc3.DoRegisterDbXpressLibW
 0001:00040A78       DbxOpenOdbc3.DoRegisterDbXpressLibWA
 0001:00040A84       DbxOpenOdbc3.Finalization
 0001:0003E270       DbxOpenOdbc3.getSQLDriverODBCW
 0001:0003E374       DbxOpenOdbc3.getSQLDriverODBCWA
 0001:0003E5A4       DbxOpenOdbc3.Get_ISQLMetaData30
 0001:0003E664       DbxOpenOdbc3.Get_ISQLMetaData30
 0001:0003E604       DbxOpenOdbc3.Get_ISQLMetaData30
 0001:0003E4E4       DbxOpenOdbc3.Get_ISQLMetaData30
 0001:0003E544       DbxOpenOdbc3.Get_ISQLMetaData30
 0001:0003DFB8       DbxOpenOdbc3.min
 0001:0003E1FC       DbxOpenOdbc3.StringsToWStr
 0001:0003E114       DbxOpenOdbc3.StringToWideChar
 0001:0003E184       DbxOpenOdbc3.StringToWStr
 0001:0003EE94       DbxOpenOdbc3.TSqlCommandOdbc3.execute
 0001:0003EF6C       DbxOpenOdbc3.TSqlCommandOdbc3.executeImmediate
 0001:0003F108       DbxOpenOdbc3.TSqlCommandOdbc3.getErrorMessage
 0001:0003F12C       DbxOpenOdbc3.TSqlCommandOdbc3.getErrorMessageLen
 0001:0003F150       DbxOpenOdbc3.TSqlCommandOdbc3.getNextCursor
 0001:0003F170       DbxOpenOdbc3.TSqlCommandOdbc3.GetOption
 0001:0003EC7C       DbxOpenOdbc3.TSqlCommandOdbc3.prepare
 0001:0003F2AC       DbxOpenOdbc3.TSqlCommandOdbc3.SetOption
 0001:0003E760       DbxOpenOdbc3.TSqlConnectionOdbc3.connect
 0001:0003E800       DbxOpenOdbc3.TSqlConnectionOdbc3.connect
 0001:0003E8D0       DbxOpenOdbc3.TSqlConnectionOdbc3.getErrorMessage
 0001:0003E90C       DbxOpenOdbc3.TSqlConnectionOdbc3.getErrorMessageLen
 0001:0003E948       DbxOpenOdbc3.TSqlConnectionOdbc3.GetOption
 0001:0003EB2C       DbxOpenOdbc3.TSqlConnectionOdbc3.getSQLCommand
 0001:0003EBD4       DbxOpenOdbc3.TSqlConnectionOdbc3.getSQLMetaData
 0001:0003EA84       DbxOpenOdbc3.TSqlConnectionOdbc3.SetOption
 0001:000401FC       DbxOpenOdbc3.TSqlCursorMetaDataColumns3.getColumnName
 0001:00040278       DbxOpenOdbc3.TSqlCursorMetaDataColumns3.getErrorMessage
 0001:000402B4       DbxOpenOdbc3.TSqlCursorMetaDataColumns3.getErrorMessageLen
 0001:000402F0       DbxOpenOdbc3.TSqlCursorMetaDataColumns3.getInt64
 0001:00040304       DbxOpenOdbc3.TSqlCursorMetaDataColumns3.getString
 0001:0004032C       DbxOpenOdbc3.TSqlCursorMetaDataColumns3.getWideString
 0001:00040418       DbxOpenOdbc3.TSqlCursorMetaDataIndexes3.getColumnName
 0001:00040494       DbxOpenOdbc3.TSqlCursorMetaDataIndexes3.getErrorMessage
 0001:000404D0       DbxOpenOdbc3.TSqlCursorMetaDataIndexes3.getErrorMessageLen
 0001:0004050C       DbxOpenOdbc3.TSqlCursorMetaDataIndexes3.getInt64
 0001:00040520       DbxOpenOdbc3.TSqlCursorMetaDataIndexes3.getString
 0001:00040548       DbxOpenOdbc3.TSqlCursorMetaDataIndexes3.getWideString
 0001:00040850       DbxOpenOdbc3.TSqlCursorMetaDataProcedureParams3.getColumnName
 0001:000408CC       DbxOpenOdbc3.TSqlCursorMetaDataProcedureParams3.getErrorMessage
 0001:00040908       DbxOpenOdbc3.TSqlCursorMetaDataProcedureParams3.getErrorMessageLen
 0001:00040944       DbxOpenOdbc3.TSqlCursorMetaDataProcedureParams3.getInt64
 0001:00040958       DbxOpenOdbc3.TSqlCursorMetaDataProcedureParams3.getString
 0001:00040980       DbxOpenOdbc3.TSqlCursorMetaDataProcedureParams3.getWideString
 0001:00040634       DbxOpenOdbc3.TSqlCursorMetaDataProcedures3.getColumnName
 0001:000406B0       DbxOpenOdbc3.TSqlCursorMetaDataProcedures3.getErrorMessage
 0001:000406EC       DbxOpenOdbc3.TSqlCursorMetaDataProcedures3.getErrorMessageLen
 0001:00040728       DbxOpenOdbc3.TSqlCursorMetaDataProcedures3.getInt64
 0001:0004073C       DbxOpenOdbc3.TSqlCursorMetaDataProcedures3.getString
 0001:00040764       DbxOpenOdbc3.TSqlCursorMetaDataProcedures3.getWideString
 0001:00040058       DbxOpenOdbc3.TSqlCursorMetaDataTables3.getColumnName
 0001:0003FFE0       DbxOpenOdbc3.TSqlCursorMetaDataTables3.getErrorMessage
 0001:0004001C       DbxOpenOdbc3.TSqlCursorMetaDataTables3.getErrorMessageLen
 0001:000400D4       DbxOpenOdbc3.TSqlCursorMetaDataTables3.getInt64
 0001:000400E8       DbxOpenOdbc3.TSqlCursorMetaDataTables3.getString
 0001:00040110       DbxOpenOdbc3.TSqlCursorMetaDataTables3.getWideString
 0001:0003F3E4       DbxOpenOdbc3.TSqlCursorOdbc3.getColumnName
 0001:0003F39C       DbxOpenOdbc3.TSqlCursorOdbc3.getColumnNameLength
 0001:0003F354       DbxOpenOdbc3.TSqlCursorOdbc3.getErrorMessage
 0001:0003F378       DbxOpenOdbc3.TSqlCursorOdbc3.getErrorMessageLen
 0001:0003F458       DbxOpenOdbc3.TSqlCursorOdbc3.getInt64
 0001:0003F64C       DbxOpenOdbc3.TSqlCursorOdbc3.getString
 0001:0003F674       DbxOpenOdbc3.TSqlCursorOdbc3.getWideString
 0001:0003E6C4       DbxOpenOdbc3.TSqlDriverOdbc3.Create
 0001:0003E71C       DbxOpenOdbc3.TSqlDriverOdbc3.getSQLConnection
 0001:0003FDD4       DbxOpenOdbc3.TSQLMetaDataOdbc3.getColumns
 0001:0003F9A8       DbxOpenOdbc3.TSQLMetaDataOdbc3.getErrorMessage
 0001:0003F9E4       DbxOpenOdbc3.TSQLMetaDataOdbc3.getErrorMessageLen
 0001:0003FE94       DbxOpenOdbc3.TSQLMetaDataOdbc3.getIndices
 0001:0003FC04       DbxOpenOdbc3.TSQLMetaDataOdbc3.getObjectList
 0001:0003FA20       DbxOpenOdbc3.TSQLMetaDataOdbc3.GetOption
 0001:0003FF24       DbxOpenOdbc3.TSQLMetaDataOdbc3.getProcedureParams
 0001:0003FCFC       DbxOpenOdbc3.TSQLMetaDataOdbc3.getProcedures
 0001:0003FC24       DbxOpenOdbc3.TSQLMetaDataOdbc3.getTables
 0001:0003FB5C       DbxOpenOdbc3.TSQLMetaDataOdbc3.SetOption
 0001:0003E0D0       DbxOpenOdbc3.WCharFromChar
 0001:0003DFE4       DbxOpenOdbc3.WideStringLengthFromStr
 0001:0003E050       DbxOpenOdbc3.WideStringLengthFromStrings
 0004:00006FD8       DbxOpenOdbcASA..1
 0003:00001A34       DbxOpenOdbcASA.AsaCallbackMessage
 0001:0003A5DC       DbxOpenOdbcASA.ASA_MESSAGE_CALLBACK
 0001:0003A5BC       DbxOpenOdbcASA.ASA_MESSAGE_INIT
 0003:00001A38       DbxOpenOdbcASA.aWindow
 0002:00000508       DbxOpenOdbcASA.DbxOpenOdbcASA
 0001:0003A654       DbxOpenOdbcASA.Finalization
 0004:00006FD4       DbxOpenOdbcASA.WM_AsaCallback
 0004:00006FD6       DbxOpenOdbcASA.WM_AsaCallback_Supported
 0004:00006FB4       DbxOpenOdbcInterface..1
 0003:000015B4       DbxOpenOdbcInterface.cConnectionOptionsDescs
 0003:00001518       DbxOpenOdbcInterface.cConnectionOptionsNames
 0003:00001594       DbxOpenOdbcInterface.cConnectionOptionsTypes
 0003:00001630       DbxOpenOdbcInterface.cOptionSwitchesNames
 0003:00001644       DbxOpenOdbcInterface.cXSQLCommandOptionStringTypes
 0003:0000163C       DbxOpenOdbcInterface.cXSQLConnectionOptionStringTypes
 0003:00001648       DbxOpenOdbcInterface.cXSQLMetaDataOptionStringTypes
 0002:00000410       DbxOpenOdbcInterface.DbxOpenOdbcInterface
 0001:00027774       DbxOpenOdbcInterface.DoRegisterDbXpressLibNull
 0001:00027778       DbxOpenOdbcInterface.Finalization
 0004:00006FA4       DbxOpenOdbcInterface.RegisterDbXpressLibA
 0004:00006FA8       DbxOpenOdbcInterface.RegisterDbXpressLibAW
 0004:00006FAC       DbxOpenOdbcInterface.RegisterDbXpressLibW
 0004:00006FB0       DbxOpenOdbcInterface.RegisterDbXpressLibWA
 0004:00006FD0       DbxOpenOdbcTrace..9
 0001:000393F8       DbxOpenOdbcTrace.ArrayToStr
 0005:0000000C       DbxOpenOdbcTrace.bExceptionFlag
 0003:00001A2C       DbxOpenOdbcTrace.cBoolean
 0003:000019B4       DbxOpenOdbcTrace.cDbmsType
 0003:00001940       DbxOpenOdbcTrace.cOdbcDriverType
 0003:000018D4       DbxOpenOdbcTrace.cSQLCommandOption
 0003:000017E8       DbxOpenOdbcTrace.cSQLConnectionOption
 0003:00001934       DbxOpenOdbcTrace.cSQLCursorOption
 0003:000017D0       DbxOpenOdbcTrace.cSQLDriverOption
 0003:0000188C       DbxOpenOdbcTrace.cSQLMetaDataOption
 0003:00001920       DbxOpenOdbcTrace.cSTMTParamType
 0002:00000484       DbxOpenOdbcTrace.DbxOpenOdbcTrace
 0001:0003A460       DbxOpenOdbcTrace.Finalization
 0001:00039F00       DbxOpenOdbcTrace.GetExceptionInfoStr
 0001:0003A29C       DbxOpenOdbcTrace.GetTransactionDescStr
 0001:00039A8C       DbxOpenOdbcTrace.LogEnterProc
 0001:00039888       DbxOpenOdbcTrace.LogEnterProc
 0001:0003A014       DbxOpenOdbcTrace.LogExceptProc
 0001:00039E8C       DbxOpenOdbcTrace.LogExitProc
 0001:00039C74       DbxOpenOdbcTrace.LogExitProc
 0001:00039B00       DbxOpenOdbcTrace.LogInfoProc
 0001:000392D0       DbxOpenOdbcTrace.OutputDebugString
 0004:00006F88       DSIntf..2
 0003:00001514       DSIntf.DbClientHandle
 0002:000003F8       DSIntf.DSIntf
 0001:00026DF4       DSIntf.Finalization
 0004:00006F8C       DSIntf.Loading
 0004:0000280C       FastMM4..1
 0001:00005FC0       FastMM4..TFreedObject
 0001:0000686C       FastMM4.AllocateLargeBlock
 0004:00004A14       FastMM4.AllocationGroupStack
 0004:000059B4       FastMM4.AllocationGroupStackTop
 0001:000067B4       FastMM4.AllocNewSequentialFeedMediumPool
 0004:00002810       FastMM4.AllocSize2SmallBlockTypeIndX4
 0001:00006DE0       FastMM4.AppendEventLog
 0001:00006028       FastMM4.AppendModuleFileName
 0001:000063FC       FastMM4.AppendStringToBuffer
 0001:00006050       FastMM4.AppendStringToModuleName
 0001:00006734       FastMM4.BinMediumSequentialFeedRemainder
 0001:00006FD4       FastMM4.CalculateHeaderCheckSum
 0001:00006344       FastMM4.CardinalToHexBuf
 0001:00006228       FastMM4.CardinalToStrBuf
 0001:00007DA0       FastMM4.CheckBlockBeforeFreeOrRealloc
 0001:00008EE8       FastMM4.CheckBlocksOnShutdown
 0001:00009560       FastMM4.CheckCanInstallMemoryManager
 0001:00007CC0       FastMM4.CheckFreeBlockUnmodified
 0001:00008D34       FastMM4.CheckSmallBlockPoolForLeaks
 0003:000007E8       FastMM4.Copyright
 0004:000059B8       FastMM4.CurrentAllocationNumber
 0001:00007F14       FastMM4.DebugAllocMem
 0001:00007DF4       FastMM4.DebugFreeMem
 0001:00007D10       FastMM4.DebugGetMem
 0001:00007E5C       FastMM4.DebugReallocMem
 0001:00006DD0       FastMM4.DeleteEventLog
 0001:000070AC       FastMM4.DWordToStr
 0004:00004A0C       FastMM4.ExpectedMemoryLeaks
 0004:00004A10       FastMM4.ExpectedMemoryLeaksListLocked
 0001:00006D30       FastMM4.FastFreeMem
 0001:000069BC       FastMM4.FastGetMem
 0002:000000B0       FastMM4.FastMM4
 0004:00006460       FastMM4.FastMMIsInstalled
 0001:00006570       FastMM4.FillDWord
 0001:00009C14       FastMM4.Finalization
 0001:00006024       FastMM4.FindFirstSetBit
 0004:00005DC4       FastMM4.FreedObjectVMT
 0001:0000690C       FastMM4.FreeLargeBlock
 0001:00006CD8       FastMM4.FreeMediumBlock
 0001:00006580       FastMM4.GetAvailableSpaceInBlock
 0001:000065AC       FastMM4.GetFirstAndLastSmallBlockInPool
 0001:0000660C       FastMM4.GetFirstMediumBlockInPool
 0001:00008C9C       FastMM4.GetMemoryLeakType
 0001:00006540       FastMM4.GetObjectClass
 0001:00006218       FastMM4.GetStackTrace
 0003:000007D8       FastMM4.HexTable
 0001:00009994       FastMM4.InitializeMemoryManager
 0001:000066D8       FastMM4.InsertMediumBlockIntoBin
 0001:00009B8C       FastMM4.InstallMemoryManager
 0001:000064C0       FastMM4.InternalIsValidClass
 0004:00006461       FastMM4.IsMemoryManagerOwner
 0001:00006444       FastMM4.IsValidVMTAddress
 0004:000049FC       FastMM4.LargeBlocksCircularList
 0004:000049F8       FastMM4.LargeBlocksLocked
 0004:0000296C       FastMM4.LastSequentiallyFedMediumBlock
 0001:0000601C       FastMM4.LockCmpxchg
 0001:00008B94       FastMM4.LockExpectedMemoryLeaksList
 0001:00006830       FastMM4.LockLargeBlocks
 0001:0000664C       FastMM4.LockMediumBlocks
 0001:0000711C       FastMM4.LogBlockError
 0001:00007014       FastMM4.LogCurrentStackTrace
 0001:0000709C       FastMM4.LogMemoryDump
 0001:000078EC       FastMM4.LogMemoryLeakOrAllocatedBlock
 0001:00006220       FastMM4.LogStackTrace
 0004:00002978       FastMM4.MediumBlockBinBitmaps
 0004:00002974       FastMM4.MediumBlockBinGroupBitmap
 0004:000029F8       FastMM4.MediumBlockBins
 0004:00002958       FastMM4.MediumBlockPoolsCircularList
 0004:00002968       FastMM4.MediumBlocksLocked
 0004:00002970       FastMM4.MediumSequentialFeedBytesLeft
 0004:000059BC       FastMM4.MMLogFileName
 0001:000060A8       FastMM4.Move12
 0001:000060BC       FastMM4.Move20
 0001:000060DC       FastMM4.Move28
 0001:00006108       FastMM4.Move36
 0001:00006128       FastMM4.Move44
 0001:0000614C       FastMM4.Move52
 0001:00006178       FastMM4.Move60
 0001:000061A8       FastMM4.Move68
 0001:000061E0       FastMM4.MoveX16L4
 0004:00006448       FastMM4.NewMemoryManager
 0001:000065E8       FastMM4.NextMediumBlock
 0004:00006430       FastMM4.OldMemoryManager
 0001:00008BFC       FastMM4.RegisterExpectedMemoryLeak
 0001:00006688       FastMM4.RemoveMediumFreeBlock
 0004:00005DBC       FastMM4.ReservedBlock
 0001:00006F74       FastMM4.SetDefaultMMLogFileName
 0003:00000ECC       FastMM4.sFormat
 0004:00006462       FastMM4.ShowingMessageBox
 0001:00006418       FastMM4.ShowMessageBox
 0003:000007EC       FastMM4.SmallBlockTypes
 0001:00006FC4       FastMM4.SumCardinals
 0001:00007F3C       FastMM4.TFreedObject.GetVirtualMethodIndex
 0001:00008904       FastMM4.TFreedObject.InterfaceError
 0001:000083F4       FastMM4.TFreedObject.VirtualMethodError
 0001:00008C4C       FastMM4.UnregisterExpectedMemoryLeak
 0001:00008A3C       FastMM4.UpdateExpectedLeakList
 0001:00006FF4       FastMM4.UpdateHeaderAndFooterCheckSums
 0004:00005DC0       FastMM4.VMIndex
 0004:00006110       FastMM4.VMTBadInterface
 0003:000007B8       FastMM4Messages.StandardVirtualMethodNames
 0004:00006F64       FMTBcd..3
 0001:00020D00       FMTBcd..EBcdException
 0001:00020D5C       FMTBcd..EBcdOverflowException
 0001:00020F50       FMTBcd..TFMTBcdData
 0001:00020E9C       FMTBcd..TFMTBcdVariantType
 0001:000222A8       FMTBcd.AddChars
 0001:000241E0       FMTBcd.AddNormalizedFractions
 0001:00022388       FMTBcd.AddStrings
 0001:00024054       FMTBcd.AddSubtractNormalizedFractions
 0001:0002314C       FMTBcd.AdjustDecimalPosition
 0001:00024A8C       FMTBcd.AdjustNibbles
 0001:000251BC       FMTBcd.BcdAdd
 0001:00024D08       FMTBcd.BcdCompare
 0001:00025148       FMTBcd.BcdDivide
 0001:00024FBC       FMTBcd.BcdDivide
 0001:000210FC       FMTBcd.BcdError
 0001:0002108C       FMTBcd.BcdErrorFmt
 0001:00024E20       FMTBcd.BcdMultiply
 0001:00024F48       FMTBcd.BcdMultiply
 0001:000255A8       FMTBcd.BcdScale
 0001:00024DDC       FMTBcd.BcdSubtract
 0001:000257F0       FMTBcd.BCDToCurr
 0001:00021BB0       FMTBcd.BcdToDouble
 0001:00025314       FMTBcd.BcdToStr
 0001:00022F5C       FMTBcd.BlankArgument
 0001:00022DC8       FMTBcd.CanUseShort
 0001:000249B0       FMTBcd.CompactBcd
 0001:00021FDC       FMTBcd.CompareDigits
 0001:00024204       FMTBcd.CompareNormalizedFractions
 0001:00024598       FMTBcd.CompareSignificantFractions
 0001:0002564C       FMTBcd.CurrToBCD
 0003:00001340       FMTBcd.DValue
 0001:00020DC0       FMTBcd.EmptyBcd
 0001:0002591C       FMTBcd.Finalization
 0002:000002F0       FMTBcd.FMTBcd
 0003:00001438       FMTBcd.FMTBcdVariantType
 0001:00020E14       FMTBcd.GetBcdDigit
 0001:000255E8       FMTBcd.GetNextByte
 0001:000220E0       FMTBcd.GetValueAndMultiplyOrder
 0001:00023AF8       FMTBcd.InvalidBcdString
 0001:000255CC       FMTBcd.IsBcdNegative
 0001:00021F70       FMTBcd.LeftTrim
 0001:000244CC       FMTBcd.LoadNibbleArray
 0001:00024384       FMTBcd.MoveBytesToRight
 0001:000246A0       FMTBcd.MoveNibblesToLeft
 0001:00024414       FMTBcd.MoveNibblesToRight
 0001:0002307C       FMTBcd.NextDigit
 0001:000247D8       FMTBcd.NormalizeBcd
 0001:00024B10       FMTBcd.NormalizeBcdPair
 0003:0000131C       FMTBcd.NullBcd
 0001:00024970       FMTBcd.NumberOfDigits
 0001:0002111C       FMTBcd.OverflowError
 0001:00020E6C       FMTBcd.PutCurrencyDigit
 0001:00020DD8       FMTBcd.PutTwoBcdDigits
 0001:00023C10       FMTBcd.ReverseNegative
 0001:00021C8C       FMTBcd.RoundAt
 0001:00021C08       FMTBcd.RoundChar
 0001:00023FD0       FMTBcd.SignificantIntDigits
 0001:000229CC       FMTBcd.StringMultiplyByByte
 0001:00021B44       FMTBcd.StrToBcd
 0001:00022328       FMTBcd.SubtractChars
 0001:000241BC       FMTBcd.SubtractNormalizedFractions
 0001:00022530       FMTBcd.SubtractStrings
 0001:00021284       FMTBcd.TFMTBcdData.Compare
 0001:00021520       FMTBcd.TFMTBcdData.Create
 0001:00021578       FMTBcd.TFMTBcdData.Create
 0001:00021684       FMTBcd.TFMTBcdData.Create
 0001:00021738       FMTBcd.TFMTBcdData.Create
 0001:0002117C       FMTBcd.TFMTBcdData.DoAdd
 0001:0002113C       FMTBcd.TFMTBcdData.DoAdd
 0001:00021240       FMTBcd.TFMTBcdData.DoDivide
 0001:000211FC       FMTBcd.TFMTBcdData.DoMultiply
 0001:000211DC       FMTBcd.TFMTBcdData.DoSubtract
 0001:0002119C       FMTBcd.TFMTBcdData.DoSubtract
 0001:000213A4       FMTBcd.TFMTBcdData.GetAsCurrency
 0001:000212CC       FMTBcd.TFMTBcdData.GetAsDouble
 0001:00021328       FMTBcd.TFMTBcdData.GetAsInteger
 0001:00021384       FMTBcd.TFMTBcdData.GetAsSmallInt
 0001:000212AC       FMTBcd.TFMTBcdData.GetAsString
 0001:000214F8       FMTBcd.TFMTBcdData.SetAsCurrency
 0001:000213F8       FMTBcd.TFMTBcdData.SetAsDouble
 0001:0002146C       FMTBcd.TFMTBcdData.SetAsInteger
 0001:000214D8       FMTBcd.TFMTBcdData.SetAsSmallInt
 0001:000213C4       FMTBcd.TFMTBcdData.SetAsString
 0001:00021A80       FMTBcd.TFMTBcdVariantType.BinaryOp
 0001:000217A8       FMTBcd.TFMTBcdVariantType.Cast
 0001:000218E0       FMTBcd.TFMTBcdVariantType.CastTo
 0001:00021784       FMTBcd.TFMTBcdVariantType.Clear
 0001:00021B18       FMTBcd.TFMTBcdVariantType.Compare
 0001:00021A20       FMTBcd.TFMTBcdVariantType.Copy
 0001:00021AFC       FMTBcd.TFMTBcdVariantType.GetInstance
 0001:00023C74       FMTBcd.TryStrToBcd
 0001:000233C8       FMTBcd.ValueOverOne
 0001:00023C38       FMTBcd.ZeroBcd
 0001:000239C4       FMTBcd._Divide
 0001:000236DC       FMTBcd._LongDivide
 0001:00022ACC       FMTBcd._LongMultiply
 0001:00023004       FMTBcd._Multiply
 0001:00022784       FMTBcd._ShortMultiply
 0004:00006FB8       IniFiles..8
 0001:000279A4       IniFiles.Finalization
 0002:00000444       IniFiles.IniFiles
 0003:0000164C       IniFiles.Values
 0004:00006FC0       OdbcApi..5
 0001:0002808C       OdbcApi..EOdbcApi
 0001:000280E4       OdbcApi..EOdbcApiNotImplemented
 0001:00028704       OdbcApi..TOdbcApiIntfImpl
 0001:00028148       OdbcApi..TOdbcApiProxy
 0001:000287A4       OdbcApi..TStringHash
 0001:0002CE14       OdbcApi.DoSQLFreeHandle
 0001:00028B88       OdbcApi.ExtractNextLibName
 0001:000327BC       OdbcApi.Finalization
 0004:00006FC4       OdbcApi.fOdbcApiCache
 0001:00028C54       OdbcApi.GetProcAddressEx
 0001:00028D30       OdbcApi.LoadOdbcDriverManager
 0002:00000454       OdbcApi.OdbcApi
 0001:00030D84       OdbcApi.TOdbcApiIntfImpl.CheckAvailableProxy
 0001:00030DE0       OdbcApi.TOdbcApiIntfImpl.FireVSDebugEvent
 0001:00030E08       OdbcApi.TOdbcApiIntfImpl.ODBCGetTryWaitValue
 0001:00030E30       OdbcApi.TOdbcApiIntfImpl.ODBCSetTryWaitValue
 0001:00031054       OdbcApi.TOdbcApiIntfImpl.SQLAllocConnect
 0001:00031088       OdbcApi.TOdbcApiIntfImpl.SQLAllocEnv
 0001:000310B8       OdbcApi.TOdbcApiIntfImpl.SQLAllocHandle
 0001:000310F4       OdbcApi.TOdbcApiIntfImpl.SQLAllocHandleStd
 0001:00031130       OdbcApi.TOdbcApiIntfImpl.SQLAllocStmt
 0001:00031164       OdbcApi.TOdbcApiIntfImpl.SQLBindCol
 0001:000311B0       OdbcApi.TOdbcApiIntfImpl.SQLBindParam
 0001:00031204       OdbcApi.TOdbcApiIntfImpl.SQLBindParameter
 0001:00031260       OdbcApi.TOdbcApiIntfImpl.SQLBrowseConnect
 0001:000312A8       OdbcApi.TOdbcApiIntfImpl.SQLBulkOperations
 0001:000312E0       OdbcApi.TOdbcApiIntfImpl.SQLCancel
 0001:00031310       OdbcApi.TOdbcApiIntfImpl.SQLCloseCursor
 0001:00031340       OdbcApi.TOdbcApiIntfImpl.SQLColAttribute
 0001:00031390       OdbcApi.TOdbcApiIntfImpl.SQLColAttributeInt
 0001:000313E0       OdbcApi.TOdbcApiIntfImpl.SQLColAttributes
 0001:00031430       OdbcApi.TOdbcApiIntfImpl.SQLColAttributeString
 0001:00031480       OdbcApi.TOdbcApiIntfImpl.SQLColumnPrivileges
 0001:000314D8       OdbcApi.TOdbcApiIntfImpl.SQLColumns
 0001:00031530       OdbcApi.TOdbcApiIntfImpl.SQLConnect
 0001:00031580       OdbcApi.TOdbcApiIntfImpl.SQLCopyDesc
 0001:000315B4       OdbcApi.TOdbcApiIntfImpl.SQLDataSources
 0001:00031608       OdbcApi.TOdbcApiIntfImpl.SQLDescribeCol
 0001:00031660       OdbcApi.TOdbcApiIntfImpl.SQLDescribeParam
 0001:000316A8       OdbcApi.TOdbcApiIntfImpl.SQLDisconnect
 0001:000316D8       OdbcApi.TOdbcApiIntfImpl.SQLDriverConnect
 0001:0003172C       OdbcApi.TOdbcApiIntfImpl.SQLDrivers
 0001:00031780       OdbcApi.TOdbcApiIntfImpl.SQLEndTran
 0001:000317C0       OdbcApi.TOdbcApiIntfImpl.SQLError
 0001:00031810       OdbcApi.TOdbcApiIntfImpl.SQLExecDirect
 0001:0003184C       OdbcApi.TOdbcApiIntfImpl.SQLExecute
 0001:0003187C       OdbcApi.TOdbcApiIntfImpl.SQLExtendedFetch
 0001:000318C0       OdbcApi.TOdbcApiIntfImpl.SQLFetch
 0001:000318F0       OdbcApi.TOdbcApiIntfImpl.SQLFetchScroll
 0001:0003192C       OdbcApi.TOdbcApiIntfImpl.SQLForeignKeys
 0001:00031994       OdbcApi.TOdbcApiIntfImpl.SQLFreeConnect
 0001:000319C4       OdbcApi.TOdbcApiIntfImpl.SQLFreeEnv
 0001:000319F4       OdbcApi.TOdbcApiIntfImpl.SQLFreeHandle
 0001:00031A2C       OdbcApi.TOdbcApiIntfImpl.SQLFreeStmt
 0001:00031A64       OdbcApi.TOdbcApiIntfImpl.SQLFunctionSupported
 0001:00031A98       OdbcApi.TOdbcApiIntfImpl.SQLGetConnectAttr
 0001:00031ADC       OdbcApi.TOdbcApiIntfImpl.SQLGetConnectOption
 0001:00031B18       OdbcApi.TOdbcApiIntfImpl.SQLGetCursorName
 0001:00031B58       OdbcApi.TOdbcApiIntfImpl.SQLGetData
 0001:00031BA4       OdbcApi.TOdbcApiIntfImpl.SQLGetDescField
 0001:00031BF0       OdbcApi.TOdbcApiIntfImpl.SQLGetDescRec
 0001:00031C50       OdbcApi.TOdbcApiIntfImpl.SQLGetDiagField
 0001:00031CA0       OdbcApi.TOdbcApiIntfImpl.SQLGetDiagRec
 0001:00031CF4       OdbcApi.TOdbcApiIntfImpl.SQLGetEnvAttr
 0001:00031D38       OdbcApi.TOdbcApiIntfImpl.SQLGetFunctions
 0001:00031D74       OdbcApi.TOdbcApiIntfImpl.SQLGetInfo
 0001:00031DBC       OdbcApi.TOdbcApiIntfImpl.SQLGetInfoInt
 0001:00031E04       OdbcApi.TOdbcApiIntfImpl.SQLGetInfoSmallint
 0001:00031E4C       OdbcApi.TOdbcApiIntfImpl.SQLGetInfoString
 0001:00031E94       OdbcApi.TOdbcApiIntfImpl.SQLGetStmtAttr
 0001:00031ED8       OdbcApi.TOdbcApiIntfImpl.SQLGetStmtOption
 0001:00031F14       OdbcApi.TOdbcApiIntfImpl.SQLGetTypeInfo
 0001:00031F4C       OdbcApi.TOdbcApiIntfImpl.SQLMoreResults
 0001:00031F7C       OdbcApi.TOdbcApiIntfImpl.SQLNativeSql
 0001:00031FC4       OdbcApi.TOdbcApiIntfImpl.SQLNumParams
 0001:00031FF8       OdbcApi.TOdbcApiIntfImpl.SQLNumResultCols
 0001:0003202C       OdbcApi.TOdbcApiIntfImpl.SQLParamData
 0001:00032060       OdbcApi.TOdbcApiIntfImpl.SQLParamOptions
 0001:0003209C       OdbcApi.TOdbcApiIntfImpl.SQLPrepare
 0001:000320D8       OdbcApi.TOdbcApiIntfImpl.SQLPrimaryKeys
 0001:00032128       OdbcApi.TOdbcApiIntfImpl.SQLProcedureColumns
 0001:00032180       OdbcApi.TOdbcApiIntfImpl.SQLProcedures
 0001:000321D0       OdbcApi.TOdbcApiIntfImpl.SQLPutData
 0001:0003220C       OdbcApi.TOdbcApiIntfImpl.SQLRowCount
 0001:00032240       OdbcApi.TOdbcApiIntfImpl.SQLSetConnectAttr
 0001:00032280       OdbcApi.TOdbcApiIntfImpl.SQLSetConnectOption
 0001:000322BC       OdbcApi.TOdbcApiIntfImpl.SQLSetCursorName
 0001:000322F8       OdbcApi.TOdbcApiIntfImpl.SQLSetDescField
 0001:00032340       OdbcApi.TOdbcApiIntfImpl.SQLSetDescRec
 0001:0003239C       OdbcApi.TOdbcApiIntfImpl.SQLSetEnvAttr
 0001:000323DC       OdbcApi.TOdbcApiIntfImpl.SQLSetParam
 0001:00032430       OdbcApi.TOdbcApiIntfImpl.SQLSetPos
 0001:00032474       OdbcApi.TOdbcApiIntfImpl.SQLSetScrollOptions
 0001:000324B8       OdbcApi.TOdbcApiIntfImpl.SQLSetStmtAttr
 0001:000324F8       OdbcApi.TOdbcApiIntfImpl.SQLSetStmtOption
 0001:00032534       OdbcApi.TOdbcApiIntfImpl.SQLSpecialColumns
 0001:00032594       OdbcApi.TOdbcApiIntfImpl.SQLStatistics
 0001:000325EC       OdbcApi.TOdbcApiIntfImpl.SQLTablePrivileges
 0001:0003263C       OdbcApi.TOdbcApiIntfImpl.SQLTables
 0001:00032694       OdbcApi.TOdbcApiIntfImpl.SQLTransact
 0001:00030E5C       OdbcApi.TOdbcApiIntfImpl.SQL_ADD_RECORD
 0001:00030E94       OdbcApi.TOdbcApiIntfImpl.SQL_DELETE_RECORD
 0001:00030ECC       OdbcApi.TOdbcApiIntfImpl.SQL_FUNC_EXISTS
 0001:00030F04       OdbcApi.TOdbcApiIntfImpl.SQL_LEN_BINARY_ATTR
 0001:00030F34       OdbcApi.TOdbcApiIntfImpl.SQL_LEN_DATA_AT_EXEC
 0001:00030F64       OdbcApi.TOdbcApiIntfImpl.SQL_LOCK_RECORD
 0001:00030FA4       OdbcApi.TOdbcApiIntfImpl.SQL_POSITION_TO
 0001:00030FDC       OdbcApi.TOdbcApiIntfImpl.SQL_REFRESH_RECORD
 0001:0003101C       OdbcApi.TOdbcApiIntfImpl.SQL_UPDATE_RECORD
 0001:000326D0       OdbcApi.TOdbcApiIntfImpl.TraceCloseLogFile
 0001:000326F8       OdbcApi.TOdbcApiIntfImpl.TraceOpenLogFile
 0001:00032734       OdbcApi.TOdbcApiIntfImpl.TraceReturn
 0001:00032764       OdbcApi.TOdbcApiIntfImpl.TraceVersion
 0001:0003278C       OdbcApi.TOdbcApiIntfImpl.TraceVSControl
 0001:0002ACF0       OdbcApi.TOdbcApiProxy.BeginLock
 0001:0002AB38       OdbcApi.TOdbcApiProxy.Destroy
 0001:0002AD04       OdbcApi.TOdbcApiProxy.EndLock
 0001:00030990       OdbcApi.TOdbcApiProxy.FireVSDebugEvent
 0001:00030D24       OdbcApi.TOdbcApiProxy.GetOdbcApiIntf
 0001:0002ABD0       OdbcApi.TOdbcApiProxy.NotImplemented
 0001:000309EC       OdbcApi.TOdbcApiProxy.ODBCGetTryWaitValue
 0001:00030A4C       OdbcApi.TOdbcApiProxy.ODBCSetTryWaitValue
 0001:00030C64       OdbcApi.TOdbcApiProxy.SetOdbcDriverLevel
 0001:0002AD18       OdbcApi.TOdbcApiProxy.SQLAllocConnect
 0001:0002AD64       OdbcApi.TOdbcApiProxy.SQLAllocEnv
 0001:0002AE24       OdbcApi.TOdbcApiProxy.SQLAllocHandle
 0001:0002ADB0       OdbcApi.TOdbcApiProxy.SQLAllocHandleStd
 0001:0002AEF8       OdbcApi.TOdbcApiProxy.SQLAllocStmt
 0001:0002AF44       OdbcApi.TOdbcApiProxy.SQLBindCol
 0001:0002AFB8       OdbcApi.TOdbcApiProxy.SQLBindParam
 0001:0002B038       OdbcApi.TOdbcApiProxy.SQLBindParameter
 0001:0002B0CC       OdbcApi.TOdbcApiProxy.SQLBrowseConnect
 0001:0002B280       OdbcApi.TOdbcApiProxy.SQLBulkOperations
 0001:0002B2F0       OdbcApi.TOdbcApiProxy.SQLCancel
 0001:0002B348       OdbcApi.TOdbcApiProxy.SQLCloseCursor
 0001:0002B3C4       OdbcApi.TOdbcApiProxy.SQLColAttribute
 0001:0002B5F0       OdbcApi.TOdbcApiProxy.SQLColAttributeInt
 0001:0002B678       OdbcApi.TOdbcApiProxy.SQLColAttributes
 0001:0002B634       OdbcApi.TOdbcApiProxy.SQLColAttributeString
 0001:0002B83C       OdbcApi.TOdbcApiProxy.SQLColumnPrivileges
 0001:0002B9CC       OdbcApi.TOdbcApiProxy.SQLColumns
 0001:0002BBA0       OdbcApi.TOdbcApiProxy.SQLConnect
 0001:0002BD34       OdbcApi.TOdbcApiProxy.SQLCopyDesc
 0001:0002BD94       OdbcApi.TOdbcApiProxy.SQLDataSources
 0001:0002BF9C       OdbcApi.TOdbcApiProxy.SQLDescribeCol
 0001:0002C148       OdbcApi.TOdbcApiProxy.SQLDescribeParam
 0001:0002C1C8       OdbcApi.TOdbcApiProxy.SQLDisconnect
 0001:0002C224       OdbcApi.TOdbcApiProxy.SQLDriverConnect
 0001:0002C3FC       OdbcApi.TOdbcApiProxy.SQLDrivers
 0001:0002C664       OdbcApi.TOdbcApiProxy.SQLEndTran
 0001:0002C728       OdbcApi.TOdbcApiProxy.SQLError
 0001:0002C8F0       OdbcApi.TOdbcApiProxy.SQLExecDirect
 0001:0002C9D8       OdbcApi.TOdbcApiProxy.SQLExecute
 0001:0002CA30       OdbcApi.TOdbcApiProxy.SQLExtendedFetch
 0001:0002CAAC       OdbcApi.TOdbcApiProxy.SQLFetch
 0001:0002CB04       OdbcApi.TOdbcApiProxy.SQLFetchScroll
 0001:0002CB70       OdbcApi.TOdbcApiProxy.SQLForeignKeys
 0001:0002CD58       OdbcApi.TOdbcApiProxy.SQLFreeConnect
 0001:0002CDB8       OdbcApi.TOdbcApiProxy.SQLFreeEnv
 0001:0002CEE0       OdbcApi.TOdbcApiProxy.SQLFreeHandle
 0001:0002CF68       OdbcApi.TOdbcApiProxy.SQLFreeStmt
 0001:0002DC48       OdbcApi.TOdbcApiProxy.SQLFunctionSupported
 0001:0002CFD0       OdbcApi.TOdbcApiProxy.SQLGetConnectAttr
 0001:0002D240       OdbcApi.TOdbcApiProxy.SQLGetConnectOption
 0001:0002D358       OdbcApi.TOdbcApiProxy.SQLGetCursorName
 0001:0002D4C4       OdbcApi.TOdbcApiProxy.SQLGetData
 0001:0002D53C       OdbcApi.TOdbcApiProxy.SQLGetDescField
 0001:0002D6E8       OdbcApi.TOdbcApiProxy.SQLGetDescRec
 0001:0002D880       OdbcApi.TOdbcApiProxy.SQLGetDiagField
 0001:0002D9F8       OdbcApi.TOdbcApiProxy.SQLGetDiagRec
 0001:0002DBD0       OdbcApi.TOdbcApiProxy.SQLGetEnvAttr
 0001:0002DC88       OdbcApi.TOdbcApiProxy.SQLGetFunctions
 0001:0002E8E4       OdbcApi.TOdbcApiProxy.SQLGetInfo
 0001:0002EAB0       OdbcApi.TOdbcApiProxy.SQLGetInfoInt
 0001:0002EAE8       OdbcApi.TOdbcApiProxy.SQLGetInfoSmallint
 0001:0002EB20       OdbcApi.TOdbcApiProxy.SQLGetInfoString
 0001:0002EB5C       OdbcApi.TOdbcApiProxy.SQLGetStmtAttr
 0001:0002ED1C       OdbcApi.TOdbcApiProxy.SQLGetStmtOption
 0001:0002ED90       OdbcApi.TOdbcApiProxy.SQLGetTypeInfo
 0001:0002EE20       OdbcApi.TOdbcApiProxy.SQLMoreResults
 0001:0002EE5C       OdbcApi.TOdbcApiProxy.SQLNativeSql
 0001:0002EFE4       OdbcApi.TOdbcApiProxy.SQLNumParams
 0001:0002F04C       OdbcApi.TOdbcApiProxy.SQLNumResultCols
 0001:0002F0B8       OdbcApi.TOdbcApiProxy.SQLParamData
 0001:0002F120       OdbcApi.TOdbcApiProxy.SQLParamOptions
 0001:0002F190       OdbcApi.TOdbcApiProxy.SQLPrepare
 0001:0002F278       OdbcApi.TOdbcApiProxy.SQLPrimaryKeys
 0001:0002F3FC       OdbcApi.TOdbcApiProxy.SQLProcedureColumns
 0001:0002F5BC       OdbcApi.TOdbcApiProxy.SQLProcedures
 0001:0002F740       OdbcApi.TOdbcApiProxy.SQLPutData
 0001:0002F7AC       OdbcApi.TOdbcApiProxy.SQLRowCount
 0001:0002F810       OdbcApi.TOdbcApiProxy.SQLSetConnectAttr
 0001:0002F96C       OdbcApi.TOdbcApiProxy.SQLSetConnectOption
 0001:0002FA08       OdbcApi.TOdbcApiProxy.SQLSetCursorName
 0001:0002FB08       OdbcApi.TOdbcApiProxy.SQLSetDescField
 0001:0002FC18       OdbcApi.TOdbcApiProxy.SQLSetDescRec
 0001:0002FCA8       OdbcApi.TOdbcApiProxy.SQLSetEnvAttr
 0001:0002FD1C       OdbcApi.TOdbcApiProxy.SQLSetParam
 0001:0002FDA0       OdbcApi.TOdbcApiProxy.SQLSetPos
 0001:0002FE14       OdbcApi.TOdbcApiProxy.SQLSetScrollOptions
 0001:0002FE8C       OdbcApi.TOdbcApiProxy.SQLSetStmtAttr
 0001:0002FFE0       OdbcApi.TOdbcApiProxy.SQLSetStmtOption
 0001:00030054       OdbcApi.TOdbcApiProxy.SQLSpecialColumns
 0001:000301FC       OdbcApi.TOdbcApiProxy.SQLStatistics
 0001:000303C0       OdbcApi.TOdbcApiProxy.SQLTablePrivileges
 0001:00030544       OdbcApi.TOdbcApiProxy.SQLTables
 0001:00030734       OdbcApi.TOdbcApiProxy.SQLTransact
 0001:00030AB0       OdbcApi.TOdbcApiProxy.SQL_ADD_RECORD
 0001:00030AE0       OdbcApi.TOdbcApiProxy.SQL_DELETE_RECORD
 0001:00030B10       OdbcApi.TOdbcApiProxy.SQL_FUNC_EXISTS
 0001:00030B5C       OdbcApi.TOdbcApiProxy.SQL_LEN_BINARY_ATTR
 0001:00030B7C       OdbcApi.TOdbcApiProxy.SQL_LEN_DATA_AT_EXEC
 0001:00030B9C       OdbcApi.TOdbcApiProxy.SQL_LOCK_RECORD
 0001:00030BD0       OdbcApi.TOdbcApiProxy.SQL_POSITION_TO
 0001:00030C00       OdbcApi.TOdbcApiProxy.SQL_REFRESH_RECORD
 0001:00030C34       OdbcApi.TOdbcApiProxy.SQL_UPDATE_RECORD
 0001:000307A0       OdbcApi.TOdbcApiProxy.TraceCloseLogFile
 0001:00030800       OdbcApi.TOdbcApiProxy.TraceOpenLogFile
 0001:00030874       OdbcApi.TOdbcApiProxy.TraceReturn
 0001:000308D0       OdbcApi.TOdbcApiProxy.TraceVersion
 0001:0003092C       OdbcApi.TOdbcApiProxy.TraceVSControl
 0001:000289CC       OdbcApi.TStringHash.Add
 0001:00028B5C       OdbcApi.TStringHash.BeginLock
 0001:000288D0       OdbcApi.TStringHash.Clear
 0001:00028814       OdbcApi.TStringHash.Create
 0001:00028888       OdbcApi.TStringHash.Destroy
 0001:00028B70       OdbcApi.TStringHash.EndLock
 0001:00028AF4       OdbcApi.TStringHash.Find
 0001:00028964       OdbcApi.TStringHash.HashOf
 0001:00028A54       OdbcApi.TStringHash.Remove
 0001:00028AB8       OdbcApi.TStringHash.ValueOf
 0001:0002AAC4       OdbcApi.UnLoadOdbcDriverManager
 0004:00006FC8       RegExpr..3
 0001:000328E8       RegExpr..ERegExpr
 0001:00032868       RegExpr..TRegExpr
 0001:00036AAC       RegExpr.ClearMatchs
 0001:00034080       RegExpr.EmitComplexBraces
 0001:000346F4       RegExpr.EmitExactly
 0001:000347A8       RegExpr.EmitRange
 0001:000348A4       RegExpr.EmitRangeC
 0001:00034860       RegExpr.EmitRangeCPrim
 0001:00034AB4       RegExpr.EmitRangeStr
 0001:00034178       RegExpr.EmitSimpleBraces
 0001:00034A98       RegExpr.EmitSimpleRangeC
 0001:00036F64       RegExpr.Finalization
 0001:00034764       RegExpr.HexDig
 0003:0000168C       RegExpr.META
 0001:00034020       RegExpr.parsenum
 0002:00000474       RegExpr.RegExpr
 0003:00001680       RegExpr.RegExprInvertCaseFunction
 0003:0000167C       RegExpr.RegExprLinePairedSeparator
 0003:00001678       RegExpr.RegExprLineSeparators
 0003:00001688       RegExpr.RegExprMetaSet
 0003:00001668       RegExpr.RegExprModifierG
 0003:0000165C       RegExpr.RegExprModifierI
 0003:0000166C       RegExpr.RegExprModifierM
 0003:00001660       RegExpr.RegExprModifierR
 0003:00001664       RegExpr.RegExprModifierS
 0003:00001670       RegExpr.RegExprSpaceChars
 0003:00001674       RegExpr.RegExprWordChars
 0001:00036AD4       RegExpr.RegMatch
 0001:00036E6C       RegExpr.ReturnAddr
 0001:00033AEC       RegExpr.strcspn
 0001:000338F4       RegExpr.TRegExpr.Compile
 0001:00033B10       RegExpr.TRegExpr.CompileRegExpr
 0001:00033498       RegExpr.TRegExpr.Create
 0001:000335AC       RegExpr.TRegExpr.Destroy
 0001:00033A64       RegExpr.TRegExpr.EmitC
 0001:00033A28       RegExpr.TRegExpr.EmitNode
 0001:00036E70       RegExpr.TRegExpr.Error
 0001:00032958       RegExpr.TRegExpr.ErrorMsg
 0001:00036A94       RegExpr.TRegExpr.Exec
 0001:00036B24       RegExpr.TRegExpr.ExecPrim
 0001:00036638       RegExpr.TRegExpr.FillFirstCharSet
 0001:00035728       RegExpr.TRegExpr.GetCompilerErrorPos
 0001:000337EC       RegExpr.TRegExpr.GetModifier
 0001:00033A88       RegExpr.TRegExpr.InsertOperator
 0001:000338D8       RegExpr.TRegExpr.InvalidateProgramm
 0001:000335F4       RegExpr.TRegExpr.InvertCaseFunction
 0001:00033914       RegExpr.TRegExpr.IsProgrammOk
 0001:00035A5C       RegExpr.TRegExpr.MatchPrim
 0001:00033A08       RegExpr.TRegExpr.OpTail
 0001:00034C3C       RegExpr.TRegExpr.ParseAtom
 0001:00033F80       RegExpr.TRegExpr.ParseBranch
 0001:00033610       RegExpr.TRegExpr.ParseModifiersStr
 0001:000341EC       RegExpr.TRegExpr.ParsePiece
 0001:00033DB8       RegExpr.TRegExpr.ParseReg
 0001:00035A40       RegExpr.TRegExpr.regnext
 0001:00035748       RegExpr.TRegExpr.regrepeat
 0001:00036D00       RegExpr.TRegExpr.SetInputString
 0001:00036DC8       RegExpr.TRegExpr.SetLinePairedSeparator
 0001:00033860       RegExpr.TRegExpr.SetModifier
 0001:000339CC       RegExpr.TRegExpr.Tail
[...]
 18185 0001:0006F0BD 18189 0001:0006F0C5 18191 0001:0006F0D8 18198 0001:0006F110
 18200 0001:0006F11B 18201 0001:0006F12A 18202 0001:0006F13F 18203 0001:0006F154
 18204 0001:0006F169 18205 0001:0006F17E 18206 0001:0006F193 18209 0001:0006F19F
 18210 0001:0006F1AC 18211 0001:0006F1D4 18212 0001:0006F1DB 18215 0001:0006F1EE
 18217 0001:0006F203 18223 0001:0006F218 18225 0001:0006F223 18226 0001:0006F22A
 18228 0001:0006F23B 18264 0001:0006F263 18273 0001:0006F270 18274 0001:0006F27F
 18275 0001:0006F294 18276 0001:0006F2A9 18277 0001:0006F2C7 18278 0001:0006F2E5
 18281 0001:0006F311 18283 0001:0006F31E 18284 0001:0006F32A 18285 0001:0006F33F
 18286 0001:0006F34B 18288 0001:0006F35A 18289 0001:0006F36E 18291 0001:0006F37F
 18293 0001:0006F38D 18294 0001:0006F399 18295 0001:0006F3A3 18297 0001:0006F3AE
 18223 0001:0006F3C3 18300 0001:0006F3CE 18301 0001:0006F3E3 18302 0001:0006F3EA
 18303 0001:0006F3FB 18304 0001:0006F414 18305 0001:0006F41B 18312 0001:0006F42C
 18319 0001:0006F477 18320 0001:0006F47E 18325 0001:0006F4A9 18327 0001:0006F4B4
 18328 0001:0006F4C3 18329 0001:0006F4D8 18330 0001:0006F4ED 18331 0001:0006F502
 18332 0001:0006F517 18333 0001:0006F52C 18336 0001:0006F541 18338 0001:0006F556
 18339 0001:0006F56B 18341 0001:0006F590 18342 0001:0006F597 18343 0001:0006F5A8
 18345 0001:0006F5BD 18346 0001:0006F5D2 18348 0001:0006F5DD 18349 0001:0006F5E4
 18351 0001:0006F5F5 18353 0001:0006F600 18361 0001:0006F676 18363 0001:0006F6A2
 18364 0001:0006F6AE 18365 0001:0006F6C3 18366 0001:0006F6D4 18368 0001:0006F6E8
 18370 0001:0006F6F6 18371 0001:0006F702 18373 0001:0006F717 18376 0001:0006F751
 18377 0001:0006F75D 18379 0001:0006F776 18380 0001:0006F781 18383 0001:0006F7E1
 18386 0001:0006F7EF 18389 0001:0006F7FB 18390 0001:0006F82C 18392 0001:0006F838
 18394 0001:0006F842 18396 0001:0006F848 18397 0001:0006F859 18401 0001:0006F86A
 18405 0001:0006F87A 18406 0001:0006F88E 18407 0001:0006F8A1 18409 0001:0006F8AB
 18411 0001:0006F8B4 18412 0001:0006F8C2 18413 0001:0006F8D3 18414 0001:0006F8F0
 18419 0001:0006F906 18423 0001:0006F955 18424 0001:0006F966 18426 0001:0006F97A
 18428 0001:0006F997 18429 0001:0006F9AB 18431 0001:0006F9BD 18433 0001:0006F9C3
 18434 0001:0006F9D4 18437 0001:0006F9E5 18438 0001:0006F9ED 18440 0001:0006FA22
 18441 0001:0006FA61 18442 0001:0006FA74 18443 0001:0006FA7A 18446 0001:0006FAAC
 18407 0001:0006FAB1 18452 0001:0006FABB 18346 0001:0006FAD0 18455 0001:0006FADB
 18456 0001:0006FAF0 18457 0001:0006FAF7 18458 0001:0006FB08 18459 0001:0006FB21
 18460 0001:0006FB28 18462 0001:0006FB39 18182 0001:0006FB3F 18464 0001:0006FB4B
 18465 0001:0006FB53 18466 0001:0006FB5B 18467 0001:0006FB65 18468 0001:0006FB6F
 18469 0001:0006FB79 18471 0001:0006FB81 18473 0001:0006FBA4 18475 0001:0006FBBB
 18476 0001:0006FBC7 18478 0001:0006FBEB 18479 0001:0006FBF7 18481 0001:0006FC1B
 18482 0001:0006FC27 18483 0001:0006FC4B 18471 0001:0006FC51 18485 0001:0006FC5D
 18487 0001:0006FC80 18489 0001:0006FC97 18490 0001:0006FCA3 18492 0001:0006FCC7
 18493 0001:0006FCD3 18495 0001:0006FCF7 18496 0001:0006FD03 18498 0001:0006FD27
 18499 0001:0006FD36 18501 0001:0006FD5D 18502 0001:0006FD6C 18504 0001:0006FD93
 18505 0001:0006FDA2 18507 0001:0006FDC9 18508 0001:0006FDD5 18510 0001:0006FDF9
 18511 0001:0006FE05 18513 0001:0006FE29 18514 0001:0006FE35 18515 0001:0006FE59
 18485 0001:0006FE5F 18523 0001:0006FE78 18524 0001:0006FE80 18525 0001:0006FE88
 18526 0001:0006FE90 18527 0001:0006FE98 18528 0001:0006FEA0 18529 0001:0006FEA8
 18530 0001:0006FEB0 18531 0001:0006FEB8 18532 0001:0006FEC0 18533 0001:0006FEC8
 18535 0001:0006FED0 18538 0001:0006FED9 18539 0001:0006FEF0 18542 0001:0006FF09
 18546 0001:0006FF40 18547 0001:0006FF6F 18549 0001:0006FF83 18553 0001:000700D8
 18554 0001:000700F7 18555 0001:00070142 18556 0001:00070150 18558 0001:00070194
 18560 0001:000701A2 18562 0001:000701BB 18564 0001:000701D4 18566 0001:000701ED
 18568 0001:00070206 18570 0001:0007021C 18572 0001:00070232 18574 0001:0007023D
 18576 0001:00070248 18578 0001:00070253 18580 0001:00070269 18588 0001:00070299
 18589 0001:000702BC 18591 0001:000702C5 18593 0001:000702E6 18595 0001:000702E9
 18596 0001:000702F0 18597 0001:00070301 18598 0001:00070307 18602 0001:0007033E
 18603 0001:00070367 18605 0001:00070399 18611 0001:0007046C 18612 0001:00070475
 18613 0001:000704C0 18618 0001:000704D6 18619 0001:000704DF 18621 0001:00070504
 18624 0001:00070527 18625 0001:00070550 18627 0001:00070583 18631 0001:000705F8
 18632 0001:00070617 18633 0001:00070662 18635 0001:00070668 18636 0001:0007066E
 18638 0001:00070680 18639 0001:0007068E 18642 0001:00070697 18643 0001:000706A2
 18646 0001:000706AB 18650 0001:000706DB 18652 0001:000706FC 18654 0001:000706FF
 18655 0001:00070706 18656 0001:0007070F 18657 0001:00070720 18658 0001:00070726
 18662 0001:0007075D 18663 0001:00070786 18665 0001:000707D4 18669 0001:000708AC
 18670 0001:000708CB 18671 0001:00070916 18673 0001:0007091C 18674 0001:00070922
 18676 0001:00070934 18677 0001:00070942 18680 0001:00070953 18681 0001:00070963
 18685 0001:0007096C 18686 0001:0007097C 18689 0001:00070985 18693 0001:000709B5
 18695 0001:000709D6 18697 0001:000709D9 18698 0001:000709E2 18699 0001:000709EA
 18700 0001:000709FB 18701 0001:00070A01 18705 0001:00070A38 18706 0001:00070A61
 18708 0001:00070AB0 18712 0001:00070B88 18714 0001:00070BA7 18715 0001:00070BB0
 18716 0001:00070BBC 18717 0001:00070BC2 18718 0001:00070BDE 18720 0001:00070C07
 18722 0001:00070C0D 18723 0001:00070C13 18725 0001:00070C25 18726 0001:00070C33
 18730 0001:00070C7C 18733 0001:00070CB5 18734 0001:00070CBD 18735 0001:00070CC9
 18737 0001:00070CDF 18739 0001:00070CF8 18743 0001:00070D03 18746 0001:00070D36
 18747 0001:00070D3E 18748 0001:00070D4A 18750 0001:00070D60 18752 0001:00070D79
 18756 0001:00070D84 18757 0001:00070D90 18759 0001:00070DA3 18760 0001:00070DB7
 18764 0001:00070DC3 18765 0001:00070DD4 18769 0001:00070DE0 18774 0001:00070E10
 18775 0001:00070E17 18779 0001:00070E33 18780 0001:00070E3C 18785 0001:00070E47
 18786 0001:00070E58 18792 0001:00070E64 18793 0001:00070E72 18794 0001:00070E79
 18798 0001:00070E82 18800 0001:00070E8B 18801 0001:00070E94 18805 0001:00070E9C
 18806 0001:00070EAD 18810 0001:00070EB6 18814 0001:00070EE6 18816 0001:00070F07
 18818 0001:00070F0A 18819 0001:00070F13 18820 0001:00070F19 18821 0001:00070F2A
 18822 0001:00070F30 18826 0001:00070F67 18827 0001:00070F90 18829 0001:00070FDC
 18832 0001:000710B4 18833 0001:000710BD 18834 0001:000710EB 18835 0001:000710F1
 18837 0001:0007110B 18838 0001:00071123 18841 0001:0007112B 18843 0001:0007114C
 18844 0001:00071175 18846 0001:00071189 18898 0001:0007124C 18899 0001:0007126A
 18900 0001:00071292 18901 0001:0007129F 18902 0001:000712A9 18903 0001:000712B3
 18905 0001:000712D8 18906 0001:00071301 18908 0001:00071315 18913 0001:00071364
 18914 0001:00071378 18915 0001:000713A0 18917 0001:000713A9 18918 0001:000713BB
 18917 0001:000713D1 18919 0001:000713D7 18921 0001:000713E2 18923 0001:0007140B
 18924 0001:00071434 18926 0001:00071448 18945 0001:00071490 18946 0001:000714A2
 18947 0001:000714FC 18948 0001:00071501 18949 0001:00071506 18950 0001:0007150B
 18951 0001:00071510 18952 0001:00071518 18954 0001:0007151D 18955 0001:00071529
 18956 0001:00071537 18957 0001:0007153C 18958 0001:00071541 18960 0001:0007154E
 18961 0001:0007155C 18962 0001:00071568 18965 0001:0007156D 18976 0001:00071583
 18980 0001:000715B8 18981 0001:000715CC 18984 0001:000715D3 18989 0001:0007160D
 18990 0001:00071614 18992 0001:00071625 18993 0001:0007162A 18994 0001:00071639
 18995 0001:0007164E 18996 0001:00071663 18997 0001:00071678 18999 0001:0007168D
 19000 0001:00071695 19001 0001:0007169D 19002 0001:000716A7 19003 0001:000716B9
 19005 0001:000716CB 19008 0001:000716D6 19009 0001:000716DD 19011 0001:000716EE
 19012 0001:0007170D 19014 0001:0007171B 19015 0001:00071721 19017 0001:0007173F
 19018 0001:00071745 19020 0001:00071763 19021 0001:00071769 19023 0001:00071787
 19005 0001:00071799 19027 0001:000717B1 19028 0001:000717B9 19029 0001:000717C1
 19031 0001:000717C9 19034 0001:000717D2 19035 0001:000717E6 19038 0001:000717FF
 19042 0001:00071830 19044 0001:00071859 19046 0001:0007186D 19050 0001:00071904
 19051 0001:00071923 19052 0001:0007196E 19053 0001:0007197C 19055 0001:000719B0
 19057 0001:000719BE 19059 0001:000719D4 19061 0001:000719EA 19063 0001:00071A00
 19065 0001:00071A0B 19067 0001:00071A16 19069 0001:00071A21 19077 0001:00071A51
 19078 0001:00071A74 19080 0001:00071A7D 19082 0001:00071A9E 19084 0001:00071AA1
 19085 0001:00071AA8 19086 0001:00071AB9 19087 0001:00071ABF 19091 0001:00071AF6
 19092 0001:00071B1F 19094 0001:00071B51 19100 0001:00071C30 19101 0001:00071C39
 19102 0001:00071C84 19103 0001:00071C9A 19108 0001:00071CBD 19109 0001:00071CC6
 19111 0001:00071CEB 19114 0001:00071D0E 19115 0001:00071D37 19117 0001:00071D6A
 19121 0001:00071DE0 19122 0001:00071DFF 19123 0001:00071E4A 19125 0001:00071E50
 19126 0001:00071E56 19128 0001:00071E68 19129 0001:00071E76 19132 0001:00071E87
 19133 0001:00071E92 19138 0001:00071E9B 19139 0001:00071EA4 19142 0001:00071EAD
 19146 0001:00071EDD 19148 0001:00071EFE 19150 0001:00071F01 19151 0001:00071F08
 19152 0001:00071F19 19153 0001:00071F1F 19157 0001:00071F56 19158 0001:00071F7F
 19160 0001:00071FCD 19164 0001:000720AC 19165 0001:000720CB 19166 0001:00072116
 19168 0001:0007211C 19169 0001:00072122 19171 0001:00072134 19172 0001:00072142
 19175 0001:00072153 19176 0001:0007215B 19180 0001:00072164 19181 0001:0007216C
 19184 0001:00072175 19188 0001:000721A5 19190 0001:000721C6 19192 0001:000721C9
 19193 0001:000721D0 19194 0001:000721E1 19195 0001:000721E7 19199 0001:0007221E
 19200 0001:00072247 19202 0001:00072296 19206 0001:00072378 19207 0001:00072397
 19208 0001:000723E2 19210 0001:000723E8 19211 0001:000723EE 19213 0001:00072400
 19214 0001:0007240E 19217 0001:00072427 19219 0001:00072433 19220 0001:00072439
 19224 0001:00072447 19225 0001:00072458 19230 0001:00072464 19232 0001:00072470
 19233 0001:00072476 19237 0001:00072481 19238 0001:00072492 19243 0001:0007249B
 19244 0001:000724AC 19247 0001:000724B5 19251 0001:000724E5 19253 0001:00072506
 19255 0001:00072509 19256 0001:0007250F 19257 0001:00072518 19258 0001:00072529
 19259 0001:0007252F 19263 0001:00072566 19264 0001:0007258F 19266 0001:000725DB
 19269 0001:000726BC 19270 0001:000726C5 19271 0001:000726F3 19272 0001:000726F9
 19275 0001:00072713 19276 0001:0007272B 19279 0001:00072733 19281 0001:00072754
 19282 0001:0007277D 19284 0001:00072791 19447 0001:00072900 19448 0001:0007291E
 19449 0001:00072946 19451 0001:00072953 19452 0001:0007295D 19453 0001:00072967
 19455 0001:0007298C 19456 0001:000729B5 19458 0001:000729C9 19463 0001:00072A20
 19464 0001:00072A34 19465 0001:00072A5C 19467 0001:00072A65 19468 0001:00072A77
 19467 0001:00072A8D 19469 0001:00072A93 19471 0001:00072A9E 19473 0001:00072AA7
 19474 0001:00072AB9 19473 0001:00072ACF 19475 0001:00072AD5 19477 0001:00072AE0
 19479 0001:00072B09 19480 0001:00072B32 19482 0001:00072B46 19534 0001:00072B90
 19535 0001:00072BF1 19539 0001:00072CAA 19540 0001:00072CAF 19541 0001:00072CB4
 19542 0001:00072CB9 19543 0001:00072CBE 19544 0001:00072CC3 19545 0001:00072CCB
 19547 0001:00072CD3 19548 0001:00072CE2 19549 0001:00072CF0 19550 0001:00072CF8
 19551 0001:00072D00 19553 0001:00072D0D 19554 0001:00072D1E 19555 0001:00072D2A
 19558 0001:00072D32 19560 0001:00072D4B 19561 0001:00072D51 19562 0001:00072D59
 19564 0001:00072D5E 19565 0001:00072D6D 19567 0001:00072D72 19569 0001:00072D84
 19574 0001:00072DB9 19575 0001:00072DC0 19577 0001:00072DD1 19578 0001:00072DE0
 19579 0001:00072DF5 19580 0001:00072E02 19581 0001:00072E17 19582 0001:00072E2C
 19583 0001:00072E41 19584 0001:00072E56 19585 0001:00072E6B 19587 0001:00072E80
 19588 0001:00072E95 19589 0001:00072EAA 19590 0001:00072EBF 19596 0001:00072ED4
 19597 0001:00072EDA 19598 0001:00072EE0 19599 0001:00072EE5 19602 0001:00072EEA
 19603 0001:00072EFF 19604 0001:00072F0D 19605 0001:00072F22 19607 0001:00072F35
 19608 0001:00072F3C 19611 0001:00072F45 19612 0001:00072F57 19614 0001:00072F69
 19620 0001:00072F7E 19623 0001:00072F89 19624 0001:00072F90 19630 0001:00072FA1
 19631 0001:00072FA7 19633 0001:00072FBD 19634 0001:00072FC2 19637 0001:00072FF0
 19642 0001:00073005 19646 0001:0007300A 19648 0001:00073015 19649 0001:00073031
 19650 0001:0007303F 19651 0001:00073054 19653 0001:00073065 19654 0001:00073071
 19656 0001:00073099 19658 0001:000730A6 19660 0001:000730B5 19662 0001:000730C4
 19664 0001:000730D3 19669 0001:000730E0 19670 0001:000730E6 19672 0001:000730F5
 19674 0001:00073101 19675 0001:00073107 19677 0001:00073115 19679 0001:00073123
 19680 0001:00073129 19683 0001:00073138 19684 0001:00073145 19686 0001:0007315F
 19688 0001:0007316B 19691 0001:00073192 19692 0001:00073199 19694 0001:000731D5
 19695 0001:000731E3 19696 0001:000731F1 19697 0001:00073208 19698 0001:00073219
 19699 0001:00073220 19701 0001:0007322E 19702 0001:0007323A 19703 0001:00073240
 19704 0001:00073243 19708 0001:00073266 19709 0001:0007326C 19710 0001:00073272
 19712 0001:00073277 19715 0001:0007327C 19620 0001:00073291 19726 0001:0007329C
 19732 0001:0007331B 19739 0001:00073320 19743 0001:0007338F 19767 0001:00073396
 19769 0001:000733A0 19770 0001:000733AC 19775 0001:000733C7 19777 0001:0007346A
 19779 0001:00073476 19780 0001:00073498 19783 0001:000734A8 19784 0001:000734B8
 19786 0001:000734E0 19788 0001:000734FD 19789 0001:00073503 19790 0001:00073506
 19791 0001:00073549 19792 0001:0007355A 19793 0001:00073566 19795 0001:00073593
 19797 0001:000735A2 19799 0001:000735B1 19801 0001:000735C0 19803 0001:000735CF
 19806 0001:000735DC 19807 0001:00073606 19808 0001:00073630 19809 0001:00073645
 19810 0001:00073657 19811 0001:0007366B 19812 0001:00073677 19813 0001:00073687
 19816 0001:0007371B 19817 0001:00073727 19819 0001:0007373C 19822 0001:00073751
 19825 0001:00073766 19827 0001:0007377B 19829 0001:00073790 19831 0001:000737A5
 19833 0001:000737BA 19835 0001:000737CF 19837 0001:000737E4 19839 0001:00073832
 19841 0001:00073847 19843 0001:000738A0 19845 0001:000738B5 19847 0001:000738CA
 19849 0001:000738DF 19851 0001:000738F4 19853 0001:00073909 19855 0001:0007391E
 19857 0001:00073933 19859 0001:00073945 19861 0001:00073957 19863 0001:00073969
 19865 0001:0007397B 19867 0001:0007398D 19870 0001:0007399F 19872 0001:000739B1
 19874 0001:000739C1 19875 0001:000739FC 19876 0001:00073A17 19877 0001:00073A3A
 19784 0001:00073A3D 19884 0001:00073A49 19885 0001:00073A53 19886 0001:00073A5D
 19887 0001:00073A67 19888 0001:00073A71 19890 0001:00073A7B 19892 0001:00073A9B
 19894 0001:00073AAC 19895 0001:00073AB5 19897 0001:00073AD6 19898 0001:00073ADF
 19900 0001:00073B00 19901 0001:00073B09 19902 0001:00073B2A 19890 0001:00073B2D
 19904 0001:00073B39 19906 0001:00073B59 19908 0001:00073B6D 19909 0001:00073B79
 19911 0001:00073B9D 19912 0001:00073BA9 19913 0001:00073BCD 19904 0001:00073BD0
 19916 0001:00073BE5 19917 0001:00073BED 19918 0001:00073BF5 19919 0001:00073BFD
 19920 0001:00073C05 19922 0001:00073C0D 19925 0001:00073C16 19926 0001:00073C2D
 19929 0001:00073C46 19933 0001:00073C7A 19934 0001:00073CA9 19936 0001:00073CEB
 19940 0001:00074058 19941 0001:00074077 19942 0001:000740C2 19943 0001:000740D0
 19945 0001:00074120 19947 0001:0007412E 19949 0001:00074147 19951 0001:00074160
 19953 0001:00074179 19955 0001:00074192 19957 0001:000741A0 19959 0001:000741AE
 19961 0001:000741B9 19963 0001:000741CF 19965 0001:000741DA 19967 0001:000741E5
 19969 0001:000741F0 19971 0001:000741FB 19973 0001:00074206 19981 0001:00074236
 19982 0001:00074259 19984 0001:00074262 19986 0001:00074283 19988 0001:00074286
 19989 0001:0007428D 19990 0001:0007429E 19991 0001:000742A4 19995 0001:000742DB
 19996 0001:00074304 19998 0001:00074336 20004 0001:00074420 20005 0001:00074429
 20006 0001:00074474 20007 0001:0007448A 20011 0001:000744AD 20012 0001:000744B6
 20014 0001:000744DB 20017 0001:000744FE 20018 0001:00074527 20020 0001:0007455A
 20024 0001:000745D8 20025 0001:000745F7 20026 0001:00074642 20028 0001:00074648
 20029 0001:0007464E 20031 0001:00074660 20032 0001:0007466E 20035 0001:00074685
 20036 0001:00074690 20040 0001:00074699 20041 0001:000746A7 20045 0001:000746B0
 20046 0001:000746BE 20049 0001:000746C7 20053 0001:000746F7 20055 0001:00074718
 20057 0001:0007471B 20058 0001:00074722 20059 0001:0007472B 20060 0001:0007473C
 20061 0001:00074742 20065 0001:00074779 20066 0001:000747A2 20068 0001:000747F0
 20072 0001:000748D4 20073 0001:000748F3 20074 0001:0007493E 20076 0001:00074944
 20077 0001:0007494A 20079 0001:0007495C 20080 0001:0007496A 20083 0001:000749A5
 20084 0001:000749B5 20088 0001:000749C1 20089 0001:000749D1 20093 0001:000749DD
 20094 0001:000749ED 20098 0001:000749F6 20099 0001:00074A06 20103 0001:00074A0F
 20104 0001:00074A1F 20108 0001:00074A28 20109 0001:00074A38 20112 0001:00074A41
 20116 0001:00074A71 20118 0001:00074A92 20120 0001:00074A95 20121 0001:00074A9D
 20122 0001:00074AA6 20123 0001:00074AB7 20124 0001:00074ABD 20128 0001:00074AF4
 20129 0001:00074B1D 20131 0001:00074B6C 20135 0001:00074C50 20136 0001:00074C6F
 20137 0001:00074CBA 20139 0001:00074CC0 20140 0001:00074CC6 20142 0001:00074CD8
 20143 0001:00074CE6 20146 0001:00074D22 20147 0001:00074D3B 20148 0001:00074D43
 20150 0001:00074D5C 20154 0001:00074D67 20155 0001:00074D80 20156 0001:00074D88
 20158 0001:00074DA1 20162 0001:00074DAC 20163 0001:00074DC5 20164 0001:00074DCD
 20166 0001:00074DE6 20170 0001:00074DF1 20171 0001:00074E07 20172 0001:00074E0F
 20174 0001:00074E22 20178 0001:00074E2A 20179 0001:00074E40 20180 0001:00074E48
 20182 0001:00074E5B 20185 0001:00074E63 20189 0001:00074E93 20191 0001:00074EB4
 20193 0001:00074EB7 20194 0001:00074EBD 20195 0001:00074EC6 20196 0001:00074ED7
 20197 0001:00074EDD 20201 0001:00074F14 20202 0001:00074F3D 20204 0001:00074F89
 20207 0001:0007506C 20208 0001:00075075 20209 0001:000750A3 20210 0001:000750A9
 20212 0001:000750C3 20213 0001:000750DB 20216 0001:000750E3 20218 0001:00075104
 20219 0001:0007512D 20221 0001:00075141 20228 0001:00075180 20229 0001:0007518F
 20231 0001:0007519C 20232 0001:000751A4 20233 0001:000751AD 20235 0001:000751B5
 20236 0001:000751BE 20238 0001:000751CC 20239 0001:000751D5 20240 0001:000751DE
 20242 0001:000751EB 20244 0001:000751F1 20249 0001:000751F8 20252 0001:00075203
 20253 0001:0007520C 20254 0001:0007521B 20255 0001:00075225 20257 0001:00075232
 20250 0001:0007523A 20260 0001:00075243 20261 0001:0007524B 20264 0001:00075250
 20265 0001:00075261 20266 0001:00075269 20267 0001:00075277 20270 0001:0007528C
 20271 0001:00075295 20272 0001:000752A4 20278 0001:000752B0 20279 0001:000752BC
 20281 0001:000752C4 20282 0001:000752CC 20283 0001:000752D5 20286 0001:000752DB
 20288 0001:000752EE 20290 0001:000752FA 20283 0001:00075303 20292 0001:00075309
 20297 0001:00075310 20298 0001:00075333 20299 0001:00075341 20318 0001:00075350
 20325 0001:0007535C 20326 0001:0007537E 20328 0001:00075397 20332 0001:000753A7
 20333 0001:000753B5 20334 0001:000753BE 20336 0001:000753C4 20337 0001:000753C9
 20338 0001:000753E6 20340 0001:000753EC 20341 0001:000753F6 20343 0001:00075401
 20334 0001:0007540A 20346 0001:00075410 20352 0001:00075438 20355 0001:00075442
 20361 0001:00075444 20364 0001:0007544E 20390 0001:00075450 20398 0001:00075469

Line numbers for DbxOpenOdbc(DbxOpenOdbc.pas) segment .itext

 20366 0002:0000058C 20369 0002:0000059F 20370 0002:000005C4 20371 0002:000005E9
 20372 0002:0000060E 20373 0002:00000633 20375 0002:00000658 20376 0002:00000663
 20381 0002:0000066E 20389 0002:00000673

Line numbers for dbxoodbc(dbxoodbc.dpr) segment .itext

    55 0002:00000740    57 0002:00000750

Bound resource files

dbxoodbc.res
C:\TEMP\dtf319.tmp


Program entry point at 0002:00000740
