
 Start         Length     Name                   Class
 0001:00401000 0005EBF8H .text                   CODE
 0002:00460000 00000540H .itext                  ICODE
 0003:00461000 00001E28H .data                   DATA
 0004:00463000 000055E0H .bss                    BSS
 0005:00000000 00000000H .tls                    TLS


Detailed map of segments

 0001:00000000 00005949 C=CODE     S=.text    G=(none)   M=System   ACBP=A9
 0001:0000594C 000001A2 C=CODE     S=.text    G=(none)   M=SysInit  ACBP=A9
 0001:00005AF0 00000214 C=CODE     S=.text    G=(none)   M=Windows  ACBP=A9
 0001:00005D04 0000146E C=CODE     S=.text    G=(none)   M=FastMM4  ACBP=A9
 0001:00007174 00000318 C=CODE     S=.text    G=(none)   M=SysConst ACBP=A9
 0001:0000748C 00007751 C=CODE     S=.text    G=(none)   M=SysUtils ACBP=A9
 0001:0000EBE0 0000089A C=CODE     S=.text    G=(none)   M=VarUtils ACBP=A9
 0001:0000F47C 00007538 C=CODE     S=.text    G=(none)   M=Variants ACBP=A9
 0001:000169B4 00000052 C=CODE     S=.text    G=(none)   M=ActiveX  ACBP=A9
 0001:00016A08 00000098 C=CODE     S=.text    G=(none)   M=RTLConsts ACBP=A9
 0001:00016AA0 00001E13 C=CODE     S=.text    G=(none)   M=TypInfo  ACBP=A9
 0001:000188B4 0000425D C=CODE     S=.text    G=(none)   M=Classes  ACBP=A9
 0001:0001CB14 00000020 C=CODE     S=.text    G=(none)   M=DBConsts ACBP=A9
 0001:0001CB34 00000370 C=CODE     S=.text    G=(none)   M=DateUtils ACBP=A9
 0001:0001CEA4 000011F6 C=CODE     S=.text    G=(none)   M=SqlTimSt ACBP=A9
 0001:0001E09C 0000008A C=CODE     S=.text    G=(none)   M=WideStrUtils ACBP=A9
 0001:0001E128 00000066 C=CODE     S=.text    G=(none)   M=WideStrings ACBP=A9
 0001:0001E190 00004C56 C=CODE     S=.text    G=(none)   M=FMTBcd   ACBP=A9
 0001:00022DE8 00000020 C=CODE     S=.text    G=(none)   M=ComConst ACBP=A9
 0001:00022E08 00000F83 C=CODE     S=.text    G=(none)   M=ComObj   ACBP=A9
 0001:00023D8C 000004F5 C=CODE     S=.text    G=(none)   M=DB       ACBP=A9
 0001:00024284 0000004E C=CODE     S=.text    G=(none)   M=DSIntf   ACBP=A9
 0001:000242D4 000001AE C=CODE     S=.text    G=(none)   M=DBXpress ACBP=A9
 0001:00024484 000007F3 C=CODE     S=.text    G=(none)   M=DbxOpenOdbcInterface ACBP=A9
 0001:00024C78 000001A2 C=CODE     S=.text    G=(none)   M=SyncObjs ACBP=A9
 0001:00024E1C 0000005D C=CODE     S=.text    G=(none)   M=IniFiles ACBP=A9
 0001:00024E7C 0000069D C=CODE     S=.text    G=(none)   M=Registry ACBP=A9
 0001:0002551C 0000A2AA C=CODE     S=.text    G=(none)   M=OdbcApi  ACBP=A9
 0001:0002F7C8 000048D6 C=CODE     S=.text    G=(none)   M=RegExpr  ACBP=A9
 0001:000340A0 00000E8C C=CODE     S=.text    G=(none)   M=DbxObjectParser ACBP=A9
 0001:00034F2C 000000DE C=CODE     S=.text    G=(none)   M=DbxOpenOdbcASA ACBP=A9
 0001:0003500C 000000E8 C=CODE     S=.text    G=(none)   M=SqlConst ACBP=A9
 0001:000350F4 00002518 C=CODE     S=.text    G=(none)   M=SqlExpr  ACBP=A9
 0001:0003760C 00003A7E C=CODE     S=.text    G=(none)   M=DbxOpenOdbc3 ACBP=A9
 0001:0003B08C 000239C2 C=CODE     S=.text    G=(none)   M=DbxOpenOdbc ACBP=A9
 0001:0005EA50 000001A8 C=CODE     S=.text    G=(none)   M=dbxoodbc ACBP=A9
 0002:00000000 00000095 C=ICODE    S=.itext   G=(none)   M=System   ACBP=A9
 0002:00000098 00000015 C=ICODE    S=.itext   G=(none)   M=Windows  ACBP=A9
 0002:000000B0 0000001D C=ICODE    S=.itext   G=(none)   M=FastMM4  ACBP=A9
 0002:000000D0 00000088 C=ICODE    S=.itext   G=(none)   M=SysUtils ACBP=A9
 0002:00000158 00000013 C=ICODE    S=.itext   G=(none)   M=VarUtils ACBP=A9
 0002:0000016C 000000AA C=ICODE    S=.itext   G=(none)   M=Variants ACBP=A9
 0002:00000218 00000008 C=ICODE    S=.itext   G=(none)   M=TypInfo  ACBP=A9
 0002:00000220 00000092 C=ICODE    S=.itext   G=(none)   M=Classes  ACBP=A9
 0002:000002B4 0000001F C=ICODE    S=.itext   G=(none)   M=SqlTimSt ACBP=A9
 0002:000002D4 00000013 C=ICODE    S=.itext   G=(none)   M=WideStrings ACBP=A9
 0002:000002E8 0000001F C=ICODE    S=.itext   G=(none)   M=FMTBcd   ACBP=A9
 0002:00000308 00000059 C=ICODE    S=.itext   G=(none)   M=ComObj   ACBP=A9
 0002:00000364 0000008C C=ICODE    S=.itext   G=(none)   M=DB       ACBP=A9
 0002:000003F0 00000018 C=ICODE    S=.itext   G=(none)   M=DSIntf   ACBP=A9
 0002:00000408 00000032 C=ICODE    S=.itext   G=(none)   M=DbxOpenOdbcInterface ACBP=A9
 0002:0000043C 00000008 C=ICODE    S=.itext   G=(none)   M=IniFiles ACBP=A9
 0002:00000444 00000008 C=ICODE    S=.itext   G=(none)   M=Registry ACBP=A9
 0002:0000044C 00000020 C=ICODE    S=.itext   G=(none)   M=OdbcApi  ACBP=A9
 0002:0000046C 00000008 C=ICODE    S=.itext   G=(none)   M=RegExpr  ACBP=A9
 0002:00000474 00000008 C=ICODE    S=.itext   G=(none)   M=DbxObjectParser ACBP=A9
 0002:0000047C 00000020 C=ICODE    S=.itext   G=(none)   M=DbxOpenOdbcASA ACBP=A9
 0002:0000049C 00000014 C=ICODE    S=.itext   G=(none)   M=SqlExpr  ACBP=A9
 0002:000004B0 0000004D C=ICODE    S=.itext   G=(none)   M=DbxOpenOdbc3 ACBP=A9
 0002:00000500 00000025 C=ICODE    S=.itext   G=(none)   M=DbxOpenOdbc ACBP=A9
 0002:00000528 00000015 C=ICODE    S=.itext   G=(none)   M=dbxoodbc ACBP=A9
 0003:00000000 00000788 C=DATA     S=.data    G=DGROUP   M=System   ACBP=A9
 0003:00000788 00000030 C=DATA     S=.data    G=DGROUP   M=SysInit  ACBP=A9
 0003:000007B8 000006E4 C=DATA     S=.data    G=DGROUP   M=FastMM4  ACBP=A9
 0003:00000E9C 0000024C C=DATA     S=.data    G=DGROUP   M=SysUtils ACBP=A9
 0003:000010E8 00000110 C=DATA     S=.data    G=DGROUP   M=VarUtils ACBP=A9
 0003:000011F8 00000092 C=DATA     S=.data    G=DGROUP   M=Variants ACBP=A9
 0003:0000128C 00000010 C=DATA     S=.data    G=DGROUP   M=ActiveX  ACBP=A9
 0003:0000129C 0000000C C=DATA     S=.data    G=DGROUP   M=TypInfo  ACBP=A9
 0003:000012A8 00000004 C=DATA     S=.data    G=DGROUP   M=Classes  ACBP=A9
 0003:000012AC 0000003C C=DATA     S=.data    G=DGROUP   M=SqlTimSt ACBP=A9
 0003:000012E8 00000120 C=DATA     S=.data    G=DGROUP   M=FMTBcd   ACBP=A9
 0003:00001408 00000030 C=DATA     S=.data    G=DGROUP   M=ComObj   ACBP=A9
 0003:00001438 000000A8 C=DATA     S=.data    G=DGROUP   M=DB       ACBP=A9
 0003:000014E0 00000004 C=DATA     S=.data    G=DGROUP   M=DSIntf   ACBP=A9
 0003:000014E4 00000134 C=DATA     S=.data    G=DGROUP   M=DbxOpenOdbcInterface ACBP=A9
 0003:00001618 00000008 C=DATA     S=.data    G=DGROUP   M=IniFiles ACBP=A9
 0003:00001620 00000008 C=DATA     S=.data    G=DGROUP   M=Registry ACBP=A9
 0003:00001628 0000003D C=DATA     S=.data    G=DGROUP   M=RegExpr  ACBP=A9
 0003:00001668 00000134 C=DATA     S=.data    G=DGROUP   M=DbxObjectParser ACBP=A9
 0003:0000179C 00000008 C=DATA     S=.data    G=DGROUP   M=DbxOpenOdbcASA ACBP=A9
 0003:000017A4 00000080 C=DATA     S=.data    G=DGROUP   M=SqlExpr  ACBP=A9
 0003:00001824 00000004 C=DATA     S=.data    G=DGROUP   M=DbxOpenOdbc3 ACBP=A9
 0003:00001828 000002B8 C=DATA     S=.data    G=DGROUP   M=DbxOpenOdbc ACBP=A9
 0004:00000000 000027F4 C=BSS      S=.bss     G=DGROUP   M=System   ACBP=A9
 0004:000027F4 00000010 C=BSS      S=.bss     G=DGROUP   M=SysInit  ACBP=A9
 0004:00002804 00000008 C=BSS      S=.bss     G=DGROUP   M=Windows  ACBP=A9
 0004:0000280C 00002233 C=BSS      S=.bss     G=DGROUP   M=FastMM4  ACBP=A9
 0004:00004A40 00000A20 C=BSS      S=.bss     G=DGROUP   M=SysUtils ACBP=A9
 0004:00005460 0000005C C=BSS      S=.bss     G=DGROUP   M=VarUtils ACBP=A9
 0004:000054BC 00000040 C=BSS      S=.bss     G=DGROUP   M=Variants ACBP=A9
 0004:000054FC 00000004 C=BSS      S=.bss     G=DGROUP   M=TypInfo  ACBP=A9
 0004:00005500 00000034 C=BSS      S=.bss     G=DGROUP   M=Classes  ACBP=A9
 0004:00005534 00000004 C=BSS      S=.bss     G=DGROUP   M=SqlTimSt ACBP=A9
 0004:00005538 00000008 C=BSS      S=.bss     G=DGROUP   M=WideStrings ACBP=A9
 0004:00005540 00000004 C=BSS      S=.bss     G=DGROUP   M=FMTBcd   ACBP=A9
 0004:00005544 00000011 C=BSS      S=.bss     G=DGROUP   M=ComObj   ACBP=A9
 0004:00005558 0000000C C=BSS      S=.bss     G=DGROUP   M=DB       ACBP=A9
 0004:00005564 0000001C C=BSS      S=.bss     G=DGROUP   M=DSIntf   ACBP=A9
 0004:00005580 00000014 C=BSS      S=.bss     G=DGROUP   M=DbxOpenOdbcInterface ACBP=A9
 0004:00005594 00000004 C=BSS      S=.bss     G=DGROUP   M=IniFiles ACBP=A9
 0004:00005598 00000004 C=BSS      S=.bss     G=DGROUP   M=Registry ACBP=A9
 0004:0000559C 00000008 C=BSS      S=.bss     G=DGROUP   M=OdbcApi  ACBP=A9
 0004:000055A4 00000004 C=BSS      S=.bss     G=DGROUP   M=RegExpr  ACBP=A9
 0004:000055A8 00000004 C=BSS      S=.bss     G=DGROUP   M=DbxObjectParser ACBP=A9
 0004:000055AC 00000008 C=BSS      S=.bss     G=DGROUP   M=DbxOpenOdbcASA ACBP=A9
 0004:000055B4 00000004 C=BSS      S=.bss     G=DGROUP   M=SqlExpr  ACBP=A9
 0004:000055B8 00000024 C=BSS      S=.bss     G=DGROUP   M=DbxOpenOdbc3 ACBP=A9
 0004:000055DC 00000004 C=BSS      S=.bss     G=DGROUP   M=DbxOpenOdbc ACBP=A9
 0005:00000000 00000008 C=TLS      S=.tls     G=(none)   M=System   ACBP=A9
 0005:00000008 00000004 C=TLS      S=.tls     G=(none)   M=Classes  ACBP=A9
 0005:0000000C 00000008 C=TLS      S=.tls     G=(none)   M=SqlExpr  ACBP=A9


  Address             Publics by Name

 0001:000169E8       ActiveX.CoInitialize
 0001:000169F0       ActiveX.CoUninitialize
 0001:00016A00       ActiveX.GetErrorInfo
 0003:0000128C       ActiveX.GUID_NULL
 0001:000169F8       ActiveX.SysFreeString
 0004:00005508       Classes..95
 0001:00018970       Classes..EFCreateError
 0001:00018A24       Classes..EFilerError
 0001:00018910       Classes..EFileStreamError
 0001:000189CC       Classes..EFOpenError
 0001:00018B2C       Classes..EListError
 0001:00018A7C       Classes..EReadError
 0001:000188B4       Classes..EStreamError
 0001:00018B84       Classes..EStringListError
 0001:00018AD4       Classes..EWriteError
 0001:000190AC       Classes..TFileStream
 0001:00019034       Classes..THandleStream
 0001:00018BE4       Classes..TList
 0001:00018CA0       Classes..TPersistent
 0001:00019134       Classes..TRegGroup
 0001:0001918C       Classes..TRegGroups
 0001:00018FC4       Classes..TStream
 0001:00018EAC       Classes..TStringList
 0001:00018D74       Classes..TStrings
 0001:00018C48       Classes..TThreadList
 0002:00000220       Classes.Classes
 0001:0001C9B8       Classes.DoneThreadSynchronization
 0001:0001A00C       Classes.DoWrite
 0001:0001CA64       Classes.Finalization
 0004:00005514       Classes.FindGlobalComponentProcs
 0001:0001C9D4       Classes.FreeIntConstList
 0004:00005518       Classes.GlobalFixupList
 0005:00000008       Classes.GlobalLists
 0004:00005500       Classes.GlobalNameSpace
 0001:0001C980       Classes.InitThreadSynchronization
 0004:0000550C       Classes.IntConstList
 0001:0001CA50       Classes.ModuleUnload
 0001:0001929C       Classes.PointerInModule
 0001:0001C09C       Classes.PropValueError
 0001:0001BA3C       Classes.RaiseException
 0001:0001C07C       Classes.ReadError
 0004:00005510       Classes.RegGroups
 0001:0001BF2C       Classes.RemoveFixupReferences
 0001:0001BFE8       Classes.RemoveFixups
 0001:000196F4       Classes.ReturnAddr
 0001:0001A190       Classes.ReturnAddr
 0001:0001C48C       Classes.SkipBinary
 0001:0001C4C0       Classes.SkipCollection
 0001:0001C460       Classes.SkipList
 0001:0001B7D4       Classes.StringListCompareStrings
 0004:00005504       Classes.SyncEvent
 0003:000012A8       Classes.SyncList
 0001:0001BD10       Classes.TFileStream.Create
 0001:0001BD60       Classes.TFileStream.Create
 0001:0001BEE4       Classes.TFileStream.Destroy
 0001:0001BBCC       Classes.THandleStream.Create
 0001:0001BC1C       Classes.THandleStream.Read
 0001:0001BC8C       Classes.THandleStream.Seek
 0001:0001BCC0       Classes.THandleStream.SetSize
 0001:0001BCE0       Classes.THandleStream.SetSize
 0001:0001BC54       Classes.THandleStream.Write
 0004:0000551C       Classes.ThreadLock
 0001:000195E8       Classes.TList.Add
 0001:00019640       Classes.TList.Clear
 0001:00019660       Classes.TList.Delete
 0001:000195BC       Classes.TList.Destroy
 0001:0001973C       Classes.TList.Error
 0001:000196FC       Classes.TList.Error
 0001:0001979C       Classes.TList.Get
 0001:000197E4       Classes.TList.Grow
 0001:0001983C       Classes.TList.IndexOf
 0001:00019A50       Classes.TList.Notify
 0001:00019888       Classes.TList.Put
 0001:00019918       Classes.TList.Remove
 0001:0001994C       Classes.TList.SetCapacity
 0001:000199A8       Classes.TList.SetCount
 0001:00019BC4       Classes.TPersistent.Assign
 0001:00019BF0       Classes.TPersistent.AssignError
 0001:00019CC8       Classes.TPersistent.AssignTo
 0001:00019CE4       Classes.TPersistent.DefineProperties
 0001:00019B88       Classes.TPersistent.Destroy
 0001:00019CF4       Classes.TPersistent.GetNamePath
 0001:00019DAC       Classes.TPersistent.GetOwner
 0001:0001C0AC       Classes.TReader.CheckValue
 0001:0001C0DC       Classes.TReader.EndOfList
 0001:0001C100       Classes.TReader.NextValue
 0001:0001C124       Classes.TReader.Read
 0001:0001C170       Classes.TReader.ReadBuffer
 0001:0001C1C4       Classes.TReader.ReadListBegin
 0001:0001C1D8       Classes.TReader.ReadListEnd
 0001:0001C1EC       Classes.TReader.ReadStr
 0001:0001C234       Classes.TReader.ReadString
 0001:0001C3F0       Classes.TReader.ReadValue
 0001:0001C2F8       Classes.TReader.ReadWideString
 0001:0001C734       Classes.TReader.SkipBytes
 0001:0001C6E4       Classes.TReader.SkipProperty
 0001:0001C410       Classes.TReader.SkipSetBody
 0001:0001C534       Classes.TReader.SkipValue
 0001:000191E4       Classes.TRegGroup.Create
 0001:00019248       Classes.TRegGroup.Destroy
 0001:000192CC       Classes.TRegGroup.UnregisterModuleClasses
 0001:000193BC       Classes.TRegGroups.Create
 0001:00019448       Classes.TRegGroups.Destroy
 0001:000194D0       Classes.TRegGroups.Lock
 0001:000194E8       Classes.TRegGroups.Unlock
 0001:00019500       Classes.TRegGroups.UnregisterModuleClasses
 0001:0001B960       Classes.TStream.GetPosition
 0001:0001B988       Classes.TStream.GetSize
 0001:0001BA88       Classes.TStream.Seek
 0001:0001BB14       Classes.TStream.Seek
 0001:0001B9D4       Classes.TStream.SetSize
 0001:0001B9E4       Classes.TStream.SetSize
 0001:0001BB84       Classes.TStream.WriteBuffer
 0001:0001AFCC       Classes.TStringList.Add
 0001:0001AFF4       Classes.TStringList.AddObject
 0001:0001B06C       Classes.TStringList.Changed
 0001:0001B098       Classes.TStringList.Changing
 0001:0001B0C4       Classes.TStringList.Clear
 0001:0001B87C       Classes.TStringList.CompareStrings
 0001:0001B82C       Classes.TStringList.CustomSort
 0001:0001B118       Classes.TStringList.Delete
 0001:0001AF50       Classes.TStringList.Destroy
 0001:0001B1B8       Classes.TStringList.Exchange
 0001:0001B234       Classes.TStringList.ExchangeItems
 0001:0001B2A0       Classes.TStringList.Find
 0001:0001B338       Classes.TStringList.Get
 0001:0001B384       Classes.TStringList.GetCapacity
 0001:0001B3A0       Classes.TStringList.GetCount
 0001:0001B3BC       Classes.TStringList.GetObject
 0001:0001B404       Classes.TStringList.Grow
 0001:0001B45C       Classes.TStringList.IndexOf
 0001:0001B4A8       Classes.TStringList.Insert
 0001:0001B538       Classes.TStringList.InsertItem
 0001:0001B4D0       Classes.TStringList.InsertObject
 0001:0001B5E0       Classes.TStringList.Put
 0001:0001B658       Classes.TStringList.PutObject
 0001:0001B6B4       Classes.TStringList.QuickSort
 0001:0001B778       Classes.TStringList.SetCapacity
 0001:0001B7A4       Classes.TStringList.SetUpdateState
 0001:0001B810       Classes.TStringList.Sort
 0001:00019E00       Classes.TStrings.Add
 0001:00019E30       Classes.TStrings.AddObject
 0001:00019E64       Classes.TStrings.AddStrings
 0001:00019F24       Classes.TStrings.Assign
 0001:00019FE8       Classes.TStrings.BeginUpdate
 0001:0001AE78       Classes.TStrings.CompareStrings
 0001:0001A06C       Classes.TStrings.DefineProperties
 0001:00019DC4       Classes.TStrings.Destroy
 0001:0001A0B8       Classes.TStrings.EndUpdate
 0001:0001A0DC       Classes.TStrings.Equals
 0001:0001A198       Classes.TStrings.Error
 0001:0001A1D8       Classes.TStrings.Error
 0001:0001A238       Classes.TStrings.Exchange
 0001:0001A324       Classes.TStrings.GetCapacity
 0001:0001ADF8       Classes.TStrings.GetLineBreak
 0001:0001AEF0       Classes.TStrings.GetNameValueSeparator
 0001:0001A340       Classes.TStrings.GetObject
 0001:0001A358       Classes.TStrings.GetText
 0001:0001A3B4       Classes.TStrings.GetTextStr
 0001:0001A540       Classes.TStrings.IndexOf
 0001:0001A5CC       Classes.TStrings.IndexOfName
 0001:0001A6A8       Classes.TStrings.IndexOfObject
 0001:0001A6F4       Classes.TStrings.InsertObject
 0001:0001A728       Classes.TStrings.LoadFromFile
 0001:0001A784       Classes.TStrings.LoadFromStream
 0001:0001A838       Classes.TStrings.Move
 0001:0001A8F4       Classes.TStrings.Put
 0001:0001A934       Classes.TStrings.PutObject
 0001:0001A948       Classes.TStrings.ReadData
 0001:0001A9F8       Classes.TStrings.SaveToFile
 0001:0001AA58       Classes.TStrings.SaveToStream
 0001:0001AAC8       Classes.TStrings.SetCapacity
 0001:0001AE38       Classes.TStrings.SetLineBreak
 0001:0001AF1C       Classes.TStrings.SetNameValueSeparator
 0001:0001AAD8       Classes.TStrings.SetStringsAdapter
 0001:0001AB24       Classes.TStrings.SetText
 0001:0001AB7C       Classes.TStrings.SetTextStr
 0001:0001AD5C       Classes.TStrings.SetUpdateState
 0001:0001AD6C       Classes.TStrings.WriteData
 0001:00019A64       Classes.TThreadList.Create
 0001:00019ACC       Classes.TThreadList.Destroy
 0001:00019B48       Classes.TThreadList.LockList
 0001:00019B70       Classes.TThreadList.UnlockList
 0001:0001C790       Classes.TWriter.Write
 0001:0001C7DC       Classes.TWriter.WriteBuffer
 0001:0001C808       Classes.TWriter.WriteListBegin
 0001:0001C81C       Classes.TWriter.WriteListEnd
 0001:0001C830       Classes.TWriter.WriteMinStr
 0001:0001C904       Classes.TWriter.WriteString
 0001:0001C960       Classes.TWriter.WriteValue
 0001:0001956C       Classes.UnRegisterModuleClasses
 0004:00005544       ComObj..41
 0001:00022E08       ComObj..EOleError
 0001:00022EBC       ComObj..EOleException
 0001:00022E60       ComObj..EOleSysError
 0001:00023A9C       ComObj.ClearExcepInfo
 0003:00001410       ComObj.CoAddRefServerProcess
 0003:00001408       ComObj.CoCreateInstanceEx
 0003:00001420       ComObj.CoInitFlags
 0003:0000140C       ComObj.CoInitializeEx
 0004:0000554C       ComObj.ComClassManagerVar
 0002:00000308       ComObj.ComObj
 0003:00001414       ComObj.CoReleaseServerProcess
 0003:00001418       ComObj.CoResumeClassObjects
 0003:0000141C       ComObj.CoSuspendClassObjects
 0001:000233C4       ComObj.DispatchInvoke
 0001:00023A78       ComObj.DispatchInvokeError
 0001:00023AB8       ComObj.DispCall
 0001:00023B9C       ComObj.DispCallByID
 0001:00023980       ComObj.DispCallError
 0001:000230BC       ComObj.EOleException.Create
 0001:00022FE0       ComObj.EOleSysError.Create
 0001:00023D0C       ComObj.Finalization
 0001:000237B4       ComObj.GetIDsOfNames
 0001:00023C78       ComObj.InitComObj
 0001:000231A4       ComObj.LoadComExProcs
 0004:00005554       ComObj.NeedToUninitialize
 0001:0002318C       ComObj.OleCheck
 0001:00023168       ComObj.OleError
 0004:00005548       ComObj.OleUninitializing
 0001:000238B8       ComObj.RaiseException
 0001:00023780       ComObj.RaiseNameException
 0001:000232C0       ComObj.SafeCallError
 0004:00005550       ComObj.SaveInitProc
 0003:00001424       ComObj.ThreadStrs
 0001:00022F74       ComObj.TrimPunctuation
 0001:000238D4       ComObj.VarDispInvoke
 0001:0001CB34       DateUtils.DaysInAMonth
 0001:0001CB80       DateUtils.EncodeDateTime
 0001:0001CCE0       DateUtils.InvalidDateTimeError
 0001:0001CC84       DateUtils.Translate
 0001:0001CBF4       DateUtils.TryEncodeDateTime
 0004:00005560       DB..66
 0001:00024128       DB..TDefaultDBScreenApplication
 0002:00000364       DB.DB
 0004:0000555C       DB.DBApplication
 0004:00005558       DB.DBScreen
 0003:00001438       DB.FieldTypeNames
 0001:00024228       DB.Finalization
 0001:000241A4       DB.TDefaultDBScreenApplication.GetCursor
 0001:000241C0       DB.TDefaultDBScreenApplication.GetTitle
 0001:000241E0       DB.TDefaultDBScreenApplication.ProcessMessages
 0001:000241EC       DB.TDefaultDBScreenApplication.SetCursor
 0001:00024208       DB.TDefaultDBScreenApplication.SetTitle
 0004:000055A8       DbxObjectParser..2
 0001:000340F8       DbxObjectParser..TObjectNameParser
 0003:00001724       DbxObjectParser.DbmsObjectNameTemplateInfo
 0002:00000474       DbxObjectParser.DbxObjectParser
 0003:00001668       DbxObjectParser.DefaultMathesIndexes
 0003:00001690       DbxObjectParser.DefaultObjectNameTemplateInfo
 0001:00034ECC       DbxObjectParser.Finalization
 0003:000016B0       DbxObjectParser.InformixMathesIndexes
 0003:000016CC       DbxObjectParser.InformixObjectNameTemplateInfo
 0003:000016EC       DbxObjectParser.TextMathesIndexes
 0003:00001704       DbxObjectParser.TextObjectNameTemplateInfo
 0001:000342B8       DbxObjectParser.TObjectNameParser.Create
 0001:000346A0       DbxObjectParser.TObjectNameParser.DecodeObjectFullName
 0001:00034670       DbxObjectParser.TObjectNameParser.Destroy
 0001:00034B4C       DbxObjectParser.TObjectNameParser.EncodeObjectFullName
 0001:00034E60       DbxObjectParser.TObjectNameParser.GetQuotedObjectName
 0002:00000528       dbxoodbc.dbxoodbc
 0001:0005EA50       dbxoodbc.Finalization
 0004:000055DC       DbxOpenOdbc..03
 0001:0003B144       DbxOpenOdbc..EDbxError
 0001:0003B08C       DbxOpenOdbc..EDbxErrorCustom
 0001:0003B2B4       DbxOpenOdbc..EDbxInternalError
 0001:0003B258       DbxOpenOdbc..EDbxInvalidCall
 0001:0003B314       DbxOpenOdbc..EDbxInvalidParam
 0001:0003B1F8       DbxOpenOdbc..EDbxNotSupported
 0001:0003B19C       DbxOpenOdbc..EDbxOdbcError
 0001:0003B0E8       DbxOpenOdbc..EDbxOdbcWarning
 0001:0003CDDC       DbxOpenOdbc..TBlobChunkCollection
 0001:0003BE64       DbxOpenOdbc..TMetaColumn
 0001:0003BEBC       DbxOpenOdbc..TMetaIndexColumn
 0001:0003BF1C       DbxOpenOdbc..TMetaProcedure
 0001:0003BF78       DbxOpenOdbc..TMetaProcedureParam
 0001:0003BE0C       DbxOpenOdbc..TMetaTable
 0001:0003CE40       DbxOpenOdbc..TOdbcBindCol
 0001:0003CE9C       DbxOpenOdbc..TOdbcBindParam
 0001:0003B9A0       DbxOpenOdbc..TSqlCommandOdbc
 0001:0003B764       DbxOpenOdbc..TSqlConnectionOdbc
 0001:0003C1B0       DbxOpenOdbc..TSqlCursorMetaData
 0001:0003C628       DbxOpenOdbc..TSqlCursorMetaDataColumns
 0001:0003C864       DbxOpenOdbc..TSqlCursorMetaDataIndexes
 0001:0003CCE4       DbxOpenOdbc..TSqlCursorMetaDataProcedureParams
 0001:0003CAA0       DbxOpenOdbc..TSqlCursorMetaDataProcedures
 0001:0003C3E8       DbxOpenOdbc..TSqlCursorMetaDataTables
 0001:0003BD9C       DbxOpenOdbc..TSqlCursorOdbc
 0001:0003B448       DbxOpenOdbc..TSqlDriverOdbc
 0001:0003BB1C       DbxOpenOdbc..TSQLMetaDataOdbc
 0001:0003E6F4       DbxOpenOdbc.AllocateDbxHStmtNodes
 0001:00052618       DbxOpenOdbc.CalculateBlobFixSize
 0003:00001868       DbxOpenOdbc.cBindMapDateTimeOdbc2
 0003:00001874       DbxOpenOdbc.cBindMapDateTimeOdbc3
 0003:000019A4       DbxOpenOdbc.cBoolOptionSwitches
 0003:00001828       DbxOpenOdbc.cConnectionOptionsDefault
 0003:00001848       DbxOpenOdbc.cConnectionOptionsRestrictions
 0003:00001888       DbxOpenOdbc.cDecimalSeparatorDefault
 0003:00001890       DbxOpenOdbc.cGetOptionExceptionInfos
 0001:000504F8       DbxOpenOdbc.CheckAutoIncSubType
 0001:0003E6CC       DbxOpenOdbc.CheckMaxLines
 0001:0003F7DC       DbxOpenOdbc.ClearNewErrors
 0003:00001880       DbxOpenOdbc.cNullAnsiChar
 0003:00001884       DbxOpenOdbc.cNullWideChar
 0003:000019C8       DbxOpenOdbc.ColumnColumnNames
 0003:00001A00       DbxOpenOdbc.ColumnColumnTypes
 0001:00042874       DbxOpenOdbc.CompactNullConn
 0001:00042B28       DbxOpenOdbc.CompactNullConn
 0002:00000500       DbxOpenOdbc.DbxOpenOdbc
 0001:0004BA2C       DbxOpenOdbc.DoPrepareNow
 0001:0004B944       DbxOpenOdbc.DoReBindParams
 0001:0005E988       DbxOpenOdbc.DoRegisterDbXpressLibA
 0001:0005E994       DbxOpenOdbc.DoRegisterDbXpressLibAW
 0001:00041C88       DbxOpenOdbc.DoRelaseDbxConStmt
 0001:0003D554       DbxOpenOdbc.ExtractCatalog
 0001:0005E9A0       DbxOpenOdbc.Finalization
 0001:0003DDAC       DbxOpenOdbc.FormatParameter
 0001:00048164       DbxOpenOdbc.GetConnectionCustomOptions
 0001:00048320       DbxOpenOdbc.GetDatabaseNameOption
 0001:0003D7C4       DbxOpenOdbc.GetOptionValue
 0001:0003CEF8       DbxOpenOdbc.getSQLDriverODBC
 0001:0003D028       DbxOpenOdbc.getSQLDriverODBCAW
 0001:0003F2F8       DbxOpenOdbc.GetStringOptions
 0001:0004974C       DbxOpenOdbc.GetValueAsAnsiStr
 0001:00042F04       DbxOpenOdbc.HidePassword
 0003:00001A1C       DbxOpenOdbc.IndexColumnNames
 0003:00001A48       DbxOpenOdbc.IndexColumnTypes
 0001:0003F77C       DbxOpenOdbc.IsConnection
 0001:00041884       DbxOpenOdbc.IsFreeDbxConStmt
 0001:0003D120       DbxOpenOdbc.IsRestrictedConnectionOptionValue
 0001:0004D904       DbxOpenOdbc.MakeStoredProcParams
 0001:0003F050       DbxOpenOdbc.MakeStringExceptionFromInfo
 0003:0000188C       DbxOpenOdbc.MaxCount
 0001:00042FFC       DbxOpenOdbc.MergeAndSetConnOptions
 0001:0003DB48       DbxOpenOdbc.OdbcDataTypeToDbxType
 0001:0005254C       DbxOpenOdbc.OptimizeNextChunkSize
 0001:000430D8       DbxOpenOdbc.ParseConnectionOptions
 0003:00001A60       DbxOpenOdbc.ProcedureColumnNames
 0003:00001A7C       DbxOpenOdbc.ProcedureColumnTypes
 0003:00001A8C       DbxOpenOdbc.ProcedureParamColumnNames
 0003:00001AC4       DbxOpenOdbc.ProcedureParamColumnTypes
 0001:0004E148       DbxOpenOdbc.ProcessVarDataLength
 0001:0004978C       DbxOpenOdbc.SetConnectionCustomOptions
 0001:0003D1AC       DbxOpenOdbc.SetConnectionOption
 0001:0004E1D8       DbxOpenOdbc.SetVarData
 0001:0003F88C       DbxOpenOdbc.SQLGetDiagRecLevel2
 0001:0003D61C       DbxOpenOdbc.Str2BCD
 0003:000019A8       DbxOpenOdbc.TableColumnNames
 0003:000019BC       DbxOpenOdbc.TableColumnTypes
 0001:0005E79C       DbxOpenOdbc.TBlobChunkCollection.AddFragment
 0001:0005E7DC       DbxOpenOdbc.TBlobChunkCollection.Clear
 0001:0005E810       DbxOpenOdbc.TBlobChunkCollection.Destroy
 0001:0005E83C       DbxOpenOdbc.TBlobChunkCollection.GetSize
 0001:0005E858       DbxOpenOdbc.TBlobChunkCollection.Read
 0001:0005E8C8       DbxOpenOdbc.TBlobChunkCollection.ReadBlobToStream
 0001:0005E884       DbxOpenOdbc.TBlobChunkCollection.ReadBlobToVariant
 0001:00056DF4       DbxOpenOdbc.TMetaColumn.Create
 0001:00056E78       DbxOpenOdbc.TMetaColumn.Destroy
 0001:00056EC8       DbxOpenOdbc.TMetaIndexColumn.Create
 0001:00056FB4       DbxOpenOdbc.TMetaIndexColumn.Destroy
 0001:00057054       DbxOpenOdbc.TMetaProcedure.Create
 0001:00057118       DbxOpenOdbc.TMetaProcedure.Destroy
 0001:0005717C       DbxOpenOdbc.TMetaProcedureParam.Create
 0001:000571D8       DbxOpenOdbc.TMetaProcedureParam.Destroy
 0001:00056AF4       DbxOpenOdbc.TMetaTable.Create
 0001:00056D74       DbxOpenOdbc.TMetaTable.Destroy
 0001:000569DC       DbxOpenOdbc.TOdbcBindCol.Create
 0001:00056A14       DbxOpenOdbc.TOdbcBindCol.Destroy
 0001:00056A7C       DbxOpenOdbc.TOdbcBindParam.Create
 0001:00056AB8       DbxOpenOdbc.TOdbcBindParam.Destroy
 0001:0004B6D0       DbxOpenOdbc.TSqlCommandOdbc.AddError
 0001:0004B700       DbxOpenOdbc.TSqlCommandOdbc.BuildStoredProcSQL
 0001:0004C624       DbxOpenOdbc.TSqlCommandOdbc.Cancel
 0001:0004B640       DbxOpenOdbc.TSqlCommandOdbc.ClearParams
 0001:0004B6F4       DbxOpenOdbc.TSqlCommandOdbc.close
 0001:0004B500       DbxOpenOdbc.TSqlCommandOdbc.CloseStmt
 0001:0004B2FC       DbxOpenOdbc.TSqlCommandOdbc.Create
 0001:0004B688       DbxOpenOdbc.TSqlCommandOdbc.Destroy
 0001:0004D548       DbxOpenOdbc.TSqlCommandOdbc.DoAllocateParams
 0001:0004B38C       DbxOpenOdbc.TSqlCommandOdbc.DoAllocateStmt
 0001:0004BADC       DbxOpenOdbc.TSqlCommandOdbc.DoExecute
 0001:0004C088       DbxOpenOdbc.TSqlCommandOdbc.DoExecuteImmediate
 0001:0004D5D4       DbxOpenOdbc.TSqlCommandOdbc.DoPrepare
 0001:0004B89C       DbxOpenOdbc.TSqlCommandOdbc.DoSQLMoreResults
 0001:0004C058       DbxOpenOdbc.TSqlCommandOdbc.DoUnprepareStmt
 0001:0004C044       DbxOpenOdbc.TSqlCommandOdbc.execute
 0001:0004C600       DbxOpenOdbc.TSqlCommandOdbc.ExecuteImmediate
 0001:0004C774       DbxOpenOdbc.TSqlCommandOdbc.getErrorMessage
 0001:0004C7EC       DbxOpenOdbc.TSqlCommandOdbc.getErrorMessageLen
 0001:0004C710       DbxOpenOdbc.TSqlCommandOdbc.GetLockTimeout
 0001:0004C858       DbxOpenOdbc.TSqlCommandOdbc.getNextCursor
 0001:0004CA28       DbxOpenOdbc.TSqlCommandOdbc.GetOption
 0001:0004D170       DbxOpenOdbc.TSqlCommandOdbc.getParameter
 0001:0004D530       DbxOpenOdbc.TSqlCommandOdbc.getRowsAffected
 0001:0004D8D4       DbxOpenOdbc.TSqlCommandOdbc.prepare
 0001:0004C674       DbxOpenOdbc.TSqlCommandOdbc.SetLockTimeout
 0001:0004D980       DbxOpenOdbc.TSqlCommandOdbc.SetOption
 0001:0004E2D4       DbxOpenOdbc.TSqlCommandOdbc.setParameter
 0001:00041AC8       DbxOpenOdbc.TSqlConnectionOdbc.AllocHStmt
 0001:0004233C       DbxOpenOdbc.TSqlConnectionOdbc.beginTransaction
 0001:00047578       DbxOpenOdbc.TSqlConnectionOdbc.CheckTransactionSupport
 0001:00042DE0       DbxOpenOdbc.TSqlConnectionOdbc.ClearConnectionOptions
 0001:000412D0       DbxOpenOdbc.TSqlConnectionOdbc.CloneOdbcConnection
 0001:000428E0       DbxOpenOdbc.TSqlConnectionOdbc.commit
 0001:000431B4       DbxOpenOdbc.TSqlConnectionOdbc.connect
 0001:00040F60       DbxOpenOdbc.TSqlConnectionOdbc.Create
 0001:00040FFC       DbxOpenOdbc.TSqlConnectionOdbc.Destroy
 0001:00046DC4       DbxOpenOdbc.TSqlConnectionOdbc.disconnect
 0001:000419F4       DbxOpenOdbc.TSqlConnectionOdbc.FindFreeConnection
 0001:00041F70       DbxOpenOdbc.TSqlConnectionOdbc.FreeHStmt
 0001:000421BC       DbxOpenOdbc.TSqlConnectionOdbc.GetCatalog
 0001:0004B2D8       DbxOpenOdbc.TSqlConnectionOdbc.GetConnectionHandle
 0001:000422CC       DbxOpenOdbc.TSqlConnectionOdbc.GetCurrentCatalog
 0001:000420BC       DbxOpenOdbc.TSqlConnectionOdbc.GetCurrentDbxConStmt
 0001:0004B2A4       DbxOpenOdbc.TSqlConnectionOdbc.GetCursorPreserved
 0001:0004B220       DbxOpenOdbc.TSqlConnectionOdbc.GetDbmsName
 0001:0004B12C       DbxOpenOdbc.TSqlConnectionOdbc.GetDbmsType
 0001:0004B240       DbxOpenOdbc.TSqlConnectionOdbc.GetDbmsVersionBuild
 0001:0004B234       DbxOpenOdbc.TSqlConnectionOdbc.GetDbmsVersionMajor
 0001:0004B238       DbxOpenOdbc.TSqlConnectionOdbc.GetDbmsVersionMinor
 0001:0004B23C       DbxOpenOdbc.TSqlConnectionOdbc.GetDbmsVersionRelease
 0001:0004B244       DbxOpenOdbc.TSqlConnectionOdbc.GetDbmsVersionString
 0001:0004B2F4       DbxOpenOdbc.TSqlConnectionOdbc.GetDecimalSeparator
 0001:0004186C       DbxOpenOdbc.TSqlConnectionOdbc.GetDefaultConnectionOptions
 0001:0004B2D0       DbxOpenOdbc.TSqlConnectionOdbc.GetEnvironmentHandle
 0001:0004749C       DbxOpenOdbc.TSqlConnectionOdbc.getErrorMessage
 0001:00047510       DbxOpenOdbc.TSqlConnectionOdbc.getErrorMessageLen
 0001:0004B2AC       DbxOpenOdbc.TSqlConnectionOdbc.GetIsSystemODBCManager
 0001:0004B218       DbxOpenOdbc.TSqlConnectionOdbc.GetLastOdbcSqlState
 0001:000476D4       DbxOpenOdbc.TSqlConnectionOdbc.GetMetaDataOption
 0001:0004B2DC       DbxOpenOdbc.TSqlConnectionOdbc.GetOdbcApiIntf
 0001:0004B13C       DbxOpenOdbc.TSqlConnectionOdbc.GetOdbcConnectStrings
 0001:0004B2B8       DbxOpenOdbc.TSqlConnectionOdbc.GetOdbcDriverLevel
 0001:0004B258       DbxOpenOdbc.TSqlConnectionOdbc.GetOdbcDriverName
 0001:0004B134       DbxOpenOdbc.TSqlConnectionOdbc.GetOdbcDriverType
 0001:0004B284       DbxOpenOdbc.TSqlConnectionOdbc.GetOdbcDriverVersionBuild
 0001:0004B26C       DbxOpenOdbc.TSqlConnectionOdbc.GetOdbcDriverVersionMajor
 0001:0004B274       DbxOpenOdbc.TSqlConnectionOdbc.GetOdbcDriverVersionMinor
 0001:0004B27C       DbxOpenOdbc.TSqlConnectionOdbc.GetOdbcDriverVersionRelease
 0001:0004B28C       DbxOpenOdbc.TSqlConnectionOdbc.GetOdbcDriverVersionString
 0001:000484AC       DbxOpenOdbc.TSqlConnectionOdbc.GetOption
 0001:0004956C       DbxOpenOdbc.TSqlConnectionOdbc.getSQLCommand
 0001:0004965C       DbxOpenOdbc.TSqlConnectionOdbc.getSQLMetaData
 0001:0004B2C8       DbxOpenOdbc.TSqlConnectionOdbc.GetStatementsPerConnection
 0001:0004B2C0       DbxOpenOdbc.TSqlConnectionOdbc.GetSupportsSqlPrimaryKeys
 0001:0004217C       DbxOpenOdbc.TSqlConnectionOdbc.OdbcCheck
 0001:0004549C       DbxOpenOdbc.TSqlConnectionOdbc.RetrieveDbmsOptions
 0001:00045890       DbxOpenOdbc.TSqlConnectionOdbc.RetrieveDriverName
 0001:00042B94       DbxOpenOdbc.TSqlConnectionOdbc.rollback
 0001:0004172C       DbxOpenOdbc.TSqlConnectionOdbc.SetLoginTimeout
 0001:000417CC       DbxOpenOdbc.TSqlConnectionOdbc.SetNetworkTimeout
 0001:00049BEC       DbxOpenOdbc.TSqlConnectionOdbc.SetOption
 0001:00041060       DbxOpenOdbc.TSqlConnectionOdbc.SynchronizeInTransaction
 0001:0004AF8C       DbxOpenOdbc.TSqlConnectionOdbc.TransactionCheck
 0001:00055900       DbxOpenOdbc.TSqlCursorMetaData.BindInteger
 0001:000555F8       DbxOpenOdbc.TSqlCursorMetaData.BindSmallint
 0001:00055200       DbxOpenOdbc.TSqlCursorMetaData.ClearMetaData
 0001:00055164       DbxOpenOdbc.TSqlCursorMetaData.Create
 0001:0005547C       DbxOpenOdbc.TSqlCursorMetaData.DescribeAllocBindString
 0001:000551CC       DbxOpenOdbc.TSqlCursorMetaData.Destroy
 0001:00055BF4       DbxOpenOdbc.TSqlCursorMetaData.getBcd
 0001:00055CA0       DbxOpenOdbc.TSqlCursorMetaData.getBlob
 0001:00055D4C       DbxOpenOdbc.TSqlCursorMetaData.getBlobSize
 0001:00055DFC       DbxOpenOdbc.TSqlCursorMetaData.getBytes
 0001:00055EA8       DbxOpenOdbc.TSqlCursorMetaData.getColumnCount
 0001:00055EC0       DbxOpenOdbc.TSqlCursorMetaData.getColumnLength
 0001:00055F74       DbxOpenOdbc.TSqlCursorMetaData.getColumnName
 0001:00055F9C       DbxOpenOdbc.TSqlCursorMetaData.getColumnNameLength
 0001:00055FC4       DbxOpenOdbc.TSqlCursorMetaData.getColumnPrecision
 0001:0005607C       DbxOpenOdbc.TSqlCursorMetaData.getColumnScale
 0001:00056090       DbxOpenOdbc.TSqlCursorMetaData.getColumnType
 0001:000560B0       DbxOpenOdbc.TSqlCursorMetaData.getDate
 0001:0005615C       DbxOpenOdbc.TSqlCursorMetaData.getDouble
 0001:00056208       DbxOpenOdbc.TSqlCursorMetaData.getErrorMessage
 0001:0005627C       DbxOpenOdbc.TSqlCursorMetaData.getErrorMessageLen
 0001:000562E4       DbxOpenOdbc.TSqlCursorMetaData.getLong
 0001:00056390       DbxOpenOdbc.TSqlCursorMetaData.GetOption
 0001:0005643C       DbxOpenOdbc.TSqlCursorMetaData.getShort
 0001:000564E8       DbxOpenOdbc.TSqlCursorMetaData.getString
 0001:00056594       DbxOpenOdbc.TSqlCursorMetaData.getTime
 0001:00056640       DbxOpenOdbc.TSqlCursorMetaData.getTimeStamp
 0001:000566F0       DbxOpenOdbc.TSqlCursorMetaData.isAutoIncrement
 0001:00056748       DbxOpenOdbc.TSqlCursorMetaData.isBlobSizeExact
 0001:000567A0       DbxOpenOdbc.TSqlCursorMetaData.isNullable
 0001:000567B0       DbxOpenOdbc.TSqlCursorMetaData.isReadOnly
 0001:000567C4       DbxOpenOdbc.TSqlCursorMetaData.isSearchable
 0001:000567D4       DbxOpenOdbc.TSqlCursorMetaData.next
 0001:00056890       DbxOpenOdbc.TSqlCursorMetaData.OdbcCheck
 0001:000553E4       DbxOpenOdbc.TSqlCursorMetaData.ParseTableName
 0001:00055244       DbxOpenOdbc.TSqlCursorMetaData.ParseTableNameBase
 0001:000567E4       DbxOpenOdbc.TSqlCursorMetaData.SetOption
 0001:00058294       DbxOpenOdbc.TSqlCursorMetaDataColumns.Clear
 0001:0005821C       DbxOpenOdbc.TSqlCursorMetaDataColumns.Create
 0001:00058268       DbxOpenOdbc.TSqlCursorMetaDataColumns.Destroy
 0001:000582F8       DbxOpenOdbc.TSqlCursorMetaDataColumns.FetchColumns
 0001:00059194       DbxOpenOdbc.TSqlCursorMetaDataColumns.getColumnLength
 0001:000593CC       DbxOpenOdbc.TSqlCursorMetaDataColumns.getColumnPrecision
 0001:00059404       DbxOpenOdbc.TSqlCursorMetaDataColumns.getLong
 0001:000595C0       DbxOpenOdbc.TSqlCursorMetaDataColumns.getShort
 0001:000597A4       DbxOpenOdbc.TSqlCursorMetaDataColumns.getString
 0001:000599B4       DbxOpenOdbc.TSqlCursorMetaDataColumns.next
 0001:00059ADC       DbxOpenOdbc.TSqlCursorMetaDataIndexes.Create
 0001:00059B44       DbxOpenOdbc.TSqlCursorMetaDataIndexes.Destroy
 0001:00059BC8       DbxOpenOdbc.TSqlCursorMetaDataIndexes.FetchIndexes
 0001:0005B50C       DbxOpenOdbc.TSqlCursorMetaDataIndexes.getColumnLength
 0001:0005B708       DbxOpenOdbc.TSqlCursorMetaDataIndexes.getColumnPrecision
 0001:0005B740       DbxOpenOdbc.TSqlCursorMetaDataIndexes.getLong
 0001:0005B874       DbxOpenOdbc.TSqlCursorMetaDataIndexes.getShort
 0001:0005B9D0       DbxOpenOdbc.TSqlCursorMetaDataIndexes.getString
 0001:0005BD24       DbxOpenOdbc.TSqlCursorMetaDataIndexes.next
 0001:0005CB98       DbxOpenOdbc.TSqlCursorMetaDataProcedureParams.Create
 0001:0005CBE4       DbxOpenOdbc.TSqlCursorMetaDataProcedureParams.Destroy
 0001:0005CC68       DbxOpenOdbc.TSqlCursorMetaDataProcedureParams.FetchProcedureParams
 0001:0005DF18       DbxOpenOdbc.TSqlCursorMetaDataProcedureParams.getColumnLength
 0001:0005E14C       DbxOpenOdbc.TSqlCursorMetaDataProcedureParams.getColumnPrecision
 0001:0005E18C       DbxOpenOdbc.TSqlCursorMetaDataProcedureParams.getLong
 0001:0005E300       DbxOpenOdbc.TSqlCursorMetaDataProcedureParams.getShort
 0001:0005E4F4       DbxOpenOdbc.TSqlCursorMetaDataProcedureParams.getString
 0001:0005E764       DbxOpenOdbc.TSqlCursorMetaDataProcedureParams.next
 0001:0005BDE8       DbxOpenOdbc.TSqlCursorMetaDataProcedures.Create
 0001:0005BE34       DbxOpenOdbc.TSqlCursorMetaDataProcedures.Destroy
 0001:0005BE88       DbxOpenOdbc.TSqlCursorMetaDataProcedures.FetchProcedures
 0001:0005C400       DbxOpenOdbc.TSqlCursorMetaDataProcedures.getColumnLength
 0001:0005C5B0       DbxOpenOdbc.TSqlCursorMetaDataProcedures.getColumnPrecision
 0001:0005C5F0       DbxOpenOdbc.TSqlCursorMetaDataProcedures.getLong
 0001:0005C738       DbxOpenOdbc.TSqlCursorMetaDataProcedures.getShort
 0001:0005C87C       DbxOpenOdbc.TSqlCursorMetaDataProcedures.getString
 0001:0005CA2C       DbxOpenOdbc.TSqlCursorMetaDataProcedures.next
 0001:00057304       DbxOpenOdbc.TSqlCursorMetaDataTables.Clear
 0001:0005728C       DbxOpenOdbc.TSqlCursorMetaDataTables.Create
 0001:000572D8       DbxOpenOdbc.TSqlCursorMetaDataTables.Destroy
 0001:00057338       DbxOpenOdbc.TSqlCursorMetaDataTables.FetchTables
 0001:00057C24       DbxOpenOdbc.TSqlCursorMetaDataTables.getColumnLength
 0001:00057D9C       DbxOpenOdbc.TSqlCursorMetaDataTables.getColumnPrecision
 0001:00057DC4       DbxOpenOdbc.TSqlCursorMetaDataTables.getLong
 0001:00057EF8       DbxOpenOdbc.TSqlCursorMetaDataTables.getString
 0001:000580A8       DbxOpenOdbc.TSqlCursorMetaDataTables.next
 0001:000505C8       DbxOpenOdbc.TSqlCursorOdbc.BindResultSet
 0001:000503F0       DbxOpenOdbc.TSqlCursorOdbc.ClearCursor
 0001:00050358       DbxOpenOdbc.TSqlCursorOdbc.Create
 0001:0005045C       DbxOpenOdbc.TSqlCursorOdbc.Destroy
 0001:0005245C       DbxOpenOdbc.TSqlCursorOdbc.FetchLateBoundData
 0001:00052688       DbxOpenOdbc.TSqlCursorOdbc.FetchLongData
 0001:00052CF4       DbxOpenOdbc.TSqlCursorOdbc.getBcd
 0001:00052E6C       DbxOpenOdbc.TSqlCursorOdbc.getBlob
 0001:0005304C       DbxOpenOdbc.TSqlCursorOdbc.getBlobSize
 0001:000531D8       DbxOpenOdbc.TSqlCursorOdbc.getBytes
 0001:00053360       DbxOpenOdbc.TSqlCursorOdbc.getColumnCount
 0001:00053378       DbxOpenOdbc.TSqlCursorOdbc.getColumnLength
 0001:0005373C       DbxOpenOdbc.TSqlCursorOdbc.getColumnName
 0001:00053768       DbxOpenOdbc.TSqlCursorOdbc.getColumnNameLength
 0001:000537A4       DbxOpenOdbc.TSqlCursorOdbc.getColumnPrecision
 0001:00053868       DbxOpenOdbc.TSqlCursorOdbc.getColumnScale
 0001:000538F0       DbxOpenOdbc.TSqlCursorOdbc.getColumnType
 0001:00053920       DbxOpenOdbc.TSqlCursorOdbc.getDate
 0001:00053AD0       DbxOpenOdbc.TSqlCursorOdbc.getDouble
 0001:00053C3C       DbxOpenOdbc.TSqlCursorOdbc.getErrorMessage
 0001:00053CBC       DbxOpenOdbc.TSqlCursorOdbc.getErrorMessageLen
 0001:00053D2C       DbxOpenOdbc.TSqlCursorOdbc.getLong
 0001:00053E90       DbxOpenOdbc.TSqlCursorOdbc.GetOption
 0001:00053F38       DbxOpenOdbc.TSqlCursorOdbc.getShort
 0001:000540B4       DbxOpenOdbc.TSqlCursorOdbc.getString
 0001:000543A0       DbxOpenOdbc.TSqlCursorOdbc.getTime
 0001:00054520       DbxOpenOdbc.TSqlCursorOdbc.getTimeStamp
 0001:000546D4       DbxOpenOdbc.TSqlCursorOdbc.isAutoIncrement
 0001:000547DC       DbxOpenOdbc.TSqlCursorOdbc.isBlobSizeExact
 0001:000547F0       DbxOpenOdbc.TSqlCursorOdbc.isNullable
 0001:00054830       DbxOpenOdbc.TSqlCursorOdbc.isReadOnly
 0001:000548B0       DbxOpenOdbc.TSqlCursorOdbc.isSearchable
 0001:000549A4       DbxOpenOdbc.TSqlCursorOdbc.next
 0001:000550C8       DbxOpenOdbc.TSqlCursorOdbc.SetOption
 0001:00040920       DbxOpenOdbc.TSqlDriverOdbc.AllocHCon
 0001:00040A08       DbxOpenOdbc.TSqlDriverOdbc.AllocHEnv
 0001:0003F410       DbxOpenOdbc.TSqlDriverOdbc.Create
 0001:0003F4B4       DbxOpenOdbc.TSqlDriverOdbc.Destroy
 0001:00040980       DbxOpenOdbc.TSqlDriverOdbc.FreeHCon
 0001:00040BB0       DbxOpenOdbc.TSqlDriverOdbc.FreeHEnv
 0001:00040C50       DbxOpenOdbc.TSqlDriverOdbc.GetOption
 0001:00040DEC       DbxOpenOdbc.TSqlDriverOdbc.getSQLConnection
 0001:0003F4F0       DbxOpenOdbc.TSqlDriverOdbc.OdbcCheck
 0001:0003F930       DbxOpenOdbc.TSqlDriverOdbc.RetrieveOdbcErrorInfo
 0001:00040E60       DbxOpenOdbc.TSqlDriverOdbc.SetOption
 0001:0004F3F4       DbxOpenOdbc.TSQLMetaDataOdbc.Create
 0001:0004F440       DbxOpenOdbc.TSQLMetaDataOdbc.Destroy
 0001:0004F470       DbxOpenOdbc.TSQLMetaDataOdbc.getColumns
 0001:0004F590       DbxOpenOdbc.TSQLMetaDataOdbc.getErrorMessage
 0001:0004F604       DbxOpenOdbc.TSQLMetaDataOdbc.getErrorMessageLen
 0001:0004F66C       DbxOpenOdbc.TSQLMetaDataOdbc.getIndices
 0001:0004F790       DbxOpenOdbc.TSQLMetaDataOdbc.getObjectList
 0001:0004F7A8       DbxOpenOdbc.TSQLMetaDataOdbc.GetOption
 0001:0004F8BC       DbxOpenOdbc.TSQLMetaDataOdbc.getProcedureParams
 0001:0004F9D8       DbxOpenOdbc.TSQLMetaDataOdbc.getProcedures
 0001:0004FAD8       DbxOpenOdbc.TSQLMetaDataOdbc.getTables
 0001:0004FBC8       DbxOpenOdbc.TSQLMetaDataOdbc.SetOption
 0001:00045760       DbxOpenOdbc.VersionStringToNumeric
 0001:0004E268       DbxOpenOdbc.WideCharToUtf8
 0004:000055D8       DbxOpenOdbc3..11
 0001:0003797C       DbxOpenOdbc3..TSqlCommandOdbc3
 0001:00037804       DbxOpenOdbc3..TSqlConnectionOdbc3
 0001:000381B4       DbxOpenOdbc3..TSqlCursorMetaDataColumns3
 0001:0003840C       DbxOpenOdbc3..TSqlCursorMetaDataIndexes3
 0001:000388C4       DbxOpenOdbc3..TSqlCursorMetaDataProcedureParams3
 0001:00038664       DbxOpenOdbc3..TSqlCursorMetaDataProcedures3
 0001:00037F58       DbxOpenOdbc3..TSqlCursorMetaDataTables3
 0001:00037BCC       DbxOpenOdbc3..TSqlCursorOdbc3
 0001:00037684       DbxOpenOdbc3..TSqlDriverOdbc3
 0001:00037D04       DbxOpenOdbc3..TSQLMetaDataOdbc3
 0004:000055B8       DbxOpenOdbc3.cConnectionOptionsDefault3
 0001:00038B64       DbxOpenOdbc3.Create_ISQLCursor30
 0002:000004B0       DbxOpenOdbc3.DbxOpenOdbc3
 0003:00001824       DbxOpenOdbc3.DefaultSystemCodePage
 0001:0003B044       DbxOpenOdbc3.DoRegisterDbXpressLibW
 0001:0003B050       DbxOpenOdbc3.DoRegisterDbXpressLibWA
 0001:0003B05C       DbxOpenOdbc3.Finalization
 0001:00038974       DbxOpenOdbc3.getSQLDriverODBCW
 0001:00038A6C       DbxOpenOdbc3.getSQLDriverODBCWA
 0001:00038CC0       DbxOpenOdbc3.Get_ISQLMetaData30
 0001:00038D14       DbxOpenOdbc3.Get_ISQLMetaData30
 0001:00038BC4       DbxOpenOdbc3.Get_ISQLMetaData30
 0001:00038C6C       DbxOpenOdbc3.Get_ISQLMetaData30
 0001:00038C18       DbxOpenOdbc3.Get_ISQLMetaData30
 0001:00038934       DbxOpenOdbc3.StringToWideChar
 0001:00039414       DbxOpenOdbc3.TSqlCommandOdbc3.execute
 0001:00039430       DbxOpenOdbc3.TSqlCommandOdbc3.executeImmediate
 0001:000394D4       DbxOpenOdbc3.TSqlCommandOdbc3.getErrorMessage
 0001:000394EC       DbxOpenOdbc3.TSqlCommandOdbc3.getErrorMessageLen
 0001:00039504       DbxOpenOdbc3.TSqlCommandOdbc3.getNextCursor
 0001:00039518       DbxOpenOdbc3.TSqlCommandOdbc3.GetOption
 0001:00039358       DbxOpenOdbc3.TSqlCommandOdbc3.prepare
 0001:00039600       DbxOpenOdbc3.TSqlCommandOdbc3.SetOption
 0001:00038DEC       DbxOpenOdbc3.TSqlConnectionOdbc3.connect
 0001:00038E80       DbxOpenOdbc3.TSqlConnectionOdbc3.connect
 0001:00038F40       DbxOpenOdbc3.TSqlConnectionOdbc3.getErrorMessage
 0001:00039028       DbxOpenOdbc3.TSqlConnectionOdbc3.getErrorMessageLen
 0001:000390A8       DbxOpenOdbc3.TSqlConnectionOdbc3.GetOption
 0001:00039230       DbxOpenOdbc3.TSqlConnectionOdbc3.getSQLCommand
 0001:000392C4       DbxOpenOdbc3.TSqlConnectionOdbc3.getSQLMetaData
 0001:00039190       DbxOpenOdbc3.TSqlConnectionOdbc3.SetOption
 0001:0003A3A4       DbxOpenOdbc3.TSqlCursorMetaDataColumns3.getColumnName
 0001:0003A47C       DbxOpenOdbc3.TSqlCursorMetaDataColumns3.getErrorMessage
 0001:0003A564       DbxOpenOdbc3.TSqlCursorMetaDataColumns3.getErrorMessageLen
 0001:0003A5E4       DbxOpenOdbc3.TSqlCursorMetaDataColumns3.getInt64
 0001:0003A5F0       DbxOpenOdbc3.TSqlCursorMetaDataColumns3.getString
 0001:0003A610       DbxOpenOdbc3.TSqlCursorMetaDataColumns3.getWideString
 0001:0003A6CC       DbxOpenOdbc3.TSqlCursorMetaDataIndexes3.getColumnName
 0001:0003A7A4       DbxOpenOdbc3.TSqlCursorMetaDataIndexes3.getErrorMessage
 0001:0003A88C       DbxOpenOdbc3.TSqlCursorMetaDataIndexes3.getErrorMessageLen
 0001:0003A90C       DbxOpenOdbc3.TSqlCursorMetaDataIndexes3.getInt64
 0001:0003A918       DbxOpenOdbc3.TSqlCursorMetaDataIndexes3.getString
 0001:0003A938       DbxOpenOdbc3.TSqlCursorMetaDataIndexes3.getWideString
 0001:0003AD1C       DbxOpenOdbc3.TSqlCursorMetaDataProcedureParams3.getColumnName
 0001:0003ADF4       DbxOpenOdbc3.TSqlCursorMetaDataProcedureParams3.getErrorMessage
 0001:0003AEDC       DbxOpenOdbc3.TSqlCursorMetaDataProcedureParams3.getErrorMessageLen
 0001:0003AF5C       DbxOpenOdbc3.TSqlCursorMetaDataProcedureParams3.getInt64
 0001:0003AF68       DbxOpenOdbc3.TSqlCursorMetaDataProcedureParams3.getString
 0001:0003AF88       DbxOpenOdbc3.TSqlCursorMetaDataProcedureParams3.getWideString
 0001:0003A9F4       DbxOpenOdbc3.TSqlCursorMetaDataProcedures3.getColumnName
 0001:0003AACC       DbxOpenOdbc3.TSqlCursorMetaDataProcedures3.getErrorMessage
 0001:0003ABB4       DbxOpenOdbc3.TSqlCursorMetaDataProcedures3.getErrorMessageLen
 0001:0003AC34       DbxOpenOdbc3.TSqlCursorMetaDataProcedures3.getInt64
 0001:0003AC40       DbxOpenOdbc3.TSqlCursorMetaDataProcedures3.getString
 0001:0003AC60       DbxOpenOdbc3.TSqlCursorMetaDataProcedures3.getWideString
 0001:0003A1E4       DbxOpenOdbc3.TSqlCursorMetaDataTables3.getColumnName
 0001:0003A07C       DbxOpenOdbc3.TSqlCursorMetaDataTables3.getErrorMessage
 0001:0003A164       DbxOpenOdbc3.TSqlCursorMetaDataTables3.getErrorMessageLen
 0001:0003A2BC       DbxOpenOdbc3.TSqlCursorMetaDataTables3.getInt64
 0001:0003A2C8       DbxOpenOdbc3.TSqlCursorMetaDataTables3.getString
 0001:0003A2E8       DbxOpenOdbc3.TSqlCursorMetaDataTables3.getWideString
 0001:00039758       DbxOpenOdbc3.TSqlCursorOdbc3.getColumnName
 0001:000396D0       DbxOpenOdbc3.TSqlCursorOdbc3.getColumnNameLength
 0001:000396A0       DbxOpenOdbc3.TSqlCursorOdbc3.getErrorMessage
 0001:000396B8       DbxOpenOdbc3.TSqlCursorOdbc3.getErrorMessageLen
 0001:000397C0       DbxOpenOdbc3.TSqlCursorOdbc3.getInt64
 0001:00039844       DbxOpenOdbc3.TSqlCursorOdbc3.getString
 0001:00039864       DbxOpenOdbc3.TSqlCursorOdbc3.getWideString
 0001:00038D68       DbxOpenOdbc3.TSqlDriverOdbc3.Create
 0001:00038DB0       DbxOpenOdbc3.TSqlDriverOdbc3.getSQLConnection
 0001:00039E68       DbxOpenOdbc3.TSQLMetaDataOdbc3.getColumns
 0001:000399C0       DbxOpenOdbc3.TSQLMetaDataOdbc3.getErrorMessage
 0001:00039AA8       DbxOpenOdbc3.TSQLMetaDataOdbc3.getErrorMessageLen
 0001:00039F2C       DbxOpenOdbc3.TSQLMetaDataOdbc3.getIndices
 0001:00039CB0       DbxOpenOdbc3.TSQLMetaDataOdbc3.getObjectList
 0001:00039B28       DbxOpenOdbc3.TSQLMetaDataOdbc3.GetOption
 0001:00039FBC       DbxOpenOdbc3.TSQLMetaDataOdbc3.getProcedureParams
 0001:00039D98       DbxOpenOdbc3.TSQLMetaDataOdbc3.getProcedures
 0001:00039CC8       DbxOpenOdbc3.TSQLMetaDataOdbc3.getTables
 0001:00039C10       DbxOpenOdbc3.TSQLMetaDataOdbc3.SetOption
 0004:000055B0       DbxOpenOdbcASA..1
 0003:0000179C       DbxOpenOdbcASA.AsaCallbackMessage
 0001:00034F5C       DbxOpenOdbcASA.ASA_MESSAGE_CALLBACK
 0001:00034F44       DbxOpenOdbcASA.ASA_MESSAGE_INIT
 0003:000017A0       DbxOpenOdbcASA.aWindow
 0002:0000047C       DbxOpenOdbcASA.DbxOpenOdbcASA
 0001:00034FD0       DbxOpenOdbcASA.Finalization
 0004:000055AC       DbxOpenOdbcASA.WM_AsaCallback
 0004:000055AE       DbxOpenOdbcASA.WM_AsaCallback_Supported
 0004:00005590       DbxOpenOdbcInterface..1
 0003:00001580       DbxOpenOdbcInterface.cConnectionOptionsDescs
 0003:000014E4       DbxOpenOdbcInterface.cConnectionOptionsNames
 0003:00001560       DbxOpenOdbcInterface.cConnectionOptionsTypes
 0003:000015FC       DbxOpenOdbcInterface.cOptionSwitchesNames
 0003:00001610       DbxOpenOdbcInterface.cXSQLCommandOptionStringTypes
 0003:00001608       DbxOpenOdbcInterface.cXSQLConnectionOptionStringTypes
 0003:00001614       DbxOpenOdbcInterface.cXSQLMetaDataOptionStringTypes
 0002:00000408       DbxOpenOdbcInterface.DbxOpenOdbcInterface
 0001:00024C04       DbxOpenOdbcInterface.DoRegisterDbXpressLibNull
 0001:00024C08       DbxOpenOdbcInterface.Finalization
 0004:00005580       DbxOpenOdbcInterface.RegisterDbXpressLibA
 0004:00005584       DbxOpenOdbcInterface.RegisterDbXpressLibAW
 0004:00005588       DbxOpenOdbcInterface.RegisterDbXpressLibW
 0004:0000558C       DbxOpenOdbcInterface.RegisterDbXpressLibWA
 0004:00005564       DSIntf..2
 0003:000014E0       DSIntf.DbClientHandle
 0002:000003F0       DSIntf.DSIntf
 0001:00024284       DSIntf.Finalization
 0004:00005568       DSIntf.Loading
 0004:0000280C       FastMM4..1
 0001:00006188       FastMM4.AllocateLargeBlock
 0001:000060D8       FastMM4.AllocNewSequentialFeedMediumPool
 0004:00002810       FastMM4.AllocSize2SmallBlockTypeIndX4
 0001:00005D64       FastMM4.AppendModuleFileName
 0001:00005D88       FastMM4.AppendStringToModuleName
 0001:0000606C       FastMM4.BinMediumSequentialFeedRemainder
 0001:00006B34       FastMM4.CheckCanInstallMemoryManager
 0003:000007B8       FastMM4.Copyright
 0001:00006B04       FastMM4.FastAllocMem
 0001:000066D8       FastMM4.FastFreeMem
 0001:000063DC       FastMM4.FastGetMem
 0002:000000B0       FastMM4.FastMM4
 0004:00004A3C       FastMM4.FastMMIsInstalled
 0001:00006874       FastMM4.FastReallocMem
 0001:00007128       FastMM4.Finalization
 0001:000061EC       FastMM4.FreeLargeBlock
 0001:00006F50       FastMM4.InitializeMemoryManager
 0001:0000600C       FastMM4.InsertMediumBlockIntoBin
 0001:000070C0       FastMM4.InstallMemoryManager
 0004:00004A3D       FastMM4.IsMemoryManagerOwner
 0004:000049FC       FastMM4.LargeBlocksCircularList
 0004:000049F8       FastMM4.LargeBlocksLocked
 0004:0000296C       FastMM4.LastSequentiallyFedMediumBlock
 0001:00005D5C       FastMM4.LockCmpxchg
 0001:00006150       FastMM4.LockLargeBlocks
 0001:00005F94       FastMM4.LockMediumBlocks
 0004:00002978       FastMM4.MediumBlockBinBitmaps
 0004:00002974       FastMM4.MediumBlockBinGroupBitmap
 0004:000029F8       FastMM4.MediumBlockBins
 0004:00002958       FastMM4.MediumBlockPoolsCircularList
 0004:00002968       FastMM4.MediumBlocksLocked
 0004:00002970       FastMM4.MediumSequentialFeedBytesLeft
 0001:00005DDC       FastMM4.Move12
 0001:00005DF0       FastMM4.Move20
 0001:00005E10       FastMM4.Move28
 0001:00005E3C       FastMM4.Move36
 0001:00005E5C       FastMM4.Move44
 0001:00005E80       FastMM4.Move52
 0001:00005EAC       FastMM4.Move60
 0001:00005EDC       FastMM4.Move68
 0001:00005F14       FastMM4.MoveX16L4
 0001:00005F4C       FastMM4.MoveX8L4
 0004:00004A24       FastMM4.NewMemoryManager
 0004:00004A0C       FastMM4.OldMemoryManager
 0001:00006290       FastMM4.ReallocateLargeBlock
 0001:00005FCC       FastMM4.RemoveMediumFreeBlock
 0004:00004A3E       FastMM4.ShowingMessageBox
 0001:00005F6C       FastMM4.ShowMessageBox
 0003:000007BC       FastMM4.SmallBlockTypes
 0004:00005540       FMTBcd..3
 0001:0001E190       FMTBcd..EBcdException
 0001:0001E1EC       FMTBcd..EBcdOverflowException
 0001:0001E3E0       FMTBcd..TFMTBcdData
 0001:0001E32C       FMTBcd..TFMTBcdVariantType
 0001:0001F738       FMTBcd.AddChars
 0001:00021670       FMTBcd.AddNormalizedFractions
 0001:0001F818       FMTBcd.AddStrings
 0001:000214E4       FMTBcd.AddSubtractNormalizedFractions
 0001:000205DC       FMTBcd.AdjustDecimalPosition
 0001:00021F1C       FMTBcd.AdjustNibbles
 0001:0002264C       FMTBcd.BcdAdd
 0001:00022198       FMTBcd.BcdCompare
 0001:000225D8       FMTBcd.BcdDivide
 0001:0002244C       FMTBcd.BcdDivide
 0001:0001E58C       FMTBcd.BcdError
 0001:0001E51C       FMTBcd.BcdErrorFmt
 0001:000222B0       FMTBcd.BcdMultiply
 0001:000223D8       FMTBcd.BcdMultiply
 0001:00022A38       FMTBcd.BcdScale
 0001:0002226C       FMTBcd.BcdSubtract
 0001:00022C80       FMTBcd.BCDToCurr
 0001:0001F040       FMTBcd.BcdToDouble
 0001:000227A4       FMTBcd.BcdToStr
 0001:000203EC       FMTBcd.BlankArgument
 0001:00020258       FMTBcd.CanUseShort
 0001:00021E40       FMTBcd.CompactBcd
 0001:0001F46C       FMTBcd.CompareDigits
 0001:00021694       FMTBcd.CompareNormalizedFractions
 0001:00021A28       FMTBcd.CompareSignificantFractions
 0001:00022ADC       FMTBcd.CurrToBCD
 0003:0000130C       FMTBcd.DValue
 0001:0001E250       FMTBcd.EmptyBcd
 0001:00022DAC       FMTBcd.Finalization
 0002:000002E8       FMTBcd.FMTBcd
 0003:00001404       FMTBcd.FMTBcdVariantType
 0001:0001E2A4       FMTBcd.GetBcdDigit
 0001:00022A78       FMTBcd.GetNextByte
 0001:0001F570       FMTBcd.GetValueAndMultiplyOrder
 0001:00020F88       FMTBcd.InvalidBcdString
 0001:00022A5C       FMTBcd.IsBcdNegative
 0001:0001F400       FMTBcd.LeftTrim
 0001:0002195C       FMTBcd.LoadNibbleArray
 0001:00021814       FMTBcd.MoveBytesToRight
 0001:00021B30       FMTBcd.MoveNibblesToLeft
 0001:000218A4       FMTBcd.MoveNibblesToRight
 0001:0002050C       FMTBcd.NextDigit
 0001:00021C68       FMTBcd.NormalizeBcd
 0001:00021FA0       FMTBcd.NormalizeBcdPair
 0003:000012E8       FMTBcd.NullBcd
 0001:00021E00       FMTBcd.NumberOfDigits
 0001:0001E5AC       FMTBcd.OverflowError
 0001:0001E2FC       FMTBcd.PutCurrencyDigit
 0001:0001E268       FMTBcd.PutTwoBcdDigits
 0001:000210A0       FMTBcd.ReverseNegative
 0001:0001F11C       FMTBcd.RoundAt
 0001:0001F098       FMTBcd.RoundChar
 0001:00021460       FMTBcd.SignificantIntDigits
 0001:0001FE5C       FMTBcd.StringMultiplyByByte
 0001:0001EFD4       FMTBcd.StrToBcd
 0001:0001F7B8       FMTBcd.SubtractChars
 0001:0002164C       FMTBcd.SubtractNormalizedFractions
 0001:0001F9C0       FMTBcd.SubtractStrings
 0001:0001E714       FMTBcd.TFMTBcdData.Compare
 0001:0001E9B0       FMTBcd.TFMTBcdData.Create
 0001:0001EA08       FMTBcd.TFMTBcdData.Create
 0001:0001EB14       FMTBcd.TFMTBcdData.Create
 0001:0001EBC8       FMTBcd.TFMTBcdData.Create
 0001:0001E60C       FMTBcd.TFMTBcdData.DoAdd
 0001:0001E5CC       FMTBcd.TFMTBcdData.DoAdd
 0001:0001E6D0       FMTBcd.TFMTBcdData.DoDivide
 0001:0001E68C       FMTBcd.TFMTBcdData.DoMultiply
 0001:0001E66C       FMTBcd.TFMTBcdData.DoSubtract
 0001:0001E62C       FMTBcd.TFMTBcdData.DoSubtract
 0001:0001E834       FMTBcd.TFMTBcdData.GetAsCurrency
 0001:0001E75C       FMTBcd.TFMTBcdData.GetAsDouble
 0001:0001E7B8       FMTBcd.TFMTBcdData.GetAsInteger
 0001:0001E814       FMTBcd.TFMTBcdData.GetAsSmallInt
 0001:0001E73C       FMTBcd.TFMTBcdData.GetAsString
 0001:0001E988       FMTBcd.TFMTBcdData.SetAsCurrency
 0001:0001E888       FMTBcd.TFMTBcdData.SetAsDouble
 0001:0001E8FC       FMTBcd.TFMTBcdData.SetAsInteger
 0001:0001E968       FMTBcd.TFMTBcdData.SetAsSmallInt
 0001:0001E854       FMTBcd.TFMTBcdData.SetAsString
 0001:0001EF10       FMTBcd.TFMTBcdVariantType.BinaryOp
 0001:0001EC38       FMTBcd.TFMTBcdVariantType.Cast
 0001:0001ED70       FMTBcd.TFMTBcdVariantType.CastTo
 0001:0001EC14       FMTBcd.TFMTBcdVariantType.Clear
 0001:0001EFA8       FMTBcd.TFMTBcdVariantType.Compare
 0001:0001EEB0       FMTBcd.TFMTBcdVariantType.Copy
 0001:0001EF8C       FMTBcd.TFMTBcdVariantType.GetInstance
 0001:00021104       FMTBcd.TryStrToBcd
 0001:00020858       FMTBcd.ValueOverOne
 0001:000210C8       FMTBcd.ZeroBcd
 0001:00020E54       FMTBcd._Divide
 0001:00020B6C       FMTBcd._LongDivide
 0001:0001FF5C       FMTBcd._LongMultiply
 0001:00020494       FMTBcd._Multiply
 0001:0001FC14       FMTBcd._ShortMultiply
 0004:00005594       IniFiles..8
 0001:00024E34       IniFiles.Finalization
 0002:0000043C       IniFiles.IniFiles
 0003:00001618       IniFiles.Values
 0004:0000559C       OdbcApi..5
 0001:0002551C       OdbcApi..EOdbcApi
 0001:00025574       OdbcApi..EOdbcApiNotImplemented
 0001:00025B94       OdbcApi..TOdbcApiIntfImpl
 0001:000255D8       OdbcApi..TOdbcApiProxy
 0001:00025C34       OdbcApi..TStringHash
 0001:00029A10       OdbcApi.DoSQLFreeHandle
 0001:00025EF4       OdbcApi.ExtractNextLibName
 0001:0002F78C       OdbcApi.Finalization
 0004:000055A0       OdbcApi.fOdbcApiCache
 0001:00025FA0       OdbcApi.GetProcAddressEx
 0001:00026060       OdbcApi.LoadOdbcDriverManager
 0002:0000044C       OdbcApi.OdbcApi
 0001:0002CEA8       OdbcApi.TOdbcApiIntfImpl.FireVSDebugEvent
 0001:0002CF00       OdbcApi.TOdbcApiIntfImpl.ODBCGetTryWaitValue
 0001:0002CF58       OdbcApi.TOdbcApiIntfImpl.ODBCSetTryWaitValue
 0001:0002D2E0       OdbcApi.TOdbcApiIntfImpl.SQLAllocConnect
 0001:0002D338       OdbcApi.TOdbcApiIntfImpl.SQLAllocEnv
 0001:0002D390       OdbcApi.TOdbcApiIntfImpl.SQLAllocHandle
 0001:0002D3F4       OdbcApi.TOdbcApiIntfImpl.SQLAllocHandleStd
 0001:0002D458       OdbcApi.TOdbcApiIntfImpl.SQLAllocStmt
 0001:0002D4B0       OdbcApi.TOdbcApiIntfImpl.SQLBindCol
 0001:0002D520       OdbcApi.TOdbcApiIntfImpl.SQLBindParam
 0001:0002D598       OdbcApi.TOdbcApiIntfImpl.SQLBindParameter
 0001:0002D61C       OdbcApi.TOdbcApiIntfImpl.SQLBrowseConnect
 0001:0002D68C       OdbcApi.TOdbcApiIntfImpl.SQLBulkOperations
 0001:0002D6E4       OdbcApi.TOdbcApiIntfImpl.SQLCancel
 0001:0002D73C       OdbcApi.TOdbcApiIntfImpl.SQLCloseCursor
 0001:0002D794       OdbcApi.TOdbcApiIntfImpl.SQLColAttribute
 0001:0002D808       OdbcApi.TOdbcApiIntfImpl.SQLColAttributeInt
 0001:0002D87C       OdbcApi.TOdbcApiIntfImpl.SQLColAttributes
 0001:0002D8F0       OdbcApi.TOdbcApiIntfImpl.SQLColAttributeString
 0001:0002D964       OdbcApi.TOdbcApiIntfImpl.SQLColumnPrivileges
 0001:0002D9E4       OdbcApi.TOdbcApiIntfImpl.SQLColumns
 0001:0002DA64       OdbcApi.TOdbcApiIntfImpl.SQLConnect
 0001:0002DAD8       OdbcApi.TOdbcApiIntfImpl.SQLCopyDesc
 0001:0002DB30       OdbcApi.TOdbcApiIntfImpl.SQLDataSources
 0001:0002DBA8       OdbcApi.TOdbcApiIntfImpl.SQLDescribeCol
 0001:0002DC24       OdbcApi.TOdbcApiIntfImpl.SQLDescribeParam
 0001:0002DC94       OdbcApi.TOdbcApiIntfImpl.SQLDisconnect
 0001:0002DCEC       OdbcApi.TOdbcApiIntfImpl.SQLDriverConnect
 0001:0002DD64       OdbcApi.TOdbcApiIntfImpl.SQLDrivers
 0001:0002DDDC       OdbcApi.TOdbcApiIntfImpl.SQLEndTran
 0001:0002DE40       OdbcApi.TOdbcApiIntfImpl.SQLError
 0001:0002DEB8       OdbcApi.TOdbcApiIntfImpl.SQLExecDirect
 0001:0002DF1C       OdbcApi.TOdbcApiIntfImpl.SQLExecute
 0001:0002DF74       OdbcApi.TOdbcApiIntfImpl.SQLExtendedFetch
 0001:0002DFE0       OdbcApi.TOdbcApiIntfImpl.SQLFetch
 0001:0002E038       OdbcApi.TOdbcApiIntfImpl.SQLFetchScroll
 0001:0002E09C       OdbcApi.TOdbcApiIntfImpl.SQLForeignKeys
 0001:0002E12C       OdbcApi.TOdbcApiIntfImpl.SQLFreeConnect
 0001:0002E184       OdbcApi.TOdbcApiIntfImpl.SQLFreeEnv
 0001:0002E1DC       OdbcApi.TOdbcApiIntfImpl.SQLFreeHandle
 0001:0002E234       OdbcApi.TOdbcApiIntfImpl.SQLFreeStmt
 0001:0002E28C       OdbcApi.TOdbcApiIntfImpl.SQLFunctionSupported
 0001:0002E2E4       OdbcApi.TOdbcApiIntfImpl.SQLGetConnectAttr
 0001:0002E350       OdbcApi.TOdbcApiIntfImpl.SQLGetConnectOption
 0001:0002E3B4       OdbcApi.TOdbcApiIntfImpl.SQLGetCursorName
 0001:0002E41C       OdbcApi.TOdbcApiIntfImpl.SQLGetData
 0001:0002E48C       OdbcApi.TOdbcApiIntfImpl.SQLGetDescField
 0001:0002E4FC       OdbcApi.TOdbcApiIntfImpl.SQLGetDescRec
 0001:0002E580       OdbcApi.TOdbcApiIntfImpl.SQLGetDiagField
 0001:0002E5F4       OdbcApi.TOdbcApiIntfImpl.SQLGetDiagRec
 0001:0002E66C       OdbcApi.TOdbcApiIntfImpl.SQLGetEnvAttr
 0001:0002E6D8       OdbcApi.TOdbcApiIntfImpl.SQLGetFunctions
 0001:0002E73C       OdbcApi.TOdbcApiIntfImpl.SQLGetInfo
 0001:0002E7A8       OdbcApi.TOdbcApiIntfImpl.SQLGetInfoInt
 0001:0002E814       OdbcApi.TOdbcApiIntfImpl.SQLGetInfoSmallint
 0001:0002E880       OdbcApi.TOdbcApiIntfImpl.SQLGetInfoString
 0001:0002E8EC       OdbcApi.TOdbcApiIntfImpl.SQLGetStmtAttr
 0001:0002E958       OdbcApi.TOdbcApiIntfImpl.SQLGetStmtOption
 0001:0002E9BC       OdbcApi.TOdbcApiIntfImpl.SQLGetTypeInfo
 0001:0002EA14       OdbcApi.TOdbcApiIntfImpl.SQLMoreResults
 0001:0002EA6C       OdbcApi.TOdbcApiIntfImpl.SQLNativeSql
 0001:0002EADC       OdbcApi.TOdbcApiIntfImpl.SQLNumParams
 0001:0002EB34       OdbcApi.TOdbcApiIntfImpl.SQLNumResultCols
 0001:0002EB8C       OdbcApi.TOdbcApiIntfImpl.SQLParamData
 0001:0002EBE4       OdbcApi.TOdbcApiIntfImpl.SQLParamOptions
 0001:0002EC48       OdbcApi.TOdbcApiIntfImpl.SQLPrepare
 0001:0002ECAC       OdbcApi.TOdbcApiIntfImpl.SQLPrimaryKeys
 0001:0002ED20       OdbcApi.TOdbcApiIntfImpl.SQLProcedureColumns
 0001:0002EDA0       OdbcApi.TOdbcApiIntfImpl.SQLProcedures
 0001:0002EE14       OdbcApi.TOdbcApiIntfImpl.SQLPutData
 0001:0002EE78       OdbcApi.TOdbcApiIntfImpl.SQLRowCount
 0001:0002EED0       OdbcApi.TOdbcApiIntfImpl.SQLSetConnectAttr
 0001:0002EF38       OdbcApi.TOdbcApiIntfImpl.SQLSetConnectOption
 0001:0002EF9C       OdbcApi.TOdbcApiIntfImpl.SQLSetCursorName
 0001:0002F000       OdbcApi.TOdbcApiIntfImpl.SQLSetDescField
 0001:0002F06C       OdbcApi.TOdbcApiIntfImpl.SQLSetDescRec
 0001:0002F0F0       OdbcApi.TOdbcApiIntfImpl.SQLSetEnvAttr
 0001:0002F158       OdbcApi.TOdbcApiIntfImpl.SQLSetParam
 0001:0002F1D0       OdbcApi.TOdbcApiIntfImpl.SQLSetPos
 0001:0002F238       OdbcApi.TOdbcApiIntfImpl.SQLSetScrollOptions
 0001:0002F2A0       OdbcApi.TOdbcApiIntfImpl.SQLSetStmtAttr
 0001:0002F308       OdbcApi.TOdbcApiIntfImpl.SQLSetStmtOption
 0001:0002F36C       OdbcApi.TOdbcApiIntfImpl.SQLSpecialColumns
 0001:0002F3F0       OdbcApi.TOdbcApiIntfImpl.SQLStatistics
 0001:0002F470       OdbcApi.TOdbcApiIntfImpl.SQLTablePrivileges
 0001:0002F4E4       OdbcApi.TOdbcApiIntfImpl.SQLTables
 0001:0002F564       OdbcApi.TOdbcApiIntfImpl.SQLTransact
 0001:0002CFB0       OdbcApi.TOdbcApiIntfImpl.SQL_ADD_RECORD
 0001:0002D008       OdbcApi.TOdbcApiIntfImpl.SQL_DELETE_RECORD
 0001:0002D060       OdbcApi.TOdbcApiIntfImpl.SQL_FUNC_EXISTS
 0001:0002D0B8       OdbcApi.TOdbcApiIntfImpl.SQL_LEN_BINARY_ATTR
 0001:0002D110       OdbcApi.TOdbcApiIntfImpl.SQL_LEN_DATA_AT_EXEC
 0001:0002D168       OdbcApi.TOdbcApiIntfImpl.SQL_LOCK_RECORD
 0001:0002D1CC       OdbcApi.TOdbcApiIntfImpl.SQL_POSITION_TO
 0001:0002D224       OdbcApi.TOdbcApiIntfImpl.SQL_REFRESH_RECORD
 0001:0002D288       OdbcApi.TOdbcApiIntfImpl.SQL_UPDATE_RECORD
 0001:0002F5C8       OdbcApi.TOdbcApiIntfImpl.TraceCloseLogFile
 0001:0002F620       OdbcApi.TOdbcApiIntfImpl.TraceOpenLogFile
 0001:0002F684       OdbcApi.TOdbcApiIntfImpl.TraceReturn
 0001:0002F6DC       OdbcApi.TOdbcApiIntfImpl.TraceVersion
 0001:0002F734       OdbcApi.TOdbcApiIntfImpl.TraceVSControl
 0001:00027E7C       OdbcApi.TOdbcApiProxy.BeginLock
 0001:00027D0C       OdbcApi.TOdbcApiProxy.Destroy
 0001:00027E88       OdbcApi.TOdbcApiProxy.EndLock
 0001:0002CC4C       OdbcApi.TOdbcApiProxy.FireVSDebugEvent
 0001:0002CE68       OdbcApi.TOdbcApiProxy.GetOdbcApiIntf
 0001:00027D74       OdbcApi.TOdbcApiProxy.NotImplemented
 0001:0002CC8C       OdbcApi.TOdbcApiProxy.ODBCGetTryWaitValue
 0001:0002CCD4       OdbcApi.TOdbcApiProxy.ODBCSetTryWaitValue
 0001:0002CDB8       OdbcApi.TOdbcApiProxy.SetOdbcDriverLevel
 0001:00027E94       OdbcApi.TOdbcApiProxy.SQLAllocConnect
 0001:00027EB0       OdbcApi.TOdbcApiProxy.SQLAllocEnv
 0001:00027F24       OdbcApi.TOdbcApiProxy.SQLAllocHandle
 0001:00027ECC       OdbcApi.TOdbcApiProxy.SQLAllocHandleStd
 0001:00027FC0       OdbcApi.TOdbcApiProxy.SQLAllocStmt
 0001:00027FDC       OdbcApi.TOdbcApiProxy.SQLBindCol
 0001:00028034       OdbcApi.TOdbcApiProxy.SQLBindParam
 0001:0002809C       OdbcApi.TOdbcApiProxy.SQLBindParameter
 0001:00028118       OdbcApi.TOdbcApiProxy.SQLBrowseConnect
 0001:0002829C       OdbcApi.TOdbcApiProxy.SQLBulkOperations
 0001:000282E4       OdbcApi.TOdbcApiProxy.SQLCancel
 0001:0002831C       OdbcApi.TOdbcApiProxy.SQLCloseCursor
 0001:0002836C       OdbcApi.TOdbcApiProxy.SQLColAttribute
 0001:00028550       OdbcApi.TOdbcApiProxy.SQLColAttributeInt
 0001:00028598       OdbcApi.TOdbcApiProxy.SQLColAttributes
 0001:00028574       OdbcApi.TOdbcApiProxy.SQLColAttributeString
 0001:00028728       OdbcApi.TOdbcApiProxy.SQLColumnPrivileges
 0001:000288A0       OdbcApi.TOdbcApiProxy.SQLColumns
 0001:00028A54       OdbcApi.TOdbcApiProxy.SQLConnect
 0001:00028BC4       OdbcApi.TOdbcApiProxy.SQLCopyDesc
 0001:00028BFC       OdbcApi.TOdbcApiProxy.SQLDataSources
 0001:00028DBC       OdbcApi.TOdbcApiProxy.SQLDescribeCol
 0001:00028F38       OdbcApi.TOdbcApiProxy.SQLDescribeParam
 0001:00028FA0       OdbcApi.TOdbcApiProxy.SQLDisconnect
 0001:00028FDC       OdbcApi.TOdbcApiProxy.SQLDriverConnect
 0001:00029188       OdbcApi.TOdbcApiProxy.SQLDrivers
 0001:000293A0       OdbcApi.TOdbcApiProxy.SQLEndTran
 0001:00029434       OdbcApi.TOdbcApiProxy.SQLError
 0001:000295D8       OdbcApi.TOdbcApiProxy.SQLExecDirect
 0001:000296A0       OdbcApi.TOdbcApiProxy.SQLExecute
 0001:000296D8       OdbcApi.TOdbcApiProxy.SQLExtendedFetch
 0001:0002973C       OdbcApi.TOdbcApiProxy.SQLFetch
 0001:00029774       OdbcApi.TOdbcApiProxy.SQLFetchScroll
 0001:000297C8       OdbcApi.TOdbcApiProxy.SQLForeignKeys
 0001:00029994       OdbcApi.TOdbcApiProxy.SQLFreeConnect
 0001:000299D4       OdbcApi.TOdbcApiProxy.SQLFreeEnv
 0001:00029ADC       OdbcApi.TOdbcApiProxy.SQLFreeHandle
 0001:00029B64       OdbcApi.TOdbcApiProxy.SQLFreeStmt
 0001:0002A6C0       OdbcApi.TOdbcApiProxy.SQLFunctionSupported
 0001:00029BA4       OdbcApi.TOdbcApiProxy.SQLGetConnectAttr
 0001:00029DD4       OdbcApi.TOdbcApiProxy.SQLGetConnectOption
 0001:00029EB4       OdbcApi.TOdbcApiProxy.SQLGetCursorName
 0001:0002A004       OdbcApi.TOdbcApiProxy.SQLGetData
 0001:0002A064       OdbcApi.TOdbcApiProxy.SQLGetDescField
 0001:0002A1DC       OdbcApi.TOdbcApiProxy.SQLGetDescRec
 0001:0002A354       OdbcApi.TOdbcApiProxy.SQLGetDiagField
 0001:0002A4AC       OdbcApi.TOdbcApiProxy.SQLGetDiagRec
 0001:0002A664       OdbcApi.TOdbcApiProxy.SQLGetEnvAttr
 0001:0002A6EC       OdbcApi.TOdbcApiProxy.SQLGetFunctions
 0001:0002B0DC       OdbcApi.TOdbcApiProxy.SQLGetInfo
 0001:0002B268       OdbcApi.TOdbcApiProxy.SQLGetInfoInt
 0001:0002B280       OdbcApi.TOdbcApiProxy.SQLGetInfoSmallint
 0001:0002B298       OdbcApi.TOdbcApiProxy.SQLGetInfoString
 0001:0002B2B4       OdbcApi.TOdbcApiProxy.SQLGetStmtAttr
 0001:0002B434       OdbcApi.TOdbcApiProxy.SQLGetStmtOption
 0001:0002B490       OdbcApi.TOdbcApiProxy.SQLGetTypeInfo
 0001:0002B4E8       OdbcApi.TOdbcApiProxy.SQLMoreResults
 0001:0002B500       OdbcApi.TOdbcApiProxy.SQLNativeSql
 0001:0002B668       OdbcApi.TOdbcApiProxy.SQLNumParams
 0001:0002B6AC       OdbcApi.TOdbcApiProxy.SQLNumResultCols
 0001:0002B6F4       OdbcApi.TOdbcApiProxy.SQLParamData
 0001:0002B738       OdbcApi.TOdbcApiProxy.SQLParamOptions
 0001:0002B78C       OdbcApi.TOdbcApiProxy.SQLPrepare
 0001:0002B858       OdbcApi.TOdbcApiProxy.SQLPrimaryKeys
 0001:0002B9BC       OdbcApi.TOdbcApiProxy.SQLProcedureColumns
 0001:0002BB60       OdbcApi.TOdbcApiProxy.SQLProcedures
 0001:0002BCC4       OdbcApi.TOdbcApiProxy.SQLPutData
 0001:0002BD14       OdbcApi.TOdbcApiProxy.SQLRowCount
 0001:0002BD54       OdbcApi.TOdbcApiProxy.SQLSetConnectAttr
 0001:0002BE7C       OdbcApi.TOdbcApiProxy.SQLSetConnectOption
 0001:0002BEF4       OdbcApi.TOdbcApiProxy.SQLSetCursorName
 0001:0002BFD0       OdbcApi.TOdbcApiProxy.SQLSetDescField
 0001:0002C0C4       OdbcApi.TOdbcApiProxy.SQLSetDescRec
 0001:0002C13C       OdbcApi.TOdbcApiProxy.SQLSetEnvAttr
 0001:0002C194       OdbcApi.TOdbcApiProxy.SQLSetParam
 0001:0002C1FC       OdbcApi.TOdbcApiProxy.SQLSetPos
 0001:0002C254       OdbcApi.TOdbcApiProxy.SQLSetScrollOptions
 0001:0002C2B4       OdbcApi.TOdbcApiProxy.SQLSetStmtAttr
 0001:0002C3D8       OdbcApi.TOdbcApiProxy.SQLSetStmtOption
 0001:0002C434       OdbcApi.TOdbcApiProxy.SQLSpecialColumns
 0001:0002C5C0       OdbcApi.TOdbcApiProxy.SQLStatistics
 0001:0002C760       OdbcApi.TOdbcApiProxy.SQLTablePrivileges
 0001:0002C8C4       OdbcApi.TOdbcApiProxy.SQLTables
 0001:0002CA98       OdbcApi.TOdbcApiProxy.SQLTransact
 0001:0002CD1C       OdbcApi.TOdbcApiProxy.SQL_ADD_RECORD
 0001:0002CD28       OdbcApi.TOdbcApiProxy.SQL_DELETE_RECORD
 0001:0002CD34       OdbcApi.TOdbcApiProxy.SQL_FUNC_EXISTS
 0001:0002CD60       OdbcApi.TOdbcApiProxy.SQL_LEN_BINARY_ATTR
 0001:0002CD68       OdbcApi.TOdbcApiProxy.SQL_LEN_DATA_AT_EXEC
 0001:0002CD70       OdbcApi.TOdbcApiProxy.SQL_LOCK_RECORD
 0001:0002CD88       OdbcApi.TOdbcApiProxy.SQL_POSITION_TO
 0001:0002CD94       OdbcApi.TOdbcApiProxy.SQL_REFRESH_RECORD
 0001:0002CDAC       OdbcApi.TOdbcApiProxy.SQL_UPDATE_RECORD
 0001:0002CAE8       OdbcApi.TOdbcApiProxy.TraceCloseLogFile
 0001:0002CB30       OdbcApi.TOdbcApiProxy.TraceOpenLogFile
 0001:0002CB8C       OdbcApi.TOdbcApiProxy.TraceReturn
 0001:0002CBC4       OdbcApi.TOdbcApiProxy.TraceVersion
 0001:0002CC08       OdbcApi.TOdbcApiProxy.TraceVSControl
 0001:00025DE0       OdbcApi.TStringHash.Add
 0001:00025EE0       OdbcApi.TStringHash.BeginLock
 0001:00025D3C       OdbcApi.TStringHash.Clear
 0001:00025CA4       OdbcApi.TStringHash.Create
 0001:00025D04       OdbcApi.TStringHash.Destroy
 0001:00025EE8       OdbcApi.TStringHash.EndLock
 0001:00025E98       OdbcApi.TStringHash.Find
 0001:00025DAC       OdbcApi.TStringHash.HashOf
 0001:00025E40       OdbcApi.TStringHash.Remove
 0001:00025E78       OdbcApi.TStringHash.ValueOf
 0001:00027CA8       OdbcApi.UnLoadOdbcDriverManager
 0004:000055A4       RegExpr..3
 0001:0002F8B8       RegExpr..ERegExpr
 0001:0002F838       RegExpr..TRegExpr
 0001:00033B84       RegExpr.ClearMatchs
 0001:00031050       RegExpr.EmitComplexBraces
 0001:000316C4       RegExpr.EmitExactly
 0001:00031778       RegExpr.EmitRange
 0001:00031874       RegExpr.EmitRangeC
 0001:00031830       RegExpr.EmitRangeCPrim
 0001:00031B8C       RegExpr.EmitRangeStr
 0001:00031148       RegExpr.EmitSimpleBraces
 0001:00031B70       RegExpr.EmitSimpleRangeC
 0001:0003403C       RegExpr.Finalization
 0001:00031734       RegExpr.HexDig
 0003:00001658       RegExpr.META
 0001:00030FF0       RegExpr.parsenum
 0002:0000046C       RegExpr.RegExpr
 0003:0000164C       RegExpr.RegExprInvertCaseFunction
 0003:00001648       RegExpr.RegExprLinePairedSeparator
 0003:00001644       RegExpr.RegExprLineSeparators
 0003:00001654       RegExpr.RegExprMetaSet
 0003:00001634       RegExpr.RegExprModifierG
 0003:00001628       RegExpr.RegExprModifierI
 0003:00001638       RegExpr.RegExprModifierM
 0003:0000162C       RegExpr.RegExprModifierR
 0003:00001630       RegExpr.RegExprModifierS
 0003:0000163C       RegExpr.RegExprSpaceChars
 0003:00001640       RegExpr.RegExprWordChars
 0001:00033BAC       RegExpr.RegMatch
 0001:00033F44       RegExpr.ReturnAddr
 0001:00030ABC       RegExpr.strcspn
 0001:000308C4       RegExpr.TRegExpr.Compile
 0001:00030AE0       RegExpr.TRegExpr.CompileRegExpr
 0001:00030468       RegExpr.TRegExpr.Create
 0001:0003057C       RegExpr.TRegExpr.Destroy
 0001:00030A34       RegExpr.TRegExpr.EmitC
 0001:000309F8       RegExpr.TRegExpr.EmitNode
 0001:00033F48       RegExpr.TRegExpr.Error
 0001:0002F928       RegExpr.TRegExpr.ErrorMsg
 0001:00033B6C       RegExpr.TRegExpr.Exec
 0001:00033BFC       RegExpr.TRegExpr.ExecPrim
 0001:00033710       RegExpr.TRegExpr.FillFirstCharSet
 0001:00032800       RegExpr.TRegExpr.GetCompilerErrorPos
 0001:000307BC       RegExpr.TRegExpr.GetModifier
 0001:00030A58       RegExpr.TRegExpr.InsertOperator
 0001:000308A8       RegExpr.TRegExpr.InvalidateProgramm
 0001:000305C4       RegExpr.TRegExpr.InvertCaseFunction
 0001:000308E4       RegExpr.TRegExpr.IsProgrammOk
 0001:00032B34       RegExpr.TRegExpr.MatchPrim
 0001:000309D8       RegExpr.TRegExpr.OpTail
 0001:00031D14       RegExpr.TRegExpr.ParseAtom
 0001:00030F50       RegExpr.TRegExpr.ParseBranch
 0001:000305E0       RegExpr.TRegExpr.ParseModifiersStr
 0001:000311BC       RegExpr.TRegExpr.ParsePiece
 0001:00030D88       RegExpr.TRegExpr.ParseReg
 0001:00032B18       RegExpr.TRegExpr.regnext
 0001:00032820       RegExpr.TRegExpr.regrepeat
 0001:00033DD8       RegExpr.TRegExpr.SetInputString
 0001:00033EA0       RegExpr.TRegExpr.SetLinePairedSeparator
 0001:00030830       RegExpr.TRegExpr.SetModifier
 0001:0003099C       RegExpr.TRegExpr.Tail
 0001:00031BC4       RegExpr.UnQuoteChar
 0004:00005598       Registry..5
 0001:00024E7C       Registry..ERegistryException
 0001:00024EDC       Registry..TRegistry
 0001:00024FA0       Registry.DataTypeToRegData
 0001:000254D4       Registry.Finalization
 0001:00024F78       Registry.IsRelative
 0001:00024F44       Registry.ReadError
 0002:00000444       Registry.Registry
 0001:00025158       Registry.TRegistry.ChangeKey
 0001:000250C8       Registry.TRegistry.CloseKey
 0001:0002503C       Registry.TRegistry.Create
 0001:00024FE4       Registry.TRegistry.Create
 0001:0002508C       Registry.TRegistry.Destroy
 0001:0002518C       Registry.TRegistry.GetBaseKey
 0001:00025418       Registry.TRegistry.GetData
 0001:000252FC       Registry.TRegistry.GetDataInfo
 0001:00025358       Registry.TRegistry.GetDataSize
 0001:000251C4       Registry.TRegistry.OpenKey
 0001:0002538C       Registry.TRegistry.ReadString
 0001:00025110       Registry.TRegistry.SetRootKey
 0001:00025498       Registry.TRegistry.ValueExists
 0003:00001620       Registry.Values
 0004:000055B4       SqlExpr..51
 0001:000353A0       SqlExpr..TFLDDesc
 0001:00035754       SqlExpr..TFLDDesc30
 0001:00035194       SqlExpr..TISQLCommand
 0001:0003550C       SqlExpr..TISQLCommand30
 0001:000350F4       SqlExpr..TISQLConnection
 0001:00035458       SqlExpr..TISQLConnection30
 0001:0003522C       SqlExpr..TISQLCursor
 0001:000355B8       SqlExpr..TISQLCursor30
 0001:00035310       SqlExpr..TISQLMetaData
 0001:000356B0       SqlExpr..TISQLMetaData30
 0003:00001818       SqlExpr.DBXDrvMap
 0003:000017A4       SqlExpr.DbxError
 0005:00000010       SqlExpr.DllHandle
 0001:000374C4       SqlExpr.Finalization
 0005:0000000C       SqlExpr.GetDriver
 0001:0003749C       SqlExpr.RegisterDbXpressLib
 0002:0000049C       SqlExpr.SqlExpr
 0001:00037294       SqlExpr.TFLDDesc30.GetbCalcField
 0001:00037278       SqlExpr.TFLDDesc30.GetefldrRights
 0001:0003725C       SqlExpr.TFLDDesc30.GetefldvVchk
 0001:00037140       SqlExpr.TFLDDesc30.GetiFldNum
 0001:00037180       SqlExpr.TFLDDesc30.GetiFldType
 0001:00037220       SqlExpr.TFLDDesc30.GetiLen
 0001:0003723C       SqlExpr.TFLDDesc30.GetiNullOffset
 0001:00037200       SqlExpr.TFLDDesc30.GetiOffset
 0001:000371A0       SqlExpr.TFLDDesc30.GetiSubType
 0001:000371C0       SqlExpr.TFLDDesc30.GetiUnits1
 0001:000371E0       SqlExpr.TFLDDesc30.GetiUnits2
 0001:0003715C       SqlExpr.TFLDDesc30.GetszName
 0001:00037444       SqlExpr.TFLDDesc30.SetbCalcField
 0001:00037428       SqlExpr.TFLDDesc30.SetefldrRights
 0001:0003740C       SqlExpr.TFLDDesc30.SetefldvVchk
 0001:000372B4       SqlExpr.TFLDDesc30.SetiFldNum
 0001:00037330       SqlExpr.TFLDDesc30.SetiFldType
 0001:000373D0       SqlExpr.TFLDDesc30.SetiLen
 0001:000373EC       SqlExpr.TFLDDesc30.SetiNullOffset
 0001:000373B0       SqlExpr.TFLDDesc30.SetiOffset
 0001:00037350       SqlExpr.TFLDDesc30.SetiSubType
 0001:00037370       SqlExpr.TFLDDesc30.SetiUnits1
 0001:00037390       SqlExpr.TFLDDesc30.SetiUnits2
 0001:000372D0       SqlExpr.TFLDDesc30.SetszName
 0001:00035CCC       SqlExpr.TISQLCommand.Destroy
 0001:00036160       SqlExpr.TISQLCommand30.close
 0001:00035D14       SqlExpr.TISQLCommand30.Create
 0001:00035D90       SqlExpr.TISQLCommand30.Destroy
 0001:00035FBC       SqlExpr.TISQLCommand30.execute
 0001:00036038       SqlExpr.TISQLCommand30.executeImmediate
 0001:000361D4       SqlExpr.TISQLCommand30.getErrorMessage
 0001:00036184       SqlExpr.TISQLCommand30.getErrorMessage
 0001:000361AC       SqlExpr.TISQLCommand30.getErrorMessageLen
 0001:000360BC       SqlExpr.TISQLCommand30.getNextCursor
 0001:00035E30       SqlExpr.TISQLCommand30.GetOption
 0001:00035F44       SqlExpr.TISQLCommand30.getParameter
 0001:00036138       SqlExpr.TISQLCommand30.getRowsAffected
 0001:00035E6C       SqlExpr.TISQLCommand30.GetStringOption
 0001:00035F88       SqlExpr.TISQLCommand30.prepare
 0001:00035DCC       SqlExpr.TISQLCommand30.SetOption
 0001:00035EEC       SqlExpr.TISQLCommand30.setParameter
 0001:00035DFC       SqlExpr.TISQLCommand30.SetStringOption
 0001:00035B64       SqlExpr.TISQLConnection30.beginTransaction
 0001:00035B8C       SqlExpr.TISQLConnection30.commit
 0001:000358E8       SqlExpr.TISQLConnection30.connect
 0001:000358C4       SqlExpr.TISQLConnection30.connect
 0001:0003580C       SqlExpr.TISQLConnection30.Create
 0001:00035888       SqlExpr.TISQLConnection30.Destroy
 0001:00035920       SqlExpr.TISQLConnection30.disconnect
 0001:00035BDC       SqlExpr.TISQLConnection30.getErrorMessage
 0001:00035C2C       SqlExpr.TISQLConnection30.getErrorMessage
 0001:00035C04       SqlExpr.TISQLConnection30.getErrorMessageLen
 0001:00035CB4       SqlExpr.TISQLConnection30.getFldDescClass
 0001:00035AA8       SqlExpr.TISQLConnection30.GetOption
 0001:00035944       SqlExpr.TISQLConnection30.getSQLCommand
 0001:000359C4       SqlExpr.TISQLConnection30.getSQLMetaData
 0001:00035AE4       SqlExpr.TISQLConnection30.GetStringOption
 0001:00035BB4       SqlExpr.TISQLConnection30.rollback
 0001:00035A44       SqlExpr.TISQLConnection30.SetOption
 0001:00035A74       SqlExpr.TISQLConnection30.SetStringOption
 0001:0003625C       SqlExpr.TISQLCursor30.Create
 0001:000362D8       SqlExpr.TISQLCursor30.Destroy
 0001:000369A0       SqlExpr.TISQLCursor30.getBcd
 0001:00036AF0       SqlExpr.TISQLCursor30.getBlob
 0001:00036AB8       SqlExpr.TISQLCursor30.getBlobSize
 0001:00036A80       SqlExpr.TISQLCursor30.getBytes
 0001:00036570       SqlExpr.TISQLCursor30.getColumnCount
 0001:0003668C       SqlExpr.TISQLCursor30.getColumnLength
 0001:000365CC       SqlExpr.TISQLCursor30.getColumnName
 0001:00036600       SqlExpr.TISQLCursor30.getColumnName
 0001:00036598       SqlExpr.TISQLCursor30.getColumnNameLength
[...]
  1536 0001:0002330E  1537 0001:00023320  1538 0001:00023332  1540 0001:0002333F
  1542 0001:00023387  1566 0001:000233C4  1567 0001:000233F2  1568 0001:000233F7
  1569 0001:00023405  1570 0001:0002340F  1571 0001:0002342C  1573 0001:00023436
  1574 0001:0002343C  1575 0001:0002344B  1577 0001:00023450  1578 0001:00023454
  1579 0001:00023468  1580 0001:00023477  1582 0001:0002347D  1583 0001:00023486
  1587 0001:00023495  1589 0001:0002349B  1590 0001:000234A8  1592 0001:000234AE
  1593 0001:000234BF  1594 0001:000234CA  1595 0001:000234D3  1599 0001:000234DE
  1600 0001:000234ED  1601 0001:000234F5  1602 0001:000234FE  1604 0001:00023509
  1607 0001:00023511  1609 0001:00023517  1611 0001:00023529  1613 0001:0002353F
  1614 0001:0002354C  1617 0001:0002355C  1619 0001:00023566  1621 0001:00023570
  1623 0001:0002357D  1624 0001:0002358D  1625 0001:00023595  1626 0001:0002359E
  1628 0001:000235A9  1632 0001:000235AE  1633 0001:000235B4  1634 0001:000235BE
  1635 0001:000235CA  1636 0001:000235D6  1637 0001:000235E2  1643 0001:000235E8
  1644 0001:000235F0  1645 0001:000235FB  1647 0001:00023607  1648 0001:0002360B
  1651 0001:00023616  1653 0001:0002361A  1654 0001:0002361D  1656 0001:00023629
  1657 0001:00023632  1658 0001:0002363B  1659 0001:00023641  1660 0001:0002364B
  1661 0001:00023653  1662 0001:0002365C  1664 0001:00023662  1665 0001:00023672
  1666 0001:00023679  1667 0001:00023682  1668 0001:00023686  1670 0001:0002368B
  1671 0001:0002369D  1672 0001:000236A4  1674 0001:000236CF  1675 0001:000236E0
  1676 0001:000236E6  1678 0001:000236EC  1679 0001:000236EF  1680 0001:000236FC
  1676 0001:00023717  1683 0001:0002372A  1684 0001:00023730  1686 0001:00023736
  1687 0001:00023739  1684 0001:00023749  1690 0001:00023757  1698 0001:00023780
  1699 0001:00023786  1700 0001:000237B0  1712 0001:000237B4  1713 0001:000237C3
  1714 0001:000237C9  1716 0001:000237CE  1717 0001:000237D1  1718 0001:000237D4
  1719 0001:000237D5  1720 0001:000237D8  1721 0001:000237DA  1722 0001:000237DD
  1725 0001:000237DF  1726 0001:000237EA  1728 0001:00023803  1729 0001:00023806
  1730 0001:00023808  1731 0001:0002380B  1732 0001:0002380E  1733 0001:00023810
  1734 0001:00023813  1736 0001:00023815  1737 0001:00023834  1738 0001:0002384D
  1739 0001:0002385A  1740 0001:00023861  1741 0001:00023864  1742 0001:00023870
  1744 0001:00023894  1746 0001:000238AE  1748 0001:000238B1  1756 0001:000238B8
  1757 0001:000238BB  1758 0001:000238D2  1763 0001:000238D4  1764 0001:000238DD
  1765 0001:000238FD  1766 0001:00023906  1767 0001:00023911  1768 0001:0002391B
  1769 0001:00023928  1770 0001:0002392F  1772 0001:00023955  1773 0001:00023963
  1774 0001:0002397C  1782 0001:00023980  1783 0001:000239A9  1786 0001:000239B2
  1788 0001:00023A04  1789 0001:00023A0A  1791 0001:00023A1A  1792 0001:00023A31
  1793 0001:00023A37  1795 0001:00023A44  1796 0001:00023A4C  1801 0001:00023A78
  1802 0001:00023A84  1803 0001:00023A95  1806 0001:00023A9C  1807 0001:00023AA3
  1808 0001:00023AB2  1827 0001:00023AB8  1828 0001:00023ABE  1829 0001:00023ABF
  1830 0001:00023AC0  1831 0001:00023AC1  1832 0001:00023AC4  1833 0001:00023AC6
  1834 0001:00023AC8  1835 0001:00023ACC  1836 0001:00023ACF  1837 0001:00023AD1
  1838 0001:00023AD3  1839 0001:00023AD6  1840 0001:00023AD9  1841 0001:00023ADC
  1842 0001:00023ADE  1843 0001:00023AE0  1844 0001:00023AE2  1845 0001:00023AE4
  1846 0001:00023AE6  1847 0001:00023AE8  1848 0001:00023AEA  1849 0001:00023AEC
  1850 0001:00023AEF  1851 0001:00023AF1  1852 0001:00023AF2  1853 0001:00023AF3
  1854 0001:00023AF6  1855 0001:00023AF8  1856 0001:00023AFB  1857 0001:00023AFE
  1858 0001:00023B01  1859 0001:00023B03  1860 0001:00023B06  1861 0001:00023B08
  1862 0001:00023B0A  1863 0001:00023B0F  1864 0001:00023B10  1865 0001:00023B12
  1866 0001:00023B13  1867 0001:00023B14  1868 0001:00023B17  1869 0001:00023B18
  1870 0001:00023B19  1871 0001:00023B1B  1872 0001:00023B1E  1873 0001:00023B21
  1874 0001:00023B25  1875 0001:00023B28  1876 0001:00023B2A  1877 0001:00023B2C
  1878 0001:00023B2F  1879 0001:00023B33  1880 0001:00023B34  1881 0001:00023B36
  1882 0001:00023B39  1883 0001:00023B3C  1884 0001:00023B3E  1885 0001:00023B40
  1886 0001:00023B43  1887 0001:00023B47  1888 0001:00023B49  1889 0001:00023B4D
  1890 0001:00023B4F  1891 0001:00023B54  1892 0001:00023B57  1893 0001:00023B58
  1894 0001:00023B5B  1895 0001:00023B5C  1896 0001:00023B5D  1897 0001:00023B5E
  1898 0001:00023B63  1899 0001:00023B64  1900 0001:00023B65  1901 0001:00023B68
  1902 0001:00023B6B  1903 0001:00023B6C  1904 0001:00023B6D  1905 0001:00023B6E
  1906 0001:00023B73  1907 0001:00023B76  1908 0001:00023B79  1909 0001:00023B7A
  1910 0001:00023B7C  1911 0001:00023B7F  1912 0001:00023B81  1913 0001:00023B83
  1914 0001:00023B86  1915 0001:00023B88  1916 0001:00023B89  1917 0001:00023B8C
  1918 0001:00023B91  1919 0001:00023B93  1920 0001:00023B94  1921 0001:00023B95
  1922 0001:00023B96  1926 0001:00023B9C  1927 0001:00023B9F  1928 0001:00023BA0
  1929 0001:00023BA3  1930 0001:00023BA5  1931 0001:00023BA6  1932 0001:00023BA7
  1933 0001:00023BA8  1934 0001:00023BA9  1935 0001:00023BAB  1936 0001:00023BAC
  1937 0001:00023BAF  1938 0001:00023BB0  1939 0001:00023BB1  1940 0001:00023BB3
  1941 0001:00023BB6  1942 0001:00023BB7  1943 0001:00023BBA  1944 0001:00023BBF
  1945 0001:00023BC3  1946 0001:00023BC6  1949 0001:00023BCD  1950 0001:00023BD1
  1951 0001:00023BD5  1952 0001:00023BD9  1953 0001:00023BDD  1954 0001:00023BE1
  1955 0001:00023BE5  1956 0001:00023BE9  1957 0001:00023BED  1958 0001:00023BF1
  1959 0001:00023BF5  1960 0001:00023BF9  1961 0001:00023BFD  1962 0001:00023C01
  1963 0001:00023C05  1964 0001:00023C09  1965 0001:00023C0D  1968 0001:00023C11
  1969 0001:00023C15  1973 0001:00023C17  1974 0001:00023C1B  1977 0001:00023C1D
  1978 0001:00023C21  1981 0001:00023C23  1982 0001:00023C25  1983 0001:00023C27
  1984 0001:00023C29  1985 0001:00023C2A  1986 0001:00023C2F  1987 0001:00023C33
  1988 0001:00023C35  1992 0001:00023C37  1993 0001:00023C39  1994 0001:00023C3B
  1995 0001:00023C3D  1996 0001:00023C3E  1997 0001:00023C40  1998 0001:00023C43
  1999 0001:00023C47  2000 0001:00023C49  2003 0001:00023C4B  2004 0001:00023C4D
  2005 0001:00023C52  2006 0001:00023C55  2007 0001:00023C57  2008 0001:00023C5B
  2009 0001:00023C5E  2010 0001:00023C62  2011 0001:00023C65  2012 0001:00023C69
  2013 0001:00023C6C  2019 0001:00023C6E  2026 0001:00023C72  2027 0001:00023C75
  2028 0001:00023C76  2094 0001:00023C78  2095 0001:00023C7E  2096 0001:00023C8D
  2098 0001:00023C9F  2099 0001:00023CC0  2104 0001:00023CEC  2105 0001:00023D06
  2124 0001:00023D0C  2125 0001:00023D25  2126 0001:00023D2C  2127 0001:00023D36
  2128 0001:00023D3F  2129 0001:00023D48  2130 0001:00023D51  2133 0001:00023D5F

Line numbers for ComObj(ComObj.pas) segment .itext

  2108 0002:00000308  2110 0002:00000314  2111 0002:00000319  2112 0002:00000326
  2114 0002:00000331  2116 0002:0000033E  2118 0002:00000348  2119 0002:00000354
  2123 0002:0000035F

Line numbers for DB(DB.pas) segment .text

 11536 0001:000241A4 11537 0001:000241AD 11538 0001:000241B6 11541 0001:000241C0
 11542 0001:000241CC 11543 0001:000241DA 11546 0001:000241E0 11548 0001:000241E7
 11551 0001:000241EC 11552 0001:000241F8 11553 0001:00024201 11556 0001:00024208
 11557 0001:00024214 11558 0001:00024222

Line numbers for DB(DB.pas) segment .itext

 11560 0002:00000364 11561 0002:0000037E 11562 0002:000003A2 11563 0002:000003B7

Line numbers for DBCommon(DBCommon.pas) segment .text

  2255 0001:00000000

Line numbers for MidConst(MidConst.pas) segment .text

   117 0001:00000000

Line numbers for DSIntf(DSIntf.pas) segment .text

  1278 0001:00024284  1283 0001:000242B1  1284 0001:000242BB

Line numbers for DSIntf(DSIntf.pas) segment .itext

  1274 0002:000003F0  1275 0002:000003FC  1276 0002:00000406

Line numbers for DBXpress(DBXpress.pas) segment .text

   633 0001:00000000

Line numbers for SyncObjs(SyncObjs.pas) segment .text

   201 0001:00024D44   202 0001:00024D4B   205 0001:00024D50   206 0001:00024D57
   334 0001:00024D5C   335 0001:00024D74   336 0001:00024D7E   337 0001:00024D8A
   340 0001:00024DAC   341 0001:00024DBD   342 0001:00024DC9   343 0001:00024DD7
   346 0001:00024DEC   347 0001:00024DF3   348 0001:00024DFF   351 0001:00024E04
   352 0001:00024E0B   353 0001:00024E17   419 0001:00024E1A

Line numbers for IniFiles(IniFiles.pas) segment .itext

   958 0002:0000043C

Line numbers for Registry(Registry.pas) segment .text

   166 0001:00024F44   167 0001:00024F4D   168 0001:00024F74   171 0001:00024F78
   172 0001:00024F81   173 0001:00024F98   188 0001:00024FA0   189 0001:00024FA9
   190 0001:00024FB5   191 0001:00024FC1   192 0001:00024FCD   193 0001:00024FD9
   194 0001:00024FDD   197 0001:00024FE4   198 0001:00024FFC   199 0001:00025009
   200 0001:00025013   201 0001:0002501A   204 0001:0002503C   205 0001:00025057
   206 0001:00025061   207 0001:0002506A   210 0001:0002508C   211 0001:0002509D
   212 0001:000250A5   213 0001:000250B3   216 0001:000250C8   217 0001:000250CF
   219 0001:000250D8   220 0001:000250E1   221 0001:000250ED   222 0001:000250F9
   223 0001:00025101   225 0001:0002510C   228 0001:00025110   229 0001:0002511C
   231 0001:00025127   233 0001:00025130   234 0001:0002513C   236 0001:00025143
   237 0001:0002514C   239 0001:00025154   242 0001:00025158   243 0001:00025167
   244 0001:0002516F   245 0001:00025178   246 0001:00025186   249 0001:0002518C
   250 0001:00025198   251 0001:000251A7   252 0001:000251B2   253 0001:000251BB
   283 0001:000251C4   284 0001:000251E7   285 0001:000251F2   287 0001:000251FD
   288 0001:00025215   289 0001:0002521A   291 0001:00025226   294 0001:00025255
   296 0001:0002528C   298 0001:00025292   299 0001:000252BC   301 0001:000252CA
   444 0001:000252FC   445 0001:0002530B   446 0001:0002531A   448 0001:00025344
   449 0001:00025351   454 0001:00025358   455 0001:00025364   456 0001:00025376
   457 0001:0002537E   458 0001:00025385   483 0001:0002538C   484 0001:0002539B
   485 0001:000253A9   487 0001:000253AF   488 0001:000253BC   489 0001:000253DB
   490 0001:000253E7   491 0001:00025402   493 0001:0002540C   494 0001:00025414
   620 0001:00025418   621 0001:00025427   622 0001:0002542C   624 0001:00025453
   625 0001:0002547A   626 0001:00025480   627 0001:0002548D   639 0001:00025498
   640 0001:000254A4   641 0001:000254B5

Line numbers for Registry(Registry.pas) segment .itext

  1499 0002:00000444

Line numbers for SqlConst(SqlConst.pas) segment .text

   198 0001:00000000

Line numbers for DBConnAdmin(dbconnadmin.pas) segment .text

   279 0001:00000000

Line numbers for SqlExpr(SqlExpr.pas) segment .text

  1943 0001:0003580C  1944 0001:0003583D  1945 0001:0003584B  1948 0001:00035888
  1949 0001:00035899  1950 0001:000358A4  1951 0001:000358B2  1954 0001:000358C4
  1955 0001:000358CD  1956 0001:000358DD  1959 0001:000358E8  1960 0001:000358F7
  1961 0001:00035913  1964 0001:00035920  1965 0001:00035929  1966 0001:00035939
  1971 0001:00035944  1972 0001:00035963  1973 0001:0003597C  1974 0001:00035982
  1976 0001:00035998  1977 0001:0003599F  1982 0001:000359C4  1983 0001:000359E3
  1984 0001:000359FC  1985 0001:00035A02  1987 0001:00035A18  1988 0001:00035A1F
  1991 0001:00035A44  1992 0001:00035A53  1993 0001:00035A6B  1997 0001:00035A74
  1998 0001:00035A83  1999 0001:00035AA0  2003 0001:00035AA8  2004 0001:00035AB7
  2005 0001:00035AD8  2011 0001:00035AE4  2012 0001:00035AF3  2013 0001:00035B01
  2014 0001:00035B16  2015 0001:00035B40  2016 0001:00035B59  2019 0001:00035B64
  2020 0001:00035B70  2021 0001:00035B84  2024 0001:00035B8C  2025 0001:00035B98
  2026 0001:00035BAC  2029 0001:00035BB4  2030 0001:00035BC0  2031 0001:00035BD4
  2034 0001:00035BDC  2035 0001:00035BE8  2036 0001:00035BFC  2039 0001:00035C04
  2040 0001:00035C10  2041 0001:00035C24  2047 0001:00035C2C  2048 0001:00035C38
  2049 0001:00035C3D  2050 0001:00035C45  2051 0001:00035C59  2053 0001:00035C67
  2054 0001:00035C76  2056 0001:00035C8A  2057 0001:00035C91  2058 0001:00035C9C
  2059 0001:00035CA2  2060 0001:00035CAA  2063 0001:00035CB4  2064 0001:00035CBD
  2065 0001:00035CC5  2205 0001:00035CCC  2206 0001:00035CDD  2207 0001:00035CE6
  2208 0001:00035CF1  2209 0001:00035CFF  2214 0001:00035D14  2215 0001:00035D45
  2216 0001:00035D53  2219 0001:00035D90  2220 0001:00035DA1  2221 0001:00035DAC
  2222 0001:00035DBA  2227 0001:00035DCC  2228 0001:00035DDB  2229 0001:00035DF3
  2234 0001:00035DFC  2235 0001:00035E0B  2236 0001:00035E28  2241 0001:00035E30
  2242 0001:00035E3F  2243 0001:00035E60  2249 0001:00035E6C  2250 0001:00035E7B
  2251 0001:00035E8B  2252 0001:00035EA0  2253 0001:00035ECA  2254 0001:00035EE3
  2267 0001:00035EEC  2268 0001:00035EFD  2270 0001:00035F39  2274 0001:00035F44
  2275 0001:00035F55  2276 0001:00035F7B  2279 0001:00035F88  2280 0001:00035F98
  2281 0001:00035FB1  2286 0001:00035FBC  2287 0001:00035FDB  2288 0001:00035FEF
  2289 0001:00035FF5  2291 0001:0003600B  2292 0001:00036012  2297 0001:00036038
  2298 0001:0003605B  2299 0001:00036073  2300 0001:00036079  2302 0001:0003608F
  2303 0001:00036096  2308 0001:000360BC  2309 0001:000360DB  2310 0001:000360EF
  2311 0001:000360F5  2313 0001:0003610B  2314 0001:00036112  2317 0001:00036138
  2318 0001:00036144  2319 0001:00036158  2322 0001:00036160  2323 0001:00036169
  2324 0001:00036179  2327 0001:00036184  2328 0001:00036190  2329 0001:000361A4
  2332 0001:000361AC  2333 0001:000361B8  2334 0001:000361CC  2340 0001:000361D4
  2341 0001:000361E0  2342 0001:000361E5  2343 0001:000361ED  2344 0001:00036201
  2346 0001:0003620F  2347 0001:0003621E  2349 0001:00036232  2350 0001:00036239
  2351 0001:00036244  2352 0001:0003624A  2353 0001:00036252  2506 0001:0003625C
  2507 0001:0003628D  2508 0001:0003629B  2511 0001:000362D8  2512 0001:000362E9
  2513 0001:000362F4  2514 0001:00036302  2518 0001:00036314  2519 0001:00036323
  2520 0001:0003633B  2524 0001:00036344  2525 0001:00036353  2526 0001:00036370
  2530 0001:00036378  2531 0001:00036387  2532 0001:000363A8  2538 0001:000363B4
  2539 0001:000363C3  2540 0001:000363D3  2541 0001:000363E8  2542 0001:00036412
  2543 0001:0003642B  2549 0001:00036434  2550 0001:00036448  2551 0001:00036453
  2553 0001:00036474  2555 0001:00036489  2556 0001:00036491  2559 0001:00036498
  2560 0001:000364A4  2561 0001:000364B8  2564 0001:000364C0  2565 0001:000364CC
  2566 0001:000364E0  2572 0001:000364E8  2573 0001:000364F4  2574 0001:000364F9
  2575 0001:00036501  2576 0001:00036515  2578 0001:00036523  2579 0001:00036532
  2581 0001:00036546  2582 0001:0003654D  2583 0001:00036558  2584 0001:0003655E
  2585 0001:00036566  2588 0001:00036570  2589 0001:0003657C  2590 0001:00036590
  2595 0001:00036598  2596 0001:000365A8  2597 0001:000365C1  2600 0001:000365CC
  2601 0001:000365DC  2602 0001:000365F5  2607 0001:00036600  2608 0001:00036613
  2609 0001:00036630  2611 0001:00036645  2612 0001:0003664D  2616 0001:00036654
  2617 0001:00036664  2618 0001:00036681  2621 0001:0003668C  2622 0001:0003669C
  2623 0001:000366B5  2627 0001:000366C0  2628 0001:000366D0  2629 0001:000366E9
  2632 0001:000366F4  2633 0001:00036704  2634 0001:0003671D  2637 0001:00036728
  2638 0001:00036738  2639 0001:00036751  2642 0001:0003675C  2643 0001:0003676C
  2644 0001:00036785  2647 0001:00036790  2648 0001:000367A0  2649 0001:000367B9
  2652 0001:000367C4  2653 0001:000367D4  2654 0001:000367ED  2657 0001:000367F8
  2658 0001:00036808  2659 0001:00036821  2662 0001:0003682C  2663 0001:00036835
  2664 0001:00036845  2668 0001:00036850  2669 0001:00036860  2670 0001:0003687D
  2674 0001:00036888  2675 0001:00036898  2676 0001:000368B5  2680 0001:000368C0
  2681 0001:000368D0  2682 0001:000368ED  2686 0001:000368F8  2687 0001:00036908
  2688 0001:00036925  2692 0001:00036930  2693 0001:00036940  2694 0001:0003695D
  2698 0001:00036968  2699 0001:00036978  2700 0001:00036995  2704 0001:000369A0
  2705 0001:000369B0  2706 0001:000369CD  2710 0001:000369D8  2711 0001:000369E8
  2712 0001:00036A05  2716 0001:00036A10  2717 0001:00036A20  2718 0001:00036A3D
  2722 0001:00036A48  2723 0001:00036A58  2724 0001:00036A75  2728 0001:00036A80
  2729 0001:00036A90  2730 0001:00036AAD  2734 0001:00036AB8  2735 0001:00036AC8
  2736 0001:00036AE5  2740 0001:00036AF0  2741 0001:00036B00  2742 0001:00036B24
  2997 0001:00036B30  2998 0001:00036B61  2999 0001:00036B6F  3002 0001:00036BAC
  3003 0001:00036BBD  3004 0001:00036BC8  3005 0001:00036BD6  3009 0001:00036BE8
  3010 0001:00036BF7  3011 0001:00036C0F  3015 0001:00036C18  3016 0001:00036C27
  3017 0001:00036C44  3021 0001:00036C4C  3022 0001:00036C5B  3023 0001:00036C7C
  3029 0001:00036C88  3030 0001:00036C97  3031 0001:00036CA7  3032 0001:00036CBC
  3033 0001:00036CE6  3034 0001:00036CFF  3040 0001:00036D08  3041 0001:00036D2B
  3042 0001:00036D48  3043 0001:00036D4E  3045 0001:00036D64  3046 0001:00036D6B
  3052 0001:00036D94  3053 0001:00036DB7  3054 0001:00036DD8  3055 0001:00036DDE
  3057 0001:00036DF4  3058 0001:00036DFB  3064 0001:00036E24  3065 0001:00036E47
  3066 0001:00036E68  3067 0001:00036E6E  3069 0001:00036E84  3070 0001:00036E8B
  3076 0001:00036EB4  3077 0001:00036ED7  3078 0001:00036EFC  3079 0001:00036F02
  3081 0001:00036F18  3082 0001:00036F1F  3088 0001:00036F48  3089 0001:00036F6B
  3090 0001:00036F8C  3091 0001:00036F92  3093 0001:00036FA8  3094 0001:00036FAF
  3100 0001:00036FD8  3101 0001:00036FFB  3102 0001:0003701C  3103 0001:00037022
  3105 0001:00037038  3106 0001:0003703F  3109 0001:00037068  3110 0001:00037074
  3111 0001:00037088  3114 0001:00037090  3115 0001:0003709C  3116 0001:000370B0
  3122 0001:000370B8  3123 0001:000370C4  3124 0001:000370C9  3125 0001:000370D1
  3126 0001:000370E5  3128 0001:000370F3  3129 0001:00037102  3131 0001:00037116
  3132 0001:0003711D  3133 0001:00037128  3134 0001:0003712E  3135 0001:00037136
  3299 0001:00037140  3300 0001:00037149  3301 0001:00037154  3304 0001:0003715C
  3305 0001:00037168  3306 0001:0003717B  3309 0001:00037180  3310 0001:00037189
  3311 0001:00037197  3314 0001:000371A0  3315 0001:000371A9  3316 0001:000371B7
  3319 0001:000371C0  3320 0001:000371C9  3321 0001:000371D7  3324 0001:000371E0
  3325 0001:000371E9  3326 0001:000371F7  3329 0001:00037200  3330 0001:00037209
  3331 0001:00037217  3334 0001:00037220  3335 0001:00037229  3336 0001:00037235
  3339 0001:0003723C  3340 0001:00037245  3341 0001:00037253  3344 0001:0003725C
  3345 0001:00037265  3346 0001:00037271  3349 0001:00037278  3350 0001:00037281
  3351 0001:0003728D  3354 0001:00037294  3355 0001:0003729D  3356 0001:000372AB
  3359 0001:000372B4  3360 0001:000372C1  3361 0001:000372CC  3364 0001:000372D0
  3365 0001:000372F2  3366 0001:0003730C  3369 0001:00037330  3370 0001:0003733D
  3371 0001:0003734B  3374 0001:00037350  3375 0001:0003735D  3376 0001:0003736B
  3379 0001:00037370  3380 0001:0003737D  3381 0001:0003738B  3384 0001:00037390
  3385 0001:0003739D  3386 0001:000373AB  3389 0001:000373B0  3390 0001:000373BD
  3391 0001:000373CB  3394 0001:000373D0  3395 0001:000373DC  3396 0001:000373E8
  3399 0001:000373EC  3400 0001:000373F9  3401 0001:00037407  3404 0001:0003740C
  3405 0001:00037418  3406 0001:00037424  3409 0001:00037428  3410 0001:00037434
  3411 0001:00037440  3414 0001:00037444  3415 0001:00037451  3416 0001:0003745F
  8141 0001:0003749C  8142 0001:000374A3  8143 0001:000374B1  8144 0001:000374C0

Line numbers for SqlExpr(SqlExpr.pas) segment .itext

  8147 0002:0000049C

Bound resource files

dbxoodbc.res
C:\TEMP\dtf31B.tmp


Program entry point at 0002:00000528
